ARM GAS  C:\Users\labadmin\AppData\Local\Temp\cclsiJVv.s 			page 1


   1              		.syntax unified
   2              		.cpu cortex-m3
   3              		.fpu softvfp
   4              		.eabi_attribute 20, 1
   5              		.eabi_attribute 21, 1
   6              		.eabi_attribute 23, 3
   7              		.eabi_attribute 24, 1
   8              		.eabi_attribute 25, 1
   9              		.eabi_attribute 26, 1
  10              		.eabi_attribute 30, 4
  11              		.eabi_attribute 34, 1
  12              		.eabi_attribute 18, 4
  13              		.thumb
  14              		.file	"cyfitter_cfg.c"
  15              		.text
  16              	.Ltext0:
  17              		.cfi_sections	.debug_frame
  18              		.section	.text.SetAnalogRoutingPumps,"ax",%progbits
  19              		.align	1
  20              		.global	SetAnalogRoutingPumps
  21              		.thumb
  22              		.thumb_func
  23              		.type	SetAnalogRoutingPumps, %function
  24              	SetAnalogRoutingPumps:
  25              	.LFB6:
  26              		.file 1 "Generated_Source\\PSoC5\\cyfitter_cfg.c"
   1:Generated_Source\PSoC5/cyfitter_cfg.c **** /*******************************************************************************
   2:Generated_Source\PSoC5/cyfitter_cfg.c **** * File Name: cyfitter_cfg.c
   3:Generated_Source\PSoC5/cyfitter_cfg.c **** * 
   4:Generated_Source\PSoC5/cyfitter_cfg.c **** * PSoC Creator  4.0
   5:Generated_Source\PSoC5/cyfitter_cfg.c **** *
   6:Generated_Source\PSoC5/cyfitter_cfg.c **** * Description:
   7:Generated_Source\PSoC5/cyfitter_cfg.c **** * This file contains device initialization code.
   8:Generated_Source\PSoC5/cyfitter_cfg.c **** * Except for the user defined sections in CyClockStartupError(), this file should not be modified.
   9:Generated_Source\PSoC5/cyfitter_cfg.c **** * This file is automatically generated by PSoC Creator.
  10:Generated_Source\PSoC5/cyfitter_cfg.c **** *
  11:Generated_Source\PSoC5/cyfitter_cfg.c **** ********************************************************************************
  12:Generated_Source\PSoC5/cyfitter_cfg.c **** * Copyright (c) 2007-2016 Cypress Semiconductor.  All rights reserved.
  13:Generated_Source\PSoC5/cyfitter_cfg.c **** * You may use this file only in accordance with the license, terms, conditions, 
  14:Generated_Source\PSoC5/cyfitter_cfg.c **** * disclaimers, and limitations in the end user license agreement accompanying 
  15:Generated_Source\PSoC5/cyfitter_cfg.c **** * the software package with which this file was provided.
  16:Generated_Source\PSoC5/cyfitter_cfg.c **** ********************************************************************************/
  17:Generated_Source\PSoC5/cyfitter_cfg.c **** 
  18:Generated_Source\PSoC5/cyfitter_cfg.c **** #include <string.h>
  19:Generated_Source\PSoC5/cyfitter_cfg.c **** #include "cytypes.h"
  20:Generated_Source\PSoC5/cyfitter_cfg.c **** #include "cydevice_trm.h"
  21:Generated_Source\PSoC5/cyfitter_cfg.c **** #include "cyfitter.h"
  22:Generated_Source\PSoC5/cyfitter_cfg.c **** #include "CyLib.h"
  23:Generated_Source\PSoC5/cyfitter_cfg.c **** #include "cyfitter_cfg.h"
  24:Generated_Source\PSoC5/cyfitter_cfg.c **** #include "cyapicallbacks.h"
  25:Generated_Source\PSoC5/cyfitter_cfg.c **** 
  26:Generated_Source\PSoC5/cyfitter_cfg.c **** #define CY_NEED_CYCLOCKSTARTUPERROR 1
  27:Generated_Source\PSoC5/cyfitter_cfg.c **** 
  28:Generated_Source\PSoC5/cyfitter_cfg.c **** 
  29:Generated_Source\PSoC5/cyfitter_cfg.c **** #if defined(__GNUC__) || defined(__ARMCC_VERSION)
  30:Generated_Source\PSoC5/cyfitter_cfg.c ****     #define CYPACKED 
  31:Generated_Source\PSoC5/cyfitter_cfg.c ****     #define CYPACKED_ATTR __attribute__ ((packed))
ARM GAS  C:\Users\labadmin\AppData\Local\Temp\cclsiJVv.s 			page 2


  32:Generated_Source\PSoC5/cyfitter_cfg.c ****     #define CYALIGNED __attribute__ ((aligned))
  33:Generated_Source\PSoC5/cyfitter_cfg.c ****     #define CY_CFG_UNUSED __attribute__ ((unused))
  34:Generated_Source\PSoC5/cyfitter_cfg.c ****     #ifndef CY_CFG_SECTION
  35:Generated_Source\PSoC5/cyfitter_cfg.c ****         #define CY_CFG_SECTION __attribute__ ((section(".psocinit")))
  36:Generated_Source\PSoC5/cyfitter_cfg.c ****     #endif
  37:Generated_Source\PSoC5/cyfitter_cfg.c ****     
  38:Generated_Source\PSoC5/cyfitter_cfg.c ****     #if defined(__ARMCC_VERSION)
  39:Generated_Source\PSoC5/cyfitter_cfg.c ****         #define CY_CFG_MEMORY_BARRIER() __memory_changed()
  40:Generated_Source\PSoC5/cyfitter_cfg.c ****     #else
  41:Generated_Source\PSoC5/cyfitter_cfg.c ****         #define CY_CFG_MEMORY_BARRIER() __sync_synchronize()
  42:Generated_Source\PSoC5/cyfitter_cfg.c ****     #endif
  43:Generated_Source\PSoC5/cyfitter_cfg.c ****     
  44:Generated_Source\PSoC5/cyfitter_cfg.c **** #elif defined(__ICCARM__)
  45:Generated_Source\PSoC5/cyfitter_cfg.c ****     #include <intrinsics.h>
  46:Generated_Source\PSoC5/cyfitter_cfg.c **** 
  47:Generated_Source\PSoC5/cyfitter_cfg.c ****     #define CYPACKED __packed
  48:Generated_Source\PSoC5/cyfitter_cfg.c ****     #define CYPACKED_ATTR 
  49:Generated_Source\PSoC5/cyfitter_cfg.c ****     #define CYALIGNED _Pragma("data_alignment=4")
  50:Generated_Source\PSoC5/cyfitter_cfg.c ****     #define CY_CFG_UNUSED _Pragma("diag_suppress=Pe177")
  51:Generated_Source\PSoC5/cyfitter_cfg.c ****     #define CY_CFG_SECTION _Pragma("location=\".psocinit\"")
  52:Generated_Source\PSoC5/cyfitter_cfg.c ****     
  53:Generated_Source\PSoC5/cyfitter_cfg.c ****     #define CY_CFG_MEMORY_BARRIER() __DMB()
  54:Generated_Source\PSoC5/cyfitter_cfg.c ****     
  55:Generated_Source\PSoC5/cyfitter_cfg.c **** #else
  56:Generated_Source\PSoC5/cyfitter_cfg.c ****     #error Unsupported toolchain
  57:Generated_Source\PSoC5/cyfitter_cfg.c **** #endif
  58:Generated_Source\PSoC5/cyfitter_cfg.c **** 
  59:Generated_Source\PSoC5/cyfitter_cfg.c **** 
  60:Generated_Source\PSoC5/cyfitter_cfg.c **** CY_CFG_UNUSED
  61:Generated_Source\PSoC5/cyfitter_cfg.c **** static void CYMEMZERO(void *s, size_t n);
  62:Generated_Source\PSoC5/cyfitter_cfg.c **** CY_CFG_UNUSED
  63:Generated_Source\PSoC5/cyfitter_cfg.c **** static void CYMEMZERO(void *s, size_t n)
  64:Generated_Source\PSoC5/cyfitter_cfg.c **** {
  65:Generated_Source\PSoC5/cyfitter_cfg.c **** 	(void)memset(s, 0, n);
  66:Generated_Source\PSoC5/cyfitter_cfg.c **** }
  67:Generated_Source\PSoC5/cyfitter_cfg.c **** CY_CFG_UNUSED
  68:Generated_Source\PSoC5/cyfitter_cfg.c **** static void CYCONFIGCPY(void *dest, const void *src, size_t n);
  69:Generated_Source\PSoC5/cyfitter_cfg.c **** CY_CFG_UNUSED
  70:Generated_Source\PSoC5/cyfitter_cfg.c **** static void CYCONFIGCPY(void *dest, const void *src, size_t n)
  71:Generated_Source\PSoC5/cyfitter_cfg.c **** {
  72:Generated_Source\PSoC5/cyfitter_cfg.c **** 	(void)memcpy(dest, src, n);
  73:Generated_Source\PSoC5/cyfitter_cfg.c **** }
  74:Generated_Source\PSoC5/cyfitter_cfg.c **** CY_CFG_UNUSED
  75:Generated_Source\PSoC5/cyfitter_cfg.c **** static void CYCONFIGCPYCODE(void *dest, const void *src, size_t n);
  76:Generated_Source\PSoC5/cyfitter_cfg.c **** CY_CFG_UNUSED
  77:Generated_Source\PSoC5/cyfitter_cfg.c **** static void CYCONFIGCPYCODE(void *dest, const void *src, size_t n)
  78:Generated_Source\PSoC5/cyfitter_cfg.c **** {
  79:Generated_Source\PSoC5/cyfitter_cfg.c **** 	(void)memcpy(dest, src, n);
  80:Generated_Source\PSoC5/cyfitter_cfg.c **** }
  81:Generated_Source\PSoC5/cyfitter_cfg.c **** 
  82:Generated_Source\PSoC5/cyfitter_cfg.c **** 
  83:Generated_Source\PSoC5/cyfitter_cfg.c **** 
  84:Generated_Source\PSoC5/cyfitter_cfg.c **** 
  85:Generated_Source\PSoC5/cyfitter_cfg.c **** /* Clock startup error codes                                                   */
  86:Generated_Source\PSoC5/cyfitter_cfg.c **** #define CYCLOCKSTART_NO_ERROR    0u
  87:Generated_Source\PSoC5/cyfitter_cfg.c **** #define CYCLOCKSTART_XTAL_ERROR  1u
  88:Generated_Source\PSoC5/cyfitter_cfg.c **** #define CYCLOCKSTART_32KHZ_ERROR 2u
ARM GAS  C:\Users\labadmin\AppData\Local\Temp\cclsiJVv.s 			page 3


  89:Generated_Source\PSoC5/cyfitter_cfg.c **** #define CYCLOCKSTART_PLL_ERROR   3u
  90:Generated_Source\PSoC5/cyfitter_cfg.c **** 
  91:Generated_Source\PSoC5/cyfitter_cfg.c **** 
  92:Generated_Source\PSoC5/cyfitter_cfg.c **** #ifdef CY_NEED_CYCLOCKSTARTUPERROR
  93:Generated_Source\PSoC5/cyfitter_cfg.c **** /*******************************************************************************
  94:Generated_Source\PSoC5/cyfitter_cfg.c **** * Function Name: CyClockStartupError
  95:Generated_Source\PSoC5/cyfitter_cfg.c **** ********************************************************************************
  96:Generated_Source\PSoC5/cyfitter_cfg.c **** * Summary:
  97:Generated_Source\PSoC5/cyfitter_cfg.c **** *  If an error is encountered during clock configuration (crystal startup error,
  98:Generated_Source\PSoC5/cyfitter_cfg.c **** *  PLL lock error, etc.), the system will end up here.  Unless reimplemented by
  99:Generated_Source\PSoC5/cyfitter_cfg.c **** *  the customer, this function will stop in an infinite loop.
 100:Generated_Source\PSoC5/cyfitter_cfg.c **** *
 101:Generated_Source\PSoC5/cyfitter_cfg.c **** * Parameters:
 102:Generated_Source\PSoC5/cyfitter_cfg.c **** *   void
 103:Generated_Source\PSoC5/cyfitter_cfg.c **** *
 104:Generated_Source\PSoC5/cyfitter_cfg.c **** * Return:
 105:Generated_Source\PSoC5/cyfitter_cfg.c **** *   void
 106:Generated_Source\PSoC5/cyfitter_cfg.c **** *
 107:Generated_Source\PSoC5/cyfitter_cfg.c **** *******************************************************************************/
 108:Generated_Source\PSoC5/cyfitter_cfg.c **** CY_CFG_UNUSED
 109:Generated_Source\PSoC5/cyfitter_cfg.c **** static void CyClockStartupError(uint8 errorCode);
 110:Generated_Source\PSoC5/cyfitter_cfg.c **** CY_CFG_UNUSED
 111:Generated_Source\PSoC5/cyfitter_cfg.c **** static void CyClockStartupError(uint8 errorCode)
 112:Generated_Source\PSoC5/cyfitter_cfg.c **** {
 113:Generated_Source\PSoC5/cyfitter_cfg.c ****     /* To remove the compiler warning if errorCode not used.                */
 114:Generated_Source\PSoC5/cyfitter_cfg.c ****     errorCode = errorCode;
 115:Generated_Source\PSoC5/cyfitter_cfg.c **** 
 116:Generated_Source\PSoC5/cyfitter_cfg.c ****     /* If we have a clock startup error (bad MHz crystal, PLL lock, etc.),  */
 117:Generated_Source\PSoC5/cyfitter_cfg.c ****     /* we will end up here to allow the customer to implement something to  */
 118:Generated_Source\PSoC5/cyfitter_cfg.c ****     /* deal with the clock condition.                                       */
 119:Generated_Source\PSoC5/cyfitter_cfg.c **** 
 120:Generated_Source\PSoC5/cyfitter_cfg.c **** #ifdef CY_CFG_CLOCK_STARTUP_ERROR_CALLBACK
 121:Generated_Source\PSoC5/cyfitter_cfg.c **** 	CY_CFG_Clock_Startup_ErrorCallback();
 122:Generated_Source\PSoC5/cyfitter_cfg.c **** #else
 123:Generated_Source\PSoC5/cyfitter_cfg.c **** 	/*  If not using CY_CFG_CLOCK_STARTUP_ERROR_CALLBACK, place your clock startup code here. */
 124:Generated_Source\PSoC5/cyfitter_cfg.c ****     /* `#START CyClockStartupError` */
 125:Generated_Source\PSoC5/cyfitter_cfg.c **** 
 126:Generated_Source\PSoC5/cyfitter_cfg.c **** 
 127:Generated_Source\PSoC5/cyfitter_cfg.c **** 
 128:Generated_Source\PSoC5/cyfitter_cfg.c ****     /* `#END` */
 129:Generated_Source\PSoC5/cyfitter_cfg.c **** 
 130:Generated_Source\PSoC5/cyfitter_cfg.c ****     /* If nothing else, stop here since the clocks have not started         */
 131:Generated_Source\PSoC5/cyfitter_cfg.c ****     /* correctly.                                                           */
 132:Generated_Source\PSoC5/cyfitter_cfg.c ****     while(1) {}
 133:Generated_Source\PSoC5/cyfitter_cfg.c **** #endif /* CY_CFG_CLOCK_STARTUP_ERROR_CALLBACK */ 
 134:Generated_Source\PSoC5/cyfitter_cfg.c **** }
 135:Generated_Source\PSoC5/cyfitter_cfg.c **** #endif
 136:Generated_Source\PSoC5/cyfitter_cfg.c **** 
 137:Generated_Source\PSoC5/cyfitter_cfg.c **** /* IOPINS0_0 Address: CYREG_PRT0_DM0 Size (bytes): 8 */
 138:Generated_Source\PSoC5/cyfitter_cfg.c **** #define BS_IOPINS0_0_VAL ((const uint8 CYFAR *)0x48000000u)
 139:Generated_Source\PSoC5/cyfitter_cfg.c **** 
 140:Generated_Source\PSoC5/cyfitter_cfg.c **** /* IOPINS0_1 Address: CYREG_PRT1_DM0 Size (bytes): 8 */
 141:Generated_Source\PSoC5/cyfitter_cfg.c **** #define BS_IOPINS0_1_VAL ((const uint8 CYFAR *)0x48000008u)
 142:Generated_Source\PSoC5/cyfitter_cfg.c **** 
 143:Generated_Source\PSoC5/cyfitter_cfg.c **** /* IOPINS0_2 Address: CYREG_PRT2_DM0 Size (bytes): 8 */
 144:Generated_Source\PSoC5/cyfitter_cfg.c **** #define BS_IOPINS0_2_VAL ((const uint8 CYFAR *)0x48000010u)
 145:Generated_Source\PSoC5/cyfitter_cfg.c **** 
ARM GAS  C:\Users\labadmin\AppData\Local\Temp\cclsiJVv.s 			page 4


 146:Generated_Source\PSoC5/cyfitter_cfg.c **** 
 147:Generated_Source\PSoC5/cyfitter_cfg.c **** /*******************************************************************************
 148:Generated_Source\PSoC5/cyfitter_cfg.c **** * Function Name: ClockSetup
 149:Generated_Source\PSoC5/cyfitter_cfg.c **** ********************************************************************************
 150:Generated_Source\PSoC5/cyfitter_cfg.c **** *
 151:Generated_Source\PSoC5/cyfitter_cfg.c **** * Summary:
 152:Generated_Source\PSoC5/cyfitter_cfg.c **** *  Performs the initialization of all of the clocks in the device based on the
 153:Generated_Source\PSoC5/cyfitter_cfg.c **** *  settings in the Clock tab of the DWR.  This includes enabling the requested
 154:Generated_Source\PSoC5/cyfitter_cfg.c **** *  clocks and setting the necessary dividers to produce the desired frequency. 
 155:Generated_Source\PSoC5/cyfitter_cfg.c **** *
 156:Generated_Source\PSoC5/cyfitter_cfg.c **** * Parameters:
 157:Generated_Source\PSoC5/cyfitter_cfg.c **** *  void
 158:Generated_Source\PSoC5/cyfitter_cfg.c **** *
 159:Generated_Source\PSoC5/cyfitter_cfg.c **** * Return:
 160:Generated_Source\PSoC5/cyfitter_cfg.c **** *  void
 161:Generated_Source\PSoC5/cyfitter_cfg.c **** *
 162:Generated_Source\PSoC5/cyfitter_cfg.c **** *******************************************************************************/
 163:Generated_Source\PSoC5/cyfitter_cfg.c **** static void ClockSetup(void);
 164:Generated_Source\PSoC5/cyfitter_cfg.c **** static void ClockSetup(void)
 165:Generated_Source\PSoC5/cyfitter_cfg.c **** {
 166:Generated_Source\PSoC5/cyfitter_cfg.c **** 	uint32 timeout;
 167:Generated_Source\PSoC5/cyfitter_cfg.c **** 	uint8 pllLock;
 168:Generated_Source\PSoC5/cyfitter_cfg.c **** 
 169:Generated_Source\PSoC5/cyfitter_cfg.c **** 
 170:Generated_Source\PSoC5/cyfitter_cfg.c **** 	/* Configure ILO based on settings from Clock DWR */
 171:Generated_Source\PSoC5/cyfitter_cfg.c **** 	CY_SET_XTND_REG8((void CYFAR *)(CYREG_SLOWCLK_ILO_CR0), 0x02u);
 172:Generated_Source\PSoC5/cyfitter_cfg.c **** 	CY_SET_XTND_REG8((void CYFAR *)(CYREG_CLKDIST_CR), 0x08u);
 173:Generated_Source\PSoC5/cyfitter_cfg.c **** 
 174:Generated_Source\PSoC5/cyfitter_cfg.c **** 	/* Configure IMO based on settings from Clock DWR */
 175:Generated_Source\PSoC5/cyfitter_cfg.c **** 	CY_SET_XTND_REG8((void CYFAR *)(CYREG_FASTCLK_IMO_CR), 0x03u);
 176:Generated_Source\PSoC5/cyfitter_cfg.c **** 	CY_SET_XTND_REG8((void CYFAR *)(CYREG_IMO_TR1), (CY_GET_XTND_REG8((void CYFAR *)CYREG_FLSHID_CUST_
 177:Generated_Source\PSoC5/cyfitter_cfg.c **** 
 178:Generated_Source\PSoC5/cyfitter_cfg.c **** 	/* Configure PLL based on settings from Clock DWR */
 179:Generated_Source\PSoC5/cyfitter_cfg.c **** 	CY_SET_XTND_REG16((void CYFAR *)(CYREG_FASTCLK_PLL_P), 0x0008u);
 180:Generated_Source\PSoC5/cyfitter_cfg.c **** 	CY_SET_XTND_REG16((void CYFAR *)(CYREG_FASTCLK_PLL_CFG0), 0x1251u);
 181:Generated_Source\PSoC5/cyfitter_cfg.c **** 	/* Wait up to 250us for the PLL to lock */
 182:Generated_Source\PSoC5/cyfitter_cfg.c **** 	pllLock = 0u;
 183:Generated_Source\PSoC5/cyfitter_cfg.c **** 	for (timeout = 250u / 10u; (timeout > 0u) && (pllLock != 0x03u); timeout--)
 184:Generated_Source\PSoC5/cyfitter_cfg.c **** 	{ 
 185:Generated_Source\PSoC5/cyfitter_cfg.c **** 		pllLock = 0x03u & ((uint8)((uint8)pllLock << 1) | ((CY_GET_XTND_REG8((void CYFAR *)CYREG_FASTCLK_
 186:Generated_Source\PSoC5/cyfitter_cfg.c **** 		CyDelayCycles(10u * 12u); /* Delay 10us based on 12MHz clock */
 187:Generated_Source\PSoC5/cyfitter_cfg.c **** 	}
 188:Generated_Source\PSoC5/cyfitter_cfg.c **** 	/* If we ran out of time the PLL didn't lock so go to the error function */
 189:Generated_Source\PSoC5/cyfitter_cfg.c **** 	if (timeout == 0u)
 190:Generated_Source\PSoC5/cyfitter_cfg.c **** 	{
 191:Generated_Source\PSoC5/cyfitter_cfg.c **** 		CyClockStartupError(CYCLOCKSTART_PLL_ERROR);
 192:Generated_Source\PSoC5/cyfitter_cfg.c **** 	}
 193:Generated_Source\PSoC5/cyfitter_cfg.c **** 
 194:Generated_Source\PSoC5/cyfitter_cfg.c **** 	/* Configure Bus/Master Clock based on settings from Clock DWR */
 195:Generated_Source\PSoC5/cyfitter_cfg.c **** 	CY_SET_XTND_REG16((void CYFAR *)(CYREG_CLKDIST_MSTR0), 0x0100u);
 196:Generated_Source\PSoC5/cyfitter_cfg.c **** 	CY_SET_XTND_REG8((void CYFAR *)(CYREG_CLKDIST_MSTR0), 0x07u);
 197:Generated_Source\PSoC5/cyfitter_cfg.c **** 	CY_SET_XTND_REG8((void CYFAR *)(CYREG_CLKDIST_BCFG0), 0x00u);
 198:Generated_Source\PSoC5/cyfitter_cfg.c **** 	CY_SET_XTND_REG8((void CYFAR *)(CYREG_CLKDIST_BCFG2), 0x48u);
 199:Generated_Source\PSoC5/cyfitter_cfg.c **** 	CY_SET_XTND_REG8((void CYFAR *)(CYREG_CLKDIST_MSTR0), 0x00u);
 200:Generated_Source\PSoC5/cyfitter_cfg.c **** 	CY_SET_XTND_REG8((void CYFAR *)(CYREG_CLKDIST_LD), 0x02u);
 201:Generated_Source\PSoC5/cyfitter_cfg.c **** }
 202:Generated_Source\PSoC5/cyfitter_cfg.c **** 
ARM GAS  C:\Users\labadmin\AppData\Local\Temp\cclsiJVv.s 			page 5


 203:Generated_Source\PSoC5/cyfitter_cfg.c **** 
 204:Generated_Source\PSoC5/cyfitter_cfg.c **** /* Analog API Functions */
 205:Generated_Source\PSoC5/cyfitter_cfg.c **** 
 206:Generated_Source\PSoC5/cyfitter_cfg.c **** 
 207:Generated_Source\PSoC5/cyfitter_cfg.c **** /*******************************************************************************
 208:Generated_Source\PSoC5/cyfitter_cfg.c **** * Function Name: AnalogSetDefault
 209:Generated_Source\PSoC5/cyfitter_cfg.c **** ********************************************************************************
 210:Generated_Source\PSoC5/cyfitter_cfg.c **** *
 211:Generated_Source\PSoC5/cyfitter_cfg.c **** * Summary:
 212:Generated_Source\PSoC5/cyfitter_cfg.c **** *  Sets up the analog portions of the chip to default values based on chip
 213:Generated_Source\PSoC5/cyfitter_cfg.c **** *  configuration options from the project.
 214:Generated_Source\PSoC5/cyfitter_cfg.c **** *
 215:Generated_Source\PSoC5/cyfitter_cfg.c **** * Parameters:
 216:Generated_Source\PSoC5/cyfitter_cfg.c **** *  void
 217:Generated_Source\PSoC5/cyfitter_cfg.c **** *
 218:Generated_Source\PSoC5/cyfitter_cfg.c **** * Return:
 219:Generated_Source\PSoC5/cyfitter_cfg.c **** *  void
 220:Generated_Source\PSoC5/cyfitter_cfg.c **** *
 221:Generated_Source\PSoC5/cyfitter_cfg.c **** *******************************************************************************/
 222:Generated_Source\PSoC5/cyfitter_cfg.c **** static void AnalogSetDefault(void);
 223:Generated_Source\PSoC5/cyfitter_cfg.c **** static void AnalogSetDefault(void)
 224:Generated_Source\PSoC5/cyfitter_cfg.c **** {
 225:Generated_Source\PSoC5/cyfitter_cfg.c **** 	uint8 bg_xover_inl_trim = CY_GET_XTND_REG8((void CYFAR *)(CYREG_FLSHID_MFG_CFG_BG_XOVER_INL_TRIM +
 226:Generated_Source\PSoC5/cyfitter_cfg.c **** 	CY_SET_XTND_REG8((void CYFAR *)(CYREG_BG_DFT0), (bg_xover_inl_trim & 0x07u));
 227:Generated_Source\PSoC5/cyfitter_cfg.c **** 	CY_SET_XTND_REG8((void CYFAR *)(CYREG_BG_DFT1), ((bg_xover_inl_trim >> 4) & 0x0Fu));
 228:Generated_Source\PSoC5/cyfitter_cfg.c **** 	CY_SET_XTND_REG8((void CYFAR *)CYREG_PRT0_AG, 0x10u);
 229:Generated_Source\PSoC5/cyfitter_cfg.c **** 	CY_SET_XTND_REG8((void CYFAR *)CYREG_DAC2_SW0, 0x10u);
 230:Generated_Source\PSoC5/cyfitter_cfg.c **** 	CY_SET_XTND_REG8((void CYFAR *)CYREG_PUMP_CR0, 0x44u);
 231:Generated_Source\PSoC5/cyfitter_cfg.c **** }
 232:Generated_Source\PSoC5/cyfitter_cfg.c **** 
 233:Generated_Source\PSoC5/cyfitter_cfg.c **** 
 234:Generated_Source\PSoC5/cyfitter_cfg.c **** /*******************************************************************************
 235:Generated_Source\PSoC5/cyfitter_cfg.c **** * Function Name: SetAnalogRoutingPumps
 236:Generated_Source\PSoC5/cyfitter_cfg.c **** ********************************************************************************
 237:Generated_Source\PSoC5/cyfitter_cfg.c **** *
 238:Generated_Source\PSoC5/cyfitter_cfg.c **** * Summary:
 239:Generated_Source\PSoC5/cyfitter_cfg.c **** * Enables or disables the analog pumps feeding analog routing switches.
 240:Generated_Source\PSoC5/cyfitter_cfg.c **** * Intended to be called at startup, based on the Vdda system configuration;
 241:Generated_Source\PSoC5/cyfitter_cfg.c **** * may be called during operation when the user informs us that the Vdda voltage
 242:Generated_Source\PSoC5/cyfitter_cfg.c **** * crossed the pump threshold.
 243:Generated_Source\PSoC5/cyfitter_cfg.c **** *
 244:Generated_Source\PSoC5/cyfitter_cfg.c **** * Parameters:
 245:Generated_Source\PSoC5/cyfitter_cfg.c **** *  enabled - 1 to enable the pumps, 0 to disable the pumps
 246:Generated_Source\PSoC5/cyfitter_cfg.c **** *
 247:Generated_Source\PSoC5/cyfitter_cfg.c **** * Return:
 248:Generated_Source\PSoC5/cyfitter_cfg.c **** *  void
 249:Generated_Source\PSoC5/cyfitter_cfg.c **** *
 250:Generated_Source\PSoC5/cyfitter_cfg.c **** *******************************************************************************/
 251:Generated_Source\PSoC5/cyfitter_cfg.c **** void SetAnalogRoutingPumps(uint8 enabled)
 252:Generated_Source\PSoC5/cyfitter_cfg.c **** {
  27              		.loc 1 252 0
  28              		.cfi_startproc
  29              		@ args = 0, pretend = 0, frame = 0
  30              		@ frame_needed = 0, uses_anonymous_args = 0
  31              		@ link register save eliminated.
  32              	.LVL0:
 253:Generated_Source\PSoC5/cyfitter_cfg.c **** 	uint8 regValue = CY_GET_XTND_REG8((void CYFAR *)CYREG_PUMP_CR0);
ARM GAS  C:\Users\labadmin\AppData\Local\Temp\cclsiJVv.s 			page 6


  33              		.loc 1 253 0
  34 0000 054A     		ldr	r2, .L5
  35 0002 1378     		ldrb	r3, [r2]	@ zero_extendqisi2
  36 0004 DBB2     		uxtb	r3, r3
  37              	.LVL1:
 254:Generated_Source\PSoC5/cyfitter_cfg.c **** 	if (enabled != 0u)
  38              		.loc 1 254 0
  39 0006 10B1     		cbz	r0, .L2
 255:Generated_Source\PSoC5/cyfitter_cfg.c **** 	{
 256:Generated_Source\PSoC5/cyfitter_cfg.c **** 		regValue |= 0x22u;
  40              		.loc 1 256 0
  41 0008 43F02203 		orr	r3, r3, #34
  42              	.LVL2:
  43 000c 01E0     		b	.L3
  44              	.L2:
 257:Generated_Source\PSoC5/cyfitter_cfg.c **** 	}
 258:Generated_Source\PSoC5/cyfitter_cfg.c **** 	else
 259:Generated_Source\PSoC5/cyfitter_cfg.c **** 	{
 260:Generated_Source\PSoC5/cyfitter_cfg.c **** 		regValue &= (uint8)~0x22u;
  45              		.loc 1 260 0
  46 000e 03F0DD03 		and	r3, r3, #221
  47              	.LVL3:
  48              	.L3:
 261:Generated_Source\PSoC5/cyfitter_cfg.c **** 	}
 262:Generated_Source\PSoC5/cyfitter_cfg.c **** 	CY_SET_XTND_REG8((void CYFAR *)CYREG_PUMP_CR0, regValue);
  49              		.loc 1 262 0
  50 0012 1370     		strb	r3, [r2]
  51 0014 7047     		bx	lr
  52              	.L6:
  53 0016 00BF     		.align	2
  54              	.L5:
  55 0018 76580040 		.word	1073764470
  56              		.cfi_endproc
  57              	.LFE6:
  58              		.size	SetAnalogRoutingPumps, .-SetAnalogRoutingPumps
  59              		.section	.text.cyfitter_cfg,"ax",%progbits
  60              		.align	1
  61              		.global	cyfitter_cfg
  62              		.thumb
  63              		.thumb_func
  64              		.type	cyfitter_cfg, %function
  65              	cyfitter_cfg:
  66              	.LFB7:
 263:Generated_Source\PSoC5/cyfitter_cfg.c **** }
 264:Generated_Source\PSoC5/cyfitter_cfg.c **** 
 265:Generated_Source\PSoC5/cyfitter_cfg.c **** #define CY_AMUX_UNUSED CYREG_BOOST_SR
 266:Generated_Source\PSoC5/cyfitter_cfg.c **** 
 267:Generated_Source\PSoC5/cyfitter_cfg.c **** 
 268:Generated_Source\PSoC5/cyfitter_cfg.c **** /*******************************************************************************
 269:Generated_Source\PSoC5/cyfitter_cfg.c **** * Function Name: cyfitter_cfg
 270:Generated_Source\PSoC5/cyfitter_cfg.c **** ********************************************************************************
 271:Generated_Source\PSoC5/cyfitter_cfg.c **** * Summary:
 272:Generated_Source\PSoC5/cyfitter_cfg.c **** *  This function is called by the start-up code for the selected device. It
 273:Generated_Source\PSoC5/cyfitter_cfg.c **** *  performs all of the necessary device configuration based on the design
 274:Generated_Source\PSoC5/cyfitter_cfg.c **** *  settings.  This includes settings from the Design Wide Resources (DWR) such
 275:Generated_Source\PSoC5/cyfitter_cfg.c **** *  as Clocks and Pins as well as any component configuration that is necessary.
 276:Generated_Source\PSoC5/cyfitter_cfg.c **** *
ARM GAS  C:\Users\labadmin\AppData\Local\Temp\cclsiJVv.s 			page 7


 277:Generated_Source\PSoC5/cyfitter_cfg.c **** * Parameters:  
 278:Generated_Source\PSoC5/cyfitter_cfg.c **** *   void
 279:Generated_Source\PSoC5/cyfitter_cfg.c **** *
 280:Generated_Source\PSoC5/cyfitter_cfg.c **** * Return:
 281:Generated_Source\PSoC5/cyfitter_cfg.c **** *   void
 282:Generated_Source\PSoC5/cyfitter_cfg.c **** *
 283:Generated_Source\PSoC5/cyfitter_cfg.c **** *******************************************************************************/
 284:Generated_Source\PSoC5/cyfitter_cfg.c **** 
 285:Generated_Source\PSoC5/cyfitter_cfg.c **** void cyfitter_cfg(void)
 286:Generated_Source\PSoC5/cyfitter_cfg.c **** {
  67              		.loc 1 286 0
  68              		.cfi_startproc
  69              		@ args = 0, pretend = 0, frame = 0
  70              		@ frame_needed = 0, uses_anonymous_args = 0
  71 0000 38B5     		push	{r3, r4, r5, lr}
  72              		.cfi_def_cfa_offset 16
  73              		.cfi_offset 3, -16
  74              		.cfi_offset 4, -12
  75              		.cfi_offset 5, -8
  76              		.cfi_offset 14, -4
 287:Generated_Source\PSoC5/cyfitter_cfg.c **** #ifdef CYGlobalIntDisable
 288:Generated_Source\PSoC5/cyfitter_cfg.c **** 	/* Disable interrupts by default. Let user enable if/when they want. */
 289:Generated_Source\PSoC5/cyfitter_cfg.c **** 	CYGlobalIntDisable
  77              		.loc 1 289 0
  78              	@ 289 "Generated_Source\PSoC5\cyfitter_cfg.c" 1
  79 0002 72B6     		CPSID   i
  80              	@ 0 "" 2
 290:Generated_Source\PSoC5/cyfitter_cfg.c **** #endif
 291:Generated_Source\PSoC5/cyfitter_cfg.c **** 
 292:Generated_Source\PSoC5/cyfitter_cfg.c **** 
 293:Generated_Source\PSoC5/cyfitter_cfg.c **** 	/* Set Flash Cycles based on max possible frequency in case a glitch occurs during ClockSetup(). *
 294:Generated_Source\PSoC5/cyfitter_cfg.c **** 	CY_SET_XTND_REG8((void CYFAR *)(CYREG_CACHE_CC_CTL), (((CYDEV_INSTRUCT_CACHE_ENABLED) != 0) ? 0x01
  81              		.loc 1 294 0
  82              		.thumb
  83 0004 4A4B     		ldr	r3, .L17
  84 0006 0024     		movs	r4, #0
  85 0008 1C70     		strb	r4, [r3]
  86              	.LBB30:
  87              	.LBB31:
 171:Generated_Source\PSoC5/cyfitter_cfg.c **** 	CY_SET_XTND_REG8((void CYFAR *)(CYREG_CLKDIST_CR), 0x08u);
  88              		.loc 1 171 0
  89 000a 0222     		movs	r2, #2
  90 000c A3F5A063 		sub	r3, r3, #1280
  91 0010 1A70     		strb	r2, [r3]
 175:Generated_Source\PSoC5/cyfitter_cfg.c **** 	CY_SET_XTND_REG8((void CYFAR *)(CYREG_IMO_TR1), (CY_GET_XTND_REG8((void CYFAR *)CYREG_FLSHID_CUST_
  92              		.loc 1 175 0
  93 0012 0321     		movs	r1, #3
 172:Generated_Source\PSoC5/cyfitter_cfg.c **** 
  94              		.loc 1 172 0
  95 0014 0822     		movs	r2, #8
  96 0016 4FF04023 		mov	r3, #1073758208
  97 001a 1A70     		strb	r2, [r3]
 175:Generated_Source\PSoC5/cyfitter_cfg.c **** 	CY_SET_XTND_REG8((void CYFAR *)(CYREG_IMO_TR1), (CY_GET_XTND_REG8((void CYFAR *)CYREG_FLSHID_CUST_
  98              		.loc 1 175 0
  99 001c 83F80012 		strb	r1, [r3, #512]
 176:Generated_Source\PSoC5/cyfitter_cfg.c **** 
 100              		.loc 1 176 0
ARM GAS  C:\Users\labadmin\AppData\Local\Temp\cclsiJVv.s 			page 8


 101 0020 444B     		ldr	r3, .L17+4
 102 0022 4549     		ldr	r1, .L17+8
 103 0024 1B78     		ldrb	r3, [r3]	@ zero_extendqisi2
 180:Generated_Source\PSoC5/cyfitter_cfg.c **** 	/* Wait up to 250us for the PLL to lock */
 104              		.loc 1 180 0
 105 0026 1925     		movs	r5, #25
 176:Generated_Source\PSoC5/cyfitter_cfg.c **** 
 106              		.loc 1 176 0
 107 0028 DBB2     		uxtb	r3, r3
 108 002a 0B70     		strb	r3, [r1]
 179:Generated_Source\PSoC5/cyfitter_cfg.c **** 	CY_SET_XTND_REG16((void CYFAR *)(CYREG_FASTCLK_PLL_CFG0), 0x1251u);
 109              		.loc 1 179 0
 110 002c 434B     		ldr	r3, .L17+12
 111 002e 1A80     		strh	r2, [r3]	@ movhi
 180:Generated_Source\PSoC5/cyfitter_cfg.c **** 	/* Wait up to 250us for the PLL to lock */
 112              		.loc 1 180 0
 113 0030 41F25122 		movw	r2, #4689
 114 0034 23F8022C 		strh	r2, [r3, #-2]	@ movhi
 115              	.LVL4:
 116              	.L9:
 185:Generated_Source\PSoC5/cyfitter_cfg.c **** 		CyDelayCycles(10u * 12u); /* Delay 10us based on 12MHz clock */
 117              		.loc 1 185 0
 118 0038 414B     		ldr	r3, .L17+16
 186:Generated_Source\PSoC5/cyfitter_cfg.c **** 	}
 119              		.loc 1 186 0
 120 003a 7820     		movs	r0, #120
 185:Generated_Source\PSoC5/cyfitter_cfg.c **** 		CyDelayCycles(10u * 12u); /* Delay 10us based on 12MHz clock */
 121              		.loc 1 185 0
 122 003c 1B78     		ldrb	r3, [r3]	@ zero_extendqisi2
 123 003e 03F00103 		and	r3, r3, #1
 124 0042 43EA4404 		orr	r4, r3, r4, lsl #1
 125              	.LVL5:
 186:Generated_Source\PSoC5/cyfitter_cfg.c **** 	}
 126              		.loc 1 186 0
 127 0046 FFF7FEFF 		bl	CyDelayCycles
 128              	.LVL6:
 183:Generated_Source\PSoC5/cyfitter_cfg.c **** 	{ 
 129              		.loc 1 183 0
 130 004a 013D     		subs	r5, r5, #1
 131              	.LVL7:
 185:Generated_Source\PSoC5/cyfitter_cfg.c **** 		CyDelayCycles(10u * 12u); /* Delay 10us based on 12MHz clock */
 132              		.loc 1 185 0
 133 004c 04F00304 		and	r4, r4, #3
 134              	.LVL8:
 183:Generated_Source\PSoC5/cyfitter_cfg.c **** 	{ 
 135              		.loc 1 183 0
 136 0050 19D0     		beq	.L8
 137              	.LVL9:
 138 0052 032C     		cmp	r4, #3
 139 0054 F0D1     		bne	.L9
 195:Generated_Source\PSoC5/cyfitter_cfg.c **** 	CY_SET_XTND_REG8((void CYFAR *)(CYREG_CLKDIST_MSTR0), 0x07u);
 140              		.loc 1 195 0
 141 0056 3B4B     		ldr	r3, .L17+20
 142 0058 4FF48072 		mov	r2, #256
 143 005c 1A80     		strh	r2, [r3]	@ movhi
 196:Generated_Source\PSoC5/cyfitter_cfg.c **** 	CY_SET_XTND_REG8((void CYFAR *)(CYREG_CLKDIST_BCFG0), 0x00u);
 144              		.loc 1 196 0
ARM GAS  C:\Users\labadmin\AppData\Local\Temp\cclsiJVv.s 			page 9


 145 005e 0722     		movs	r2, #7
 146 0060 1A70     		strb	r2, [r3]
 197:Generated_Source\PSoC5/cyfitter_cfg.c **** 	CY_SET_XTND_REG8((void CYFAR *)(CYREG_CLKDIST_BCFG2), 0x48u);
 147              		.loc 1 197 0
 148 0062 394A     		ldr	r2, .L17+24
 149 0064 0024     		movs	r4, #0
 150              	.LVL10:
 198:Generated_Source\PSoC5/cyfitter_cfg.c **** 	CY_SET_XTND_REG8((void CYFAR *)(CYREG_CLKDIST_MSTR0), 0x00u);
 151              		.loc 1 198 0
 152 0066 4821     		movs	r1, #72
 197:Generated_Source\PSoC5/cyfitter_cfg.c **** 	CY_SET_XTND_REG8((void CYFAR *)(CYREG_CLKDIST_BCFG2), 0x48u);
 153              		.loc 1 197 0
 154 0068 1470     		strb	r4, [r2]
 198:Generated_Source\PSoC5/cyfitter_cfg.c **** 	CY_SET_XTND_REG8((void CYFAR *)(CYREG_CLKDIST_MSTR0), 0x00u);
 155              		.loc 1 198 0
 156 006a 9170     		strb	r1, [r2, #2]
 200:Generated_Source\PSoC5/cyfitter_cfg.c **** }
 157              		.loc 1 200 0
 158 006c 0222     		movs	r2, #2
 199:Generated_Source\PSoC5/cyfitter_cfg.c **** 	CY_SET_XTND_REG8((void CYFAR *)(CYREG_CLKDIST_LD), 0x02u);
 159              		.loc 1 199 0
 160 006e 1C70     		strb	r4, [r3]
 200:Generated_Source\PSoC5/cyfitter_cfg.c **** }
 161              		.loc 1 200 0
 162 0070 03F8032C 		strb	r2, [r3, #-3]
 163              	.LBE31:
 164              	.LBE30:
 295:Generated_Source\PSoC5/cyfitter_cfg.c **** 	/* Setup clocks based on selections from Clock DWR */
 296:Generated_Source\PSoC5/cyfitter_cfg.c **** 	ClockSetup();
 297:Generated_Source\PSoC5/cyfitter_cfg.c **** 	/* Set Flash Cycles based on newly configured 24.00MHz Bus Clock. */
 298:Generated_Source\PSoC5/cyfitter_cfg.c **** 	CY_SET_XTND_REG8((void CYFAR *)(CYREG_CACHE_CC_CTL), (((CYDEV_INSTRUCT_CACHE_ENABLED) != 0) ? 0x81
 165              		.loc 1 298 0
 166 0074 8022     		movs	r2, #128
 167 0076 83F8FC27 		strb	r2, [r3, #2044]
 299:Generated_Source\PSoC5/cyfitter_cfg.c **** 	/* Enable/Disable Debug functionality based on settings from System DWR */
 300:Generated_Source\PSoC5/cyfitter_cfg.c **** 	CY_SET_XTND_REG8((void CYFAR *)CYREG_MLOGIC_DEBUG, (CY_GET_XTND_REG8((void CYFAR *)CYREG_MLOGIC_DE
 168              		.loc 1 300 0
 169 007a 344A     		ldr	r2, .L17+28
 170 007c 1378     		ldrb	r3, [r2]	@ zero_extendqisi2
 171 007e 43F00403 		orr	r3, r3, #4
 172 0082 1370     		strb	r3, [r2]
 173              	.LVL11:
 174 0084 00E0     		b	.L11
 175              	.LVL12:
 176              	.L8:
 177 0086 FEE7     		b	.L8
 178              	.LVL13:
 179              	.L11:
 180              	.LBB32:
 181              	.LBB33:
 301:Generated_Source\PSoC5/cyfitter_cfg.c **** 
 302:Generated_Source\PSoC5/cyfitter_cfg.c **** 	{
 303:Generated_Source\PSoC5/cyfitter_cfg.c **** 
 304:Generated_Source\PSoC5/cyfitter_cfg.c **** 		CYPACKED typedef struct {
 305:Generated_Source\PSoC5/cyfitter_cfg.c **** 			void CYFAR *address;
 306:Generated_Source\PSoC5/cyfitter_cfg.c **** 			uint16 size;
 307:Generated_Source\PSoC5/cyfitter_cfg.c **** 		} CYPACKED_ATTR cfg_memset_t;
ARM GAS  C:\Users\labadmin\AppData\Local\Temp\cclsiJVv.s 			page 10


 308:Generated_Source\PSoC5/cyfitter_cfg.c **** 
 309:Generated_Source\PSoC5/cyfitter_cfg.c **** 		static const cfg_memset_t CYCODE cfg_memset_list [] = {
 310:Generated_Source\PSoC5/cyfitter_cfg.c **** 			/* address, size */
 311:Generated_Source\PSoC5/cyfitter_cfg.c **** 			{(void CYFAR *)(CYREG_PRT3_DR), 64u},
 312:Generated_Source\PSoC5/cyfitter_cfg.c **** 			{(void CYFAR *)(CYREG_PRT12_DR), 16u},
 313:Generated_Source\PSoC5/cyfitter_cfg.c **** 			{(void CYFAR *)(CYREG_PRT15_DR), 16u},
 314:Generated_Source\PSoC5/cyfitter_cfg.c **** 			{(void CYFAR *)(CYDEV_UCFG_B0_P0_U0_BASE), 4096u},
 315:Generated_Source\PSoC5/cyfitter_cfg.c **** 			{(void CYFAR *)(CYDEV_UCFG_B1_P2_U0_BASE), 2048u},
 316:Generated_Source\PSoC5/cyfitter_cfg.c **** 			{(void CYFAR *)(CYDEV_UCFG_DSI0_BASE), 2560u},
 317:Generated_Source\PSoC5/cyfitter_cfg.c **** 			{(void CYFAR *)(CYDEV_UCFG_DSI12_BASE), 512u},
 318:Generated_Source\PSoC5/cyfitter_cfg.c **** 			{(void CYFAR *)(CYREG_BCTL0_MDCLK_EN), 32u},
 319:Generated_Source\PSoC5/cyfitter_cfg.c **** 		};
 320:Generated_Source\PSoC5/cyfitter_cfg.c **** 
 321:Generated_Source\PSoC5/cyfitter_cfg.c **** 		uint8 CYDATA i;
 322:Generated_Source\PSoC5/cyfitter_cfg.c **** 
 323:Generated_Source\PSoC5/cyfitter_cfg.c **** 		/* Zero out critical memory blocks before beginning configuration */
 324:Generated_Source\PSoC5/cyfitter_cfg.c **** 		for (i = 0u; i < (sizeof(cfg_memset_list)/sizeof(cfg_memset_list[0])); i++)
 325:Generated_Source\PSoC5/cyfitter_cfg.c **** 		{
 326:Generated_Source\PSoC5/cyfitter_cfg.c **** 			const cfg_memset_t CYCODE * CYDATA ms = &cfg_memset_list[i];
 327:Generated_Source\PSoC5/cyfitter_cfg.c **** 			CYMEMZERO(ms->address, (size_t)(uint32)(ms->size));
 182              		.loc 1 327 0 discriminator 3
 183 0088 314A     		ldr	r2, .L17+32
 184 008a 0623     		movs	r3, #6
 185 008c 03FB0423 		mla	r3, r3, r4, r2
 186              	.LBB34:
 187              	.LBB35:
  65:Generated_Source\PSoC5/cyfitter_cfg.c **** }
 188              		.loc 1 65 0 discriminator 3
 189 0090 0021     		movs	r1, #0
 190 0092 1868     		ldr	r0, [r3]	@ unaligned
 191 0094 9A88     		ldrh	r2, [r3, #4]	@ unaligned
 192 0096 0134     		adds	r4, r4, #1
 193              	.LVL14:
 194 0098 FFF7FEFF 		bl	memset
 195              	.LVL15:
 196              	.LBE35:
 197              	.LBE34:
 198              	.LBE33:
 324:Generated_Source\PSoC5/cyfitter_cfg.c **** 		{
 199              		.loc 1 324 0 discriminator 3
 200 009c 082C     		cmp	r4, #8
 201 009e F3D1     		bne	.L11
 328:Generated_Source\PSoC5/cyfitter_cfg.c **** 		}
 329:Generated_Source\PSoC5/cyfitter_cfg.c **** 
 330:Generated_Source\PSoC5/cyfitter_cfg.c **** 		/* Enable digital routing */
 331:Generated_Source\PSoC5/cyfitter_cfg.c **** 		CY_SET_XTND_REG8((void CYFAR *)CYREG_BCTL0_BANK_CTL, CY_GET_XTND_REG8((void CYFAR *)CYREG_BCTL0_B
 202              		.loc 1 331 0
 203 00a0 2C4A     		ldr	r2, .L17+36
 332:Generated_Source\PSoC5/cyfitter_cfg.c **** 		CY_SET_XTND_REG8((void CYFAR *)CYREG_BCTL1_BANK_CTL, CY_GET_XTND_REG8((void CYFAR *)CYREG_BCTL1_B
 333:Generated_Source\PSoC5/cyfitter_cfg.c **** 
 334:Generated_Source\PSoC5/cyfitter_cfg.c **** 		/* Enable UDB array */
 335:Generated_Source\PSoC5/cyfitter_cfg.c **** 		CY_SET_XTND_REG8((void CYFAR *)CYREG_PM_ACT_CFG0, CY_GET_XTND_REG8((void CYFAR *)CYREG_PM_ACT_CFG
 336:Generated_Source\PSoC5/cyfitter_cfg.c **** 		CY_SET_XTND_REG8((void CYFAR *)CYREG_PM_AVAIL_CR2, CY_GET_XTND_REG8((void CYFAR *)CYREG_PM_AVAIL_
 204              		.loc 1 336 0
 205 00a2 2D49     		ldr	r1, .L17+40
 331:Generated_Source\PSoC5/cyfitter_cfg.c **** 		CY_SET_XTND_REG8((void CYFAR *)CYREG_BCTL1_BANK_CTL, CY_GET_XTND_REG8((void CYFAR *)CYREG_BCTL1_B
 206              		.loc 1 331 0
ARM GAS  C:\Users\labadmin\AppData\Local\Temp\cclsiJVv.s 			page 11


 207 00a4 1378     		ldrb	r3, [r2]	@ zero_extendqisi2
 208              	.LBE32:
 209              	.LBB36:
 210              	.LBB37:
  72:Generated_Source\PSoC5/cyfitter_cfg.c **** }
 211              		.loc 1 72 0
 212 00a6 2D4C     		ldr	r4, .L17+44
 213              	.LVL16:
 214              	.LBE37:
 215              	.LBE36:
 216              	.LBB39:
 331:Generated_Source\PSoC5/cyfitter_cfg.c **** 		CY_SET_XTND_REG8((void CYFAR *)CYREG_BCTL1_BANK_CTL, CY_GET_XTND_REG8((void CYFAR *)CYREG_BCTL1_B
 217              		.loc 1 331 0
 218 00a8 43F00203 		orr	r3, r3, #2
 219 00ac 1370     		strb	r3, [r2]
 332:Generated_Source\PSoC5/cyfitter_cfg.c **** 		CY_SET_XTND_REG8((void CYFAR *)CYREG_BCTL1_BANK_CTL, CY_GET_XTND_REG8((void CYFAR *)CYREG_BCTL1_B
 220              		.loc 1 332 0
 221 00ae 137C     		ldrb	r3, [r2, #16]	@ zero_extendqisi2
 222              	.LBE39:
 223              	.LBB40:
 224              	.LBB41:
  72:Generated_Source\PSoC5/cyfitter_cfg.c **** }
 225              		.loc 1 72 0
 226 00b0 A4F65254 		subw	r4, r4, #3410
 227              	.LBE41:
 228              	.LBE40:
 229              	.LBB43:
 332:Generated_Source\PSoC5/cyfitter_cfg.c **** 		CY_SET_XTND_REG8((void CYFAR *)CYREG_BCTL1_BANK_CTL, CY_GET_XTND_REG8((void CYFAR *)CYREG_BCTL1_B
 230              		.loc 1 332 0
 231 00b4 43F00203 		orr	r3, r3, #2
 232 00b8 1374     		strb	r3, [r2, #16]
 335:Generated_Source\PSoC5/cyfitter_cfg.c **** 		CY_SET_XTND_REG8((void CYFAR *)CYREG_PM_AVAIL_CR2, CY_GET_XTND_REG8((void CYFAR *)CYREG_PM_AVAIL_
 233              		.loc 1 335 0
 234 00ba A2F58632 		sub	r2, r2, #68608
 235 00be 633A     		subs	r2, r2, #99
 236 00c0 1378     		ldrb	r3, [r2]	@ zero_extendqisi2
 237 00c2 43F04003 		orr	r3, r3, #64
 238 00c6 1370     		strb	r3, [r2]
 239              		.loc 1 336 0
 240 00c8 0B78     		ldrb	r3, [r1]	@ zero_extendqisi2
 241 00ca 43F01003 		orr	r3, r3, #16
 242 00ce 0B70     		strb	r3, [r1]
 243              	.LVL17:
 244              	.LBE43:
 245              	.LBB44:
 246              	.LBB38:
  72:Generated_Source\PSoC5/cyfitter_cfg.c **** }
 247              		.loc 1 72 0
 248 00d0 4FF09043 		mov	r3, #1207959552
 249 00d4 03CB     		ldmia	r3!, {r0, r1}
 250 00d6 C4F8520D 		str	r0, [r4, #3410]	@ unaligned
 251 00da C4F8561D 		str	r1, [r4, #3414]	@ unaligned
 252              	.LVL18:
 253              	.LBE38:
 254              	.LBE44:
 255              	.LBB45:
 256              	.LBB46:
ARM GAS  C:\Users\labadmin\AppData\Local\Temp\cclsiJVv.s 			page 12


 257 00de 03CB     		ldmia	r3!, {r0, r1}
 258 00e0 C4F8620D 		str	r0, [r4, #3426]	@ unaligned
 259 00e4 C4F8661D 		str	r1, [r4, #3430]	@ unaligned
 260              	.LVL19:
 261              	.LBE46:
 262              	.LBE45:
 263              	.LBB47:
 264              	.LBB48:
 265 00e8 03CB     		ldmia	r3!, {r0, r1}
 266 00ea C4F8761D 		str	r1, [r4, #3446]	@ unaligned
 267              	.LBE48:
 268              	.LBE47:
 337:Generated_Source\PSoC5/cyfitter_cfg.c **** 	}
 338:Generated_Source\PSoC5/cyfitter_cfg.c **** 
 339:Generated_Source\PSoC5/cyfitter_cfg.c **** 
 340:Generated_Source\PSoC5/cyfitter_cfg.c **** 	/* Perform second pass device configuration. These items must be configured in specific order afte
 341:Generated_Source\PSoC5/cyfitter_cfg.c **** 	CYCONFIGCPY((void CYFAR *)(CYREG_PRT0_DM0), (const void CYFAR *)(BS_IOPINS0_0_VAL), 8u);
 342:Generated_Source\PSoC5/cyfitter_cfg.c **** 	CYCONFIGCPY((void CYFAR *)(CYREG_PRT1_DM0), (const void CYFAR *)(BS_IOPINS0_1_VAL), 8u);
 343:Generated_Source\PSoC5/cyfitter_cfg.c **** 	CYCONFIGCPY((void CYFAR *)(CYREG_PRT2_DM0), (const void CYFAR *)(BS_IOPINS0_2_VAL), 8u);
 344:Generated_Source\PSoC5/cyfitter_cfg.c **** 	/* Switch Boost to the precision bandgap reference from its internal reference */
 345:Generated_Source\PSoC5/cyfitter_cfg.c **** 	CY_SET_REG8((void CYXDATA *)CYREG_BOOST_CR2, (CY_GET_REG8((void CYXDATA *)CYREG_BOOST_CR2) | 0x08u
 269              		.loc 1 345 0
 270 00ee 1C49     		ldr	r1, .L17+48
 271              	.LBB50:
 272              	.LBB49:
  72:Generated_Source\PSoC5/cyfitter_cfg.c **** }
 273              		.loc 1 72 0
 274 00f0 C4F8720D 		str	r0, [r4, #3442]	@ unaligned
 275              	.LBE49:
 276              	.LBE50:
 277              		.loc 1 345 0
 278 00f4 0B78     		ldrb	r3, [r1]	@ zero_extendqisi2
 279 00f6 43F00803 		orr	r3, r3, #8
 280 00fa 0B70     		strb	r3, [r1]
 346:Generated_Source\PSoC5/cyfitter_cfg.c **** 	CY_SET_XTND_REG8((void CYFAR *)(CYREG_PANTHER_WAITPIPE), 0x01u);
 281              		.loc 1 346 0
 282 00fc 194B     		ldr	r3, .L17+52
 283 00fe 0121     		movs	r1, #1
 284 0100 1970     		strb	r1, [r3]
 285              	.LBB51:
 286              	.LBB52:
 225:Generated_Source\PSoC5/cyfitter_cfg.c **** 	CY_SET_XTND_REG8((void CYFAR *)(CYREG_BG_DFT0), (bg_xover_inl_trim & 0x07u));
 287              		.loc 1 225 0
 288 0102 194B     		ldr	r3, .L17+56
 226:Generated_Source\PSoC5/cyfitter_cfg.c **** 	CY_SET_XTND_REG8((void CYFAR *)(CYREG_BG_DFT1), ((bg_xover_inl_trim >> 4) & 0x0Fu));
 289              		.loc 1 226 0
 290 0104 1949     		ldr	r1, .L17+60
 225:Generated_Source\PSoC5/cyfitter_cfg.c **** 	CY_SET_XTND_REG8((void CYFAR *)(CYREG_BG_DFT0), (bg_xover_inl_trim & 0x07u));
 291              		.loc 1 225 0
 292 0106 1B78     		ldrb	r3, [r3]	@ zero_extendqisi2
 293 0108 DBB2     		uxtb	r3, r3
 294              	.LVL20:
 226:Generated_Source\PSoC5/cyfitter_cfg.c **** 	CY_SET_XTND_REG8((void CYFAR *)(CYREG_BG_DFT1), ((bg_xover_inl_trim >> 4) & 0x0Fu));
 295              		.loc 1 226 0
 296 010a 03F00700 		and	r0, r3, #7
 297 010e 0870     		strb	r0, [r1]
 227:Generated_Source\PSoC5/cyfitter_cfg.c **** 	CY_SET_XTND_REG8((void CYFAR *)CYREG_PRT0_AG, 0x10u);
ARM GAS  C:\Users\labadmin\AppData\Local\Temp\cclsiJVv.s 			page 13


 298              		.loc 1 227 0
 299 0110 1B09     		lsrs	r3, r3, #4
 300              	.LVL21:
 228:Generated_Source\PSoC5/cyfitter_cfg.c **** 	CY_SET_XTND_REG8((void CYFAR *)CYREG_DAC2_SW0, 0x10u);
 301              		.loc 1 228 0
 302 0112 6FF4EC60 		mvn	r0, #1888
 227:Generated_Source\PSoC5/cyfitter_cfg.c **** 	CY_SET_XTND_REG8((void CYFAR *)CYREG_PRT0_AG, 0x10u);
 303              		.loc 1 227 0
 304 0116 4B70     		strb	r3, [r1, #1]
 228:Generated_Source\PSoC5/cyfitter_cfg.c **** 	CY_SET_XTND_REG8((void CYFAR *)CYREG_DAC2_SW0, 0x10u);
 305              		.loc 1 228 0
 306 0118 0144     		add	r1, r1, r0
 307 011a 1023     		movs	r3, #16
 308 011c 0B70     		strb	r3, [r1]
 229:Generated_Source\PSoC5/cyfitter_cfg.c **** 	CY_SET_XTND_REG8((void CYFAR *)CYREG_PUMP_CR0, 0x44u);
 309              		.loc 1 229 0
 310 011e 81F88339 		strb	r3, [r1, #2435]
 230:Generated_Source\PSoC5/cyfitter_cfg.c **** }
 311              		.loc 1 230 0
 312 0122 134B     		ldr	r3, .L17+64
 313 0124 4421     		movs	r1, #68
 314 0126 1970     		strb	r1, [r3]
 315              	.LVL22:
 316              	.LBE52:
 317              	.LBE51:
 318              	.LBB53:
 319              	.LBB42:
  72:Generated_Source\PSoC5/cyfitter_cfg.c **** }
 320              		.loc 1 72 0
 321 0128 0FCA     		ldmia	r2, {r0, r1, r2, r3}
 322 012a 07C4     		stmia	r4!, {r0, r1, r2}
 323 012c 2380     		strh	r3, [r4]	@ movhi
 324 012e 38BD     		pop	{r3, r4, r5, pc}
 325              	.LVL23:
 326              	.L18:
 327              		.align	2
 328              	.L17:
 329 0130 00480040 		.word	1073760256
 330 0134 08010049 		.word	1224737032
 331 0138 A1460040 		.word	1073759905
 332 013c 22420040 		.word	1073758754
 333 0140 25420040 		.word	1073758757
 334 0144 04400040 		.word	1073758212
 335 0148 06400040 		.word	1073758214
 336 014c E8460040 		.word	1073759976
 337 0150 00000000 		.word	.LANCHOR0
 338 0154 03500140 		.word	1073827843
 339 0158 C2430040 		.word	1073759170
 340 015c 02510040 		.word	1073762562
 341 0160 22430040 		.word	1073759010
 342 0164 04000840 		.word	1074266116
 343 0168 CF010049 		.word	1224737231
 344 016c 6E580040 		.word	1073764462
 345 0170 76580040 		.word	1073764470
 346              	.LBE42:
 347              	.LBE53:
 348              		.cfi_endproc
ARM GAS  C:\Users\labadmin\AppData\Local\Temp\cclsiJVv.s 			page 14


 349              	.LFE7:
 350              		.size	cyfitter_cfg, .-cyfitter_cfg
 351              		.section	.rodata
 352              		.set	.LANCHOR0,. + 0
 353              		.type	cfg_memset_list.4859, %object
 354              		.size	cfg_memset_list.4859, 48
 355              	cfg_memset_list.4859:
 356 0000 30510040 		.4byte	1073762608
 357 0004 4000     		.2byte	64
 358 0006 C0510040 		.4byte	1073762752
 359 000a 1000     		.2byte	16
 360 000c F0510040 		.4byte	1073762800
 361 0010 1000     		.2byte	16
 362 0012 00000140 		.4byte	1073807360
 363 0016 0010     		.2byte	4096
 364 0018 00140140 		.4byte	1073812480
 365 001c 0008     		.2byte	2048
 366 001e 00400140 		.4byte	1073823744
 367 0022 000A     		.2byte	2560
 368 0024 004C0140 		.4byte	1073826816
 369 0028 0002     		.2byte	512
 370 002a 00500140 		.4byte	1073827840
 371 002e 2000     		.2byte	32
 372              		.text
 373              	.Letext0:
 374              		.file 2 "c:\\program files (x86)\\cypress\\psoc creator\\4.0\\psoc creator\\import\\gnu\\arm\\4.9.
 375              		.file 3 "Generated_Source\\PSoC5\\cytypes.h"
 376              		.file 4 "Generated_Source\\PSoC5\\CyLib.h"
 377              		.section	.debug_info,"",%progbits
 378              	.Ldebug_info0:
 379 0000 CB030000 		.4byte	0x3cb
 380 0004 0400     		.2byte	0x4
 381 0006 00000000 		.4byte	.Ldebug_abbrev0
 382 000a 04       		.byte	0x4
 383 000b 01       		.uleb128 0x1
 384 000c 98010000 		.4byte	.LASF36
 385 0010 01       		.byte	0x1
 386 0011 2C000000 		.4byte	.LASF37
 387 0015 63020000 		.4byte	.LASF38
 388 0019 68000000 		.4byte	.Ldebug_ranges0+0x68
 389 001d 00000000 		.4byte	0
 390 0021 00000000 		.4byte	.Ldebug_line0
 391 0025 02       		.uleb128 0x2
 392 0026 04       		.byte	0x4
 393 0027 05       		.byte	0x5
 394 0028 696E7400 		.ascii	"int\000"
 395 002c 03       		.uleb128 0x3
 396 002d 14000000 		.4byte	.LASF11
 397 0031 02       		.byte	0x2
 398 0032 D4       		.byte	0xd4
 399 0033 37000000 		.4byte	0x37
 400 0037 04       		.uleb128 0x4
 401 0038 04       		.byte	0x4
 402 0039 07       		.byte	0x7
 403 003a 36010000 		.4byte	.LASF0
 404 003e 04       		.uleb128 0x4
 405 003f 01       		.byte	0x1
ARM GAS  C:\Users\labadmin\AppData\Local\Temp\cclsiJVv.s 			page 15


 406 0040 06       		.byte	0x6
 407 0041 4E020000 		.4byte	.LASF1
 408 0045 04       		.uleb128 0x4
 409 0046 01       		.byte	0x1
 410 0047 08       		.byte	0x8
 411 0048 E9000000 		.4byte	.LASF2
 412 004c 04       		.uleb128 0x4
 413 004d 02       		.byte	0x2
 414 004e 05       		.byte	0x5
 415 004f 8E010000 		.4byte	.LASF3
 416 0053 04       		.uleb128 0x4
 417 0054 02       		.byte	0x2
 418 0055 07       		.byte	0x7
 419 0056 6D000000 		.4byte	.LASF4
 420 005a 04       		.uleb128 0x4
 421 005b 04       		.byte	0x4
 422 005c 05       		.byte	0x5
 423 005d 2E020000 		.4byte	.LASF5
 424 0061 04       		.uleb128 0x4
 425 0062 04       		.byte	0x4
 426 0063 07       		.byte	0x7
 427 0064 B1000000 		.4byte	.LASF6
 428 0068 04       		.uleb128 0x4
 429 0069 08       		.byte	0x8
 430 006a 05       		.byte	0x5
 431 006b 78010000 		.4byte	.LASF7
 432 006f 04       		.uleb128 0x4
 433 0070 08       		.byte	0x8
 434 0071 07       		.byte	0x7
 435 0072 4B010000 		.4byte	.LASF8
 436 0076 04       		.uleb128 0x4
 437 0077 04       		.byte	0x4
 438 0078 07       		.byte	0x7
 439 0079 6F010000 		.4byte	.LASF9
 440 007d 05       		.uleb128 0x5
 441 007e 04       		.byte	0x4
 442 007f 04       		.uleb128 0x4
 443 0080 01       		.byte	0x1
 444 0081 08       		.byte	0x8
 445 0082 37020000 		.4byte	.LASF10
 446 0086 06       		.uleb128 0x6
 447 0087 C3000000 		.4byte	.LASF12
 448 008b 03       		.byte	0x3
 449 008c 9201     		.2byte	0x192
 450 008e 45000000 		.4byte	0x45
 451 0092 06       		.uleb128 0x6
 452 0093 1E010000 		.4byte	.LASF13
 453 0097 03       		.byte	0x3
 454 0098 9301     		.2byte	0x193
 455 009a 53000000 		.4byte	0x53
 456 009e 06       		.uleb128 0x6
 457 009f 2F010000 		.4byte	.LASF14
 458 00a3 03       		.byte	0x3
 459 00a4 9401     		.2byte	0x194
 460 00a6 61000000 		.4byte	0x61
 461 00aa 04       		.uleb128 0x4
 462 00ab 04       		.byte	0x4
ARM GAS  C:\Users\labadmin\AppData\Local\Temp\cclsiJVv.s 			page 16


 463 00ac 04       		.byte	0x4
 464 00ad 88000000 		.4byte	.LASF15
 465 00b1 04       		.uleb128 0x4
 466 00b2 08       		.byte	0x8
 467 00b3 04       		.byte	0x4
 468 00b4 FE000000 		.4byte	.LASF16
 469 00b8 06       		.uleb128 0x6
 470 00b9 AC000000 		.4byte	.LASF17
 471 00bd 03       		.byte	0x3
 472 00be 3C02     		.2byte	0x23c
 473 00c0 C4000000 		.4byte	0xc4
 474 00c4 07       		.uleb128 0x7
 475 00c5 86000000 		.4byte	0x86
 476 00c9 06       		.uleb128 0x6
 477 00ca 00000000 		.4byte	.LASF18
 478 00ce 03       		.byte	0x3
 479 00cf 3D02     		.2byte	0x23d
 480 00d1 D5000000 		.4byte	0xd5
 481 00d5 07       		.uleb128 0x7
 482 00d6 92000000 		.4byte	0x92
 483 00da 08       		.uleb128 0x8
 484 00db 8E000000 		.4byte	.LASF19
 485 00df 01       		.byte	0x1
 486 00e0 6F       		.byte	0x6f
 487 00e1 01       		.byte	0x1
 488 00e2 F2000000 		.4byte	0xf2
 489 00e6 09       		.uleb128 0x9
 490 00e7 25010000 		.4byte	.LASF21
 491 00eb 01       		.byte	0x1
 492 00ec 6F       		.byte	0x6f
 493 00ed 86000000 		.4byte	0x86
 494 00f1 00       		.byte	0
 495 00f2 08       		.uleb128 0x8
 496 00f3 05010000 		.4byte	.LASF20
 497 00f7 01       		.byte	0x1
 498 00f8 46       		.byte	0x46
 499 00f9 01       		.byte	0x1
 500 00fa 1E010000 		.4byte	0x11e
 501 00fe 09       		.uleb128 0x9
 502 00ff A2000000 		.4byte	.LASF22
 503 0103 01       		.byte	0x1
 504 0104 46       		.byte	0x46
 505 0105 7D000000 		.4byte	0x7d
 506 0109 0A       		.uleb128 0xa
 507 010a 73726300 		.ascii	"src\000"
 508 010e 01       		.byte	0x1
 509 010f 46       		.byte	0x46
 510 0110 1E010000 		.4byte	0x11e
 511 0114 0A       		.uleb128 0xa
 512 0115 6E00     		.ascii	"n\000"
 513 0117 01       		.byte	0x1
 514 0118 46       		.byte	0x46
 515 0119 2C000000 		.4byte	0x2c
 516 011d 00       		.byte	0
 517 011e 0B       		.uleb128 0xb
 518 011f 04       		.byte	0x4
 519 0120 24010000 		.4byte	0x124
ARM GAS  C:\Users\labadmin\AppData\Local\Temp\cclsiJVv.s 			page 17


 520 0124 0C       		.uleb128 0xc
 521 0125 0D       		.uleb128 0xd
 522 0126 D3000000 		.4byte	.LASF29
 523 012a 01       		.byte	0x1
 524 012b FB       		.byte	0xfb
 525 012c 00000000 		.4byte	.LFB6
 526 0130 1C000000 		.4byte	.LFE6-.LFB6
 527 0134 01       		.uleb128 0x1
 528 0135 9C       		.byte	0x9c
 529 0136 55010000 		.4byte	0x155
 530 013a 0E       		.uleb128 0xe
 531 013b 26020000 		.4byte	.LASF39
 532 013f 01       		.byte	0x1
 533 0140 FB       		.byte	0xfb
 534 0141 86000000 		.4byte	0x86
 535 0145 01       		.uleb128 0x1
 536 0146 50       		.byte	0x50
 537 0147 0F       		.uleb128 0xf
 538 0148 5A020000 		.4byte	.LASF34
 539 014c 01       		.byte	0x1
 540 014d FD       		.byte	0xfd
 541 014e 86000000 		.4byte	0x86
 542 0152 01       		.uleb128 0x1
 543 0153 53       		.byte	0x53
 544 0154 00       		.byte	0
 545 0155 08       		.uleb128 0x8
 546 0156 62000000 		.4byte	.LASF23
 547 015a 01       		.byte	0x1
 548 015b A4       		.byte	0xa4
 549 015c 01       		.byte	0x1
 550 015d 78010000 		.4byte	0x178
 551 0161 10       		.uleb128 0x10
 552 0162 86010000 		.4byte	.LASF24
 553 0166 01       		.byte	0x1
 554 0167 A6       		.byte	0xa6
 555 0168 9E000000 		.4byte	0x9e
 556 016c 10       		.uleb128 0x10
 557 016d 80000000 		.4byte	.LASF25
 558 0171 01       		.byte	0x1
 559 0172 A7       		.byte	0xa7
 560 0173 86000000 		.4byte	0x86
 561 0177 00       		.byte	0
 562 0178 08       		.uleb128 0x8
 563 0179 C9000000 		.4byte	.LASF26
 564 017d 01       		.byte	0x1
 565 017e 3F       		.byte	0x3f
 566 017f 01       		.byte	0x1
 567 0180 97010000 		.4byte	0x197
 568 0184 0A       		.uleb128 0xa
 569 0185 7300     		.ascii	"s\000"
 570 0187 01       		.byte	0x1
 571 0188 3F       		.byte	0x3f
 572 0189 7D000000 		.4byte	0x7d
 573 018d 0A       		.uleb128 0xa
 574 018e 6E00     		.ascii	"n\000"
 575 0190 01       		.byte	0x1
 576 0191 3F       		.byte	0x3f
ARM GAS  C:\Users\labadmin\AppData\Local\Temp\cclsiJVv.s 			page 18


 577 0192 2C000000 		.4byte	0x2c
 578 0196 00       		.byte	0
 579 0197 08       		.uleb128 0x8
 580 0198 1B000000 		.4byte	.LASF27
 581 019c 01       		.byte	0x1
 582 019d DF       		.byte	0xdf
 583 019e 01       		.byte	0x1
 584 019f AF010000 		.4byte	0x1af
 585 01a3 10       		.uleb128 0x10
 586 01a4 3C020000 		.4byte	.LASF28
 587 01a8 01       		.byte	0x1
 588 01a9 E1       		.byte	0xe1
 589 01aa 86000000 		.4byte	0x86
 590 01ae 00       		.byte	0
 591 01af 11       		.uleb128 0x11
 592 01b0 11010000 		.4byte	.LASF30
 593 01b4 01       		.byte	0x1
 594 01b5 1D01     		.2byte	0x11d
 595 01b7 00000000 		.4byte	.LFB7
 596 01bb 74010000 		.4byte	.LFE7-.LFB7
 597 01bf 01       		.uleb128 0x1
 598 01c0 9C       		.byte	0x9c
 599 01c1 A4030000 		.4byte	0x3a4
 600 01c5 12       		.uleb128 0x12
 601 01c6 55010000 		.4byte	0x155
 602 01ca 0A000000 		.4byte	.LBB30
 603 01ce 6A000000 		.4byte	.LBE30-.LBB30
 604 01d2 01       		.byte	0x1
 605 01d3 2801     		.2byte	0x128
 606 01d5 06020000 		.4byte	0x206
 607 01d9 13       		.uleb128 0x13
 608 01da 0A000000 		.4byte	.LBB31
 609 01de 6A000000 		.4byte	.LBE31-.LBB31
 610 01e2 14       		.uleb128 0x14
 611 01e3 61010000 		.4byte	0x161
 612 01e7 00000000 		.4byte	.LLST0
 613 01eb 14       		.uleb128 0x14
 614 01ec 6C010000 		.4byte	0x16c
 615 01f0 3A000000 		.4byte	.LLST1
 616 01f4 15       		.uleb128 0x15
 617 01f5 4A000000 		.4byte	.LVL6
 618 01f9 A4030000 		.4byte	0x3a4
 619 01fd 16       		.uleb128 0x16
 620 01fe 01       		.uleb128 0x1
 621 01ff 50       		.byte	0x50
 622 0200 02       		.uleb128 0x2
 623 0201 08       		.byte	0x8
 624 0202 78       		.byte	0x78
 625 0203 00       		.byte	0
 626 0204 00       		.byte	0
 627 0205 00       		.byte	0
 628 0206 17       		.uleb128 0x17
 629 0207 00000000 		.4byte	.Ldebug_ranges0+0
 630 020b CB020000 		.4byte	0x2cb
 631 020f 18       		.uleb128 0x18
 632 0210 06       		.byte	0x6
 633 0211 01       		.byte	0x1
ARM GAS  C:\Users\labadmin\AppData\Local\Temp\cclsiJVv.s 			page 19


 634 0212 3001     		.2byte	0x130
 635 0214 33020000 		.4byte	0x233
 636 0218 19       		.uleb128 0x19
 637 0219 43010000 		.4byte	.LASF31
 638 021d 01       		.byte	0x1
 639 021e 3101     		.2byte	0x131
 640 0220 7D000000 		.4byte	0x7d
 641 0224 00       		.byte	0
 642 0225 19       		.uleb128 0x19
 643 0226 A7000000 		.4byte	.LASF32
 644 022a 01       		.byte	0x1
 645 022b 3201     		.2byte	0x132
 646 022d 92000000 		.4byte	0x92
 647 0231 04       		.byte	0x4
 648 0232 00       		.byte	0
 649 0233 06       		.uleb128 0x6
 650 0234 62010000 		.4byte	.LASF33
 651 0238 01       		.byte	0x1
 652 0239 3301     		.2byte	0x133
 653 023b 0F020000 		.4byte	0x20f
 654 023f 1A       		.uleb128 0x1a
 655 0240 33020000 		.4byte	0x233
 656 0244 4F020000 		.4byte	0x24f
 657 0248 1B       		.uleb128 0x1b
 658 0249 76000000 		.4byte	0x76
 659 024d 07       		.byte	0x7
 660 024e 00       		.byte	0
 661 024f 1C       		.uleb128 0x1c
 662 0250 52000000 		.4byte	.LASF35
 663 0254 01       		.byte	0x1
 664 0255 3501     		.2byte	0x135
 665 0257 61020000 		.4byte	0x261
 666 025b 05       		.uleb128 0x5
 667 025c 03       		.byte	0x3
 668 025d 00000000 		.4byte	cfg_memset_list.4859
 669 0261 1D       		.uleb128 0x1d
 670 0262 3F020000 		.4byte	0x23f
 671 0266 1E       		.uleb128 0x1e
 672 0267 6900     		.ascii	"i\000"
 673 0269 01       		.byte	0x1
 674 026a 4101     		.2byte	0x141
 675 026c 86000000 		.4byte	0x86
 676 0270 63000000 		.4byte	.LLST2
 677 0274 13       		.uleb128 0x13
 678 0275 88000000 		.4byte	.LBB33
 679 0279 14000000 		.4byte	.LBE33-.LBB33
 680 027d 1E       		.uleb128 0x1e
 681 027e 6D7300   		.ascii	"ms\000"
 682 0281 01       		.byte	0x1
 683 0282 4601     		.2byte	0x146
 684 0284 8C020000 		.4byte	0x28c
 685 0288 82000000 		.4byte	.LLST3
 686 028c 0B       		.uleb128 0xb
 687 028d 04       		.byte	0x4
 688 028e 92020000 		.4byte	0x292
 689 0292 1D       		.uleb128 0x1d
 690 0293 33020000 		.4byte	0x233
ARM GAS  C:\Users\labadmin\AppData\Local\Temp\cclsiJVv.s 			page 20


 691 0297 1F       		.uleb128 0x1f
 692 0298 78010000 		.4byte	0x178
 693 029c 90000000 		.4byte	.LBB34
 694 02a0 0C000000 		.4byte	.LBE34-.LBB34
 695 02a4 01       		.byte	0x1
 696 02a5 4701     		.2byte	0x147
 697 02a7 20       		.uleb128 0x20
 698 02a8 8D010000 		.4byte	0x18d
 699 02ac B4000000 		.4byte	.LLST4
 700 02b0 20       		.uleb128 0x20
 701 02b1 84010000 		.4byte	0x184
 702 02b5 F2000000 		.4byte	.LLST5
 703 02b9 15       		.uleb128 0x15
 704 02ba 9C000000 		.4byte	.LVL15
 705 02be B5030000 		.4byte	0x3b5
 706 02c2 16       		.uleb128 0x16
 707 02c3 01       		.uleb128 0x1
 708 02c4 51       		.byte	0x51
 709 02c5 01       		.uleb128 0x1
 710 02c6 30       		.byte	0x30
 711 02c7 00       		.byte	0
 712 02c8 00       		.byte	0
 713 02c9 00       		.byte	0
 714 02ca 00       		.byte	0
 715 02cb 21       		.uleb128 0x21
 716 02cc F2000000 		.4byte	0xf2
 717 02d0 A6000000 		.4byte	.LBB36
 718 02d4 20000000 		.4byte	.Ldebug_ranges0+0x20
 719 02d8 01       		.byte	0x1
 720 02d9 5501     		.2byte	0x155
 721 02db F8020000 		.4byte	0x2f8
 722 02df 22       		.uleb128 0x22
 723 02e0 14010000 		.4byte	0x114
 724 02e4 08       		.byte	0x8
 725 02e5 23       		.uleb128 0x23
 726 02e6 09010000 		.4byte	0x109
 727 02ea 00000048 		.4byte	0x48000000
 728 02ee 23       		.uleb128 0x23
 729 02ef FE000000 		.4byte	0xfe
 730 02f3 02510040 		.4byte	0x40005102
 731 02f7 00       		.byte	0
 732 02f8 21       		.uleb128 0x21
 733 02f9 F2000000 		.4byte	0xf2
 734 02fd B0000000 		.4byte	.LBB40
 735 0301 38000000 		.4byte	.Ldebug_ranges0+0x38
 736 0305 01       		.byte	0x1
 737 0306 6001     		.2byte	0x160
 738 0308 25030000 		.4byte	0x325
 739 030c 22       		.uleb128 0x22
 740 030d 14010000 		.4byte	0x114
 741 0311 0E       		.byte	0xe
 742 0312 23       		.uleb128 0x23
 743 0313 09010000 		.4byte	0x109
 744 0317 A0430040 		.4byte	0x400043a0
 745 031b 23       		.uleb128 0x23
 746 031c FE000000 		.4byte	0xfe
 747 0320 B0430040 		.4byte	0x400043b0
ARM GAS  C:\Users\labadmin\AppData\Local\Temp\cclsiJVv.s 			page 21


 748 0324 00       		.byte	0
 749 0325 12       		.uleb128 0x12
 750 0326 F2000000 		.4byte	0xf2
 751 032a DE000000 		.4byte	.LBB45
 752 032e 0A000000 		.4byte	.LBE45-.LBB45
 753 0332 01       		.byte	0x1
 754 0333 5601     		.2byte	0x156
 755 0335 52030000 		.4byte	0x352
 756 0339 22       		.uleb128 0x22
 757 033a 14010000 		.4byte	0x114
 758 033e 08       		.byte	0x8
 759 033f 23       		.uleb128 0x23
 760 0340 09010000 		.4byte	0x109
 761 0344 08000048 		.4byte	0x48000008
 762 0348 23       		.uleb128 0x23
 763 0349 FE000000 		.4byte	0xfe
 764 034d 12510040 		.4byte	0x40005112
 765 0351 00       		.byte	0
 766 0352 21       		.uleb128 0x21
 767 0353 F2000000 		.4byte	0xf2
 768 0357 E8000000 		.4byte	.LBB47
 769 035b 50000000 		.4byte	.Ldebug_ranges0+0x50
 770 035f 01       		.byte	0x1
 771 0360 5701     		.2byte	0x157
 772 0362 7F030000 		.4byte	0x37f
 773 0366 22       		.uleb128 0x22
 774 0367 14010000 		.4byte	0x114
 775 036b 08       		.byte	0x8
 776 036c 23       		.uleb128 0x23
 777 036d 09010000 		.4byte	0x109
 778 0371 10000048 		.4byte	0x48000010
 779 0375 23       		.uleb128 0x23
 780 0376 FE000000 		.4byte	0xfe
 781 037a 22510040 		.4byte	0x40005122
 782 037e 00       		.byte	0
 783 037f 1F       		.uleb128 0x1f
 784 0380 97010000 		.4byte	0x197
 785 0384 02010000 		.4byte	.LBB51
 786 0388 26000000 		.4byte	.LBE51-.LBB51
 787 038c 01       		.byte	0x1
 788 038d 5D01     		.2byte	0x15d
 789 038f 13       		.uleb128 0x13
 790 0390 02010000 		.4byte	.LBB52
 791 0394 26000000 		.4byte	.LBE52-.LBB52
 792 0398 14       		.uleb128 0x14
 793 0399 A3010000 		.4byte	0x1a3
 794 039d 22010000 		.4byte	.LLST6
 795 03a1 00       		.byte	0
 796 03a2 00       		.byte	0
 797 03a3 00       		.byte	0
 798 03a4 24       		.uleb128 0x24
 799 03a5 06000000 		.4byte	.LASF40
 800 03a9 04       		.byte	0x4
 801 03aa 79       		.byte	0x79
 802 03ab B5030000 		.4byte	0x3b5
 803 03af 25       		.uleb128 0x25
 804 03b0 9E000000 		.4byte	0x9e
ARM GAS  C:\Users\labadmin\AppData\Local\Temp\cclsiJVv.s 			page 22


 805 03b4 00       		.byte	0
 806 03b5 26       		.uleb128 0x26
 807 03b6 F7000000 		.4byte	.LASF41
 808 03ba 7D000000 		.4byte	0x7d
 809 03be 25       		.uleb128 0x25
 810 03bf 7D000000 		.4byte	0x7d
 811 03c3 25       		.uleb128 0x25
 812 03c4 25000000 		.4byte	0x25
 813 03c8 25       		.uleb128 0x25
 814 03c9 76000000 		.4byte	0x76
 815 03cd 00       		.byte	0
 816 03ce 00       		.byte	0
 817              		.section	.debug_abbrev,"",%progbits
 818              	.Ldebug_abbrev0:
 819 0000 01       		.uleb128 0x1
 820 0001 11       		.uleb128 0x11
 821 0002 01       		.byte	0x1
 822 0003 25       		.uleb128 0x25
 823 0004 0E       		.uleb128 0xe
 824 0005 13       		.uleb128 0x13
 825 0006 0B       		.uleb128 0xb
 826 0007 03       		.uleb128 0x3
 827 0008 0E       		.uleb128 0xe
 828 0009 1B       		.uleb128 0x1b
 829 000a 0E       		.uleb128 0xe
 830 000b 55       		.uleb128 0x55
 831 000c 17       		.uleb128 0x17
 832 000d 11       		.uleb128 0x11
 833 000e 01       		.uleb128 0x1
 834 000f 10       		.uleb128 0x10
 835 0010 17       		.uleb128 0x17
 836 0011 00       		.byte	0
 837 0012 00       		.byte	0
 838 0013 02       		.uleb128 0x2
 839 0014 24       		.uleb128 0x24
 840 0015 00       		.byte	0
 841 0016 0B       		.uleb128 0xb
 842 0017 0B       		.uleb128 0xb
 843 0018 3E       		.uleb128 0x3e
 844 0019 0B       		.uleb128 0xb
 845 001a 03       		.uleb128 0x3
 846 001b 08       		.uleb128 0x8
 847 001c 00       		.byte	0
 848 001d 00       		.byte	0
 849 001e 03       		.uleb128 0x3
 850 001f 16       		.uleb128 0x16
 851 0020 00       		.byte	0
 852 0021 03       		.uleb128 0x3
 853 0022 0E       		.uleb128 0xe
 854 0023 3A       		.uleb128 0x3a
 855 0024 0B       		.uleb128 0xb
 856 0025 3B       		.uleb128 0x3b
 857 0026 0B       		.uleb128 0xb
 858 0027 49       		.uleb128 0x49
 859 0028 13       		.uleb128 0x13
 860 0029 00       		.byte	0
 861 002a 00       		.byte	0
ARM GAS  C:\Users\labadmin\AppData\Local\Temp\cclsiJVv.s 			page 23


 862 002b 04       		.uleb128 0x4
 863 002c 24       		.uleb128 0x24
 864 002d 00       		.byte	0
 865 002e 0B       		.uleb128 0xb
 866 002f 0B       		.uleb128 0xb
 867 0030 3E       		.uleb128 0x3e
 868 0031 0B       		.uleb128 0xb
 869 0032 03       		.uleb128 0x3
 870 0033 0E       		.uleb128 0xe
 871 0034 00       		.byte	0
 872 0035 00       		.byte	0
 873 0036 05       		.uleb128 0x5
 874 0037 0F       		.uleb128 0xf
 875 0038 00       		.byte	0
 876 0039 0B       		.uleb128 0xb
 877 003a 0B       		.uleb128 0xb
 878 003b 00       		.byte	0
 879 003c 00       		.byte	0
 880 003d 06       		.uleb128 0x6
 881 003e 16       		.uleb128 0x16
 882 003f 00       		.byte	0
 883 0040 03       		.uleb128 0x3
 884 0041 0E       		.uleb128 0xe
 885 0042 3A       		.uleb128 0x3a
 886 0043 0B       		.uleb128 0xb
 887 0044 3B       		.uleb128 0x3b
 888 0045 05       		.uleb128 0x5
 889 0046 49       		.uleb128 0x49
 890 0047 13       		.uleb128 0x13
 891 0048 00       		.byte	0
 892 0049 00       		.byte	0
 893 004a 07       		.uleb128 0x7
 894 004b 35       		.uleb128 0x35
 895 004c 00       		.byte	0
 896 004d 49       		.uleb128 0x49
 897 004e 13       		.uleb128 0x13
 898 004f 00       		.byte	0
 899 0050 00       		.byte	0
 900 0051 08       		.uleb128 0x8
 901 0052 2E       		.uleb128 0x2e
 902 0053 01       		.byte	0x1
 903 0054 03       		.uleb128 0x3
 904 0055 0E       		.uleb128 0xe
 905 0056 3A       		.uleb128 0x3a
 906 0057 0B       		.uleb128 0xb
 907 0058 3B       		.uleb128 0x3b
 908 0059 0B       		.uleb128 0xb
 909 005a 27       		.uleb128 0x27
 910 005b 19       		.uleb128 0x19
 911 005c 20       		.uleb128 0x20
 912 005d 0B       		.uleb128 0xb
 913 005e 01       		.uleb128 0x1
 914 005f 13       		.uleb128 0x13
 915 0060 00       		.byte	0
 916 0061 00       		.byte	0
 917 0062 09       		.uleb128 0x9
 918 0063 05       		.uleb128 0x5
ARM GAS  C:\Users\labadmin\AppData\Local\Temp\cclsiJVv.s 			page 24


 919 0064 00       		.byte	0
 920 0065 03       		.uleb128 0x3
 921 0066 0E       		.uleb128 0xe
 922 0067 3A       		.uleb128 0x3a
 923 0068 0B       		.uleb128 0xb
 924 0069 3B       		.uleb128 0x3b
 925 006a 0B       		.uleb128 0xb
 926 006b 49       		.uleb128 0x49
 927 006c 13       		.uleb128 0x13
 928 006d 00       		.byte	0
 929 006e 00       		.byte	0
 930 006f 0A       		.uleb128 0xa
 931 0070 05       		.uleb128 0x5
 932 0071 00       		.byte	0
 933 0072 03       		.uleb128 0x3
 934 0073 08       		.uleb128 0x8
 935 0074 3A       		.uleb128 0x3a
 936 0075 0B       		.uleb128 0xb
 937 0076 3B       		.uleb128 0x3b
 938 0077 0B       		.uleb128 0xb
 939 0078 49       		.uleb128 0x49
 940 0079 13       		.uleb128 0x13
 941 007a 00       		.byte	0
 942 007b 00       		.byte	0
 943 007c 0B       		.uleb128 0xb
 944 007d 0F       		.uleb128 0xf
 945 007e 00       		.byte	0
 946 007f 0B       		.uleb128 0xb
 947 0080 0B       		.uleb128 0xb
 948 0081 49       		.uleb128 0x49
 949 0082 13       		.uleb128 0x13
 950 0083 00       		.byte	0
 951 0084 00       		.byte	0
 952 0085 0C       		.uleb128 0xc
 953 0086 26       		.uleb128 0x26
 954 0087 00       		.byte	0
 955 0088 00       		.byte	0
 956 0089 00       		.byte	0
 957 008a 0D       		.uleb128 0xd
 958 008b 2E       		.uleb128 0x2e
 959 008c 01       		.byte	0x1
 960 008d 3F       		.uleb128 0x3f
 961 008e 19       		.uleb128 0x19
 962 008f 03       		.uleb128 0x3
 963 0090 0E       		.uleb128 0xe
 964 0091 3A       		.uleb128 0x3a
 965 0092 0B       		.uleb128 0xb
 966 0093 3B       		.uleb128 0x3b
 967 0094 0B       		.uleb128 0xb
 968 0095 27       		.uleb128 0x27
 969 0096 19       		.uleb128 0x19
 970 0097 11       		.uleb128 0x11
 971 0098 01       		.uleb128 0x1
 972 0099 12       		.uleb128 0x12
 973 009a 06       		.uleb128 0x6
 974 009b 40       		.uleb128 0x40
 975 009c 18       		.uleb128 0x18
ARM GAS  C:\Users\labadmin\AppData\Local\Temp\cclsiJVv.s 			page 25


 976 009d 9742     		.uleb128 0x2117
 977 009f 19       		.uleb128 0x19
 978 00a0 01       		.uleb128 0x1
 979 00a1 13       		.uleb128 0x13
 980 00a2 00       		.byte	0
 981 00a3 00       		.byte	0
 982 00a4 0E       		.uleb128 0xe
 983 00a5 05       		.uleb128 0x5
 984 00a6 00       		.byte	0
 985 00a7 03       		.uleb128 0x3
 986 00a8 0E       		.uleb128 0xe
 987 00a9 3A       		.uleb128 0x3a
 988 00aa 0B       		.uleb128 0xb
 989 00ab 3B       		.uleb128 0x3b
 990 00ac 0B       		.uleb128 0xb
 991 00ad 49       		.uleb128 0x49
 992 00ae 13       		.uleb128 0x13
 993 00af 02       		.uleb128 0x2
 994 00b0 18       		.uleb128 0x18
 995 00b1 00       		.byte	0
 996 00b2 00       		.byte	0
 997 00b3 0F       		.uleb128 0xf
 998 00b4 34       		.uleb128 0x34
 999 00b5 00       		.byte	0
 1000 00b6 03       		.uleb128 0x3
 1001 00b7 0E       		.uleb128 0xe
 1002 00b8 3A       		.uleb128 0x3a
 1003 00b9 0B       		.uleb128 0xb
 1004 00ba 3B       		.uleb128 0x3b
 1005 00bb 0B       		.uleb128 0xb
 1006 00bc 49       		.uleb128 0x49
 1007 00bd 13       		.uleb128 0x13
 1008 00be 02       		.uleb128 0x2
 1009 00bf 18       		.uleb128 0x18
 1010 00c0 00       		.byte	0
 1011 00c1 00       		.byte	0
 1012 00c2 10       		.uleb128 0x10
 1013 00c3 34       		.uleb128 0x34
 1014 00c4 00       		.byte	0
 1015 00c5 03       		.uleb128 0x3
 1016 00c6 0E       		.uleb128 0xe
 1017 00c7 3A       		.uleb128 0x3a
 1018 00c8 0B       		.uleb128 0xb
 1019 00c9 3B       		.uleb128 0x3b
 1020 00ca 0B       		.uleb128 0xb
 1021 00cb 49       		.uleb128 0x49
 1022 00cc 13       		.uleb128 0x13
 1023 00cd 00       		.byte	0
 1024 00ce 00       		.byte	0
 1025 00cf 11       		.uleb128 0x11
 1026 00d0 2E       		.uleb128 0x2e
 1027 00d1 01       		.byte	0x1
 1028 00d2 3F       		.uleb128 0x3f
 1029 00d3 19       		.uleb128 0x19
 1030 00d4 03       		.uleb128 0x3
 1031 00d5 0E       		.uleb128 0xe
 1032 00d6 3A       		.uleb128 0x3a
ARM GAS  C:\Users\labadmin\AppData\Local\Temp\cclsiJVv.s 			page 26


 1033 00d7 0B       		.uleb128 0xb
 1034 00d8 3B       		.uleb128 0x3b
 1035 00d9 05       		.uleb128 0x5
 1036 00da 27       		.uleb128 0x27
 1037 00db 19       		.uleb128 0x19
 1038 00dc 11       		.uleb128 0x11
 1039 00dd 01       		.uleb128 0x1
 1040 00de 12       		.uleb128 0x12
 1041 00df 06       		.uleb128 0x6
 1042 00e0 40       		.uleb128 0x40
 1043 00e1 18       		.uleb128 0x18
 1044 00e2 9742     		.uleb128 0x2117
 1045 00e4 19       		.uleb128 0x19
 1046 00e5 01       		.uleb128 0x1
 1047 00e6 13       		.uleb128 0x13
 1048 00e7 00       		.byte	0
 1049 00e8 00       		.byte	0
 1050 00e9 12       		.uleb128 0x12
 1051 00ea 1D       		.uleb128 0x1d
 1052 00eb 01       		.byte	0x1
 1053 00ec 31       		.uleb128 0x31
 1054 00ed 13       		.uleb128 0x13
 1055 00ee 11       		.uleb128 0x11
 1056 00ef 01       		.uleb128 0x1
 1057 00f0 12       		.uleb128 0x12
 1058 00f1 06       		.uleb128 0x6
 1059 00f2 58       		.uleb128 0x58
 1060 00f3 0B       		.uleb128 0xb
 1061 00f4 59       		.uleb128 0x59
 1062 00f5 05       		.uleb128 0x5
 1063 00f6 01       		.uleb128 0x1
 1064 00f7 13       		.uleb128 0x13
 1065 00f8 00       		.byte	0
 1066 00f9 00       		.byte	0
 1067 00fa 13       		.uleb128 0x13
 1068 00fb 0B       		.uleb128 0xb
 1069 00fc 01       		.byte	0x1
 1070 00fd 11       		.uleb128 0x11
 1071 00fe 01       		.uleb128 0x1
 1072 00ff 12       		.uleb128 0x12
 1073 0100 06       		.uleb128 0x6
 1074 0101 00       		.byte	0
 1075 0102 00       		.byte	0
 1076 0103 14       		.uleb128 0x14
 1077 0104 34       		.uleb128 0x34
 1078 0105 00       		.byte	0
 1079 0106 31       		.uleb128 0x31
 1080 0107 13       		.uleb128 0x13
 1081 0108 02       		.uleb128 0x2
 1082 0109 17       		.uleb128 0x17
 1083 010a 00       		.byte	0
 1084 010b 00       		.byte	0
 1085 010c 15       		.uleb128 0x15
 1086 010d 898201   		.uleb128 0x4109
 1087 0110 01       		.byte	0x1
 1088 0111 11       		.uleb128 0x11
 1089 0112 01       		.uleb128 0x1
ARM GAS  C:\Users\labadmin\AppData\Local\Temp\cclsiJVv.s 			page 27


 1090 0113 31       		.uleb128 0x31
 1091 0114 13       		.uleb128 0x13
 1092 0115 00       		.byte	0
 1093 0116 00       		.byte	0
 1094 0117 16       		.uleb128 0x16
 1095 0118 8A8201   		.uleb128 0x410a
 1096 011b 00       		.byte	0
 1097 011c 02       		.uleb128 0x2
 1098 011d 18       		.uleb128 0x18
 1099 011e 9142     		.uleb128 0x2111
 1100 0120 18       		.uleb128 0x18
 1101 0121 00       		.byte	0
 1102 0122 00       		.byte	0
 1103 0123 17       		.uleb128 0x17
 1104 0124 0B       		.uleb128 0xb
 1105 0125 01       		.byte	0x1
 1106 0126 55       		.uleb128 0x55
 1107 0127 17       		.uleb128 0x17
 1108 0128 01       		.uleb128 0x1
 1109 0129 13       		.uleb128 0x13
 1110 012a 00       		.byte	0
 1111 012b 00       		.byte	0
 1112 012c 18       		.uleb128 0x18
 1113 012d 13       		.uleb128 0x13
 1114 012e 01       		.byte	0x1
 1115 012f 0B       		.uleb128 0xb
 1116 0130 0B       		.uleb128 0xb
 1117 0131 3A       		.uleb128 0x3a
 1118 0132 0B       		.uleb128 0xb
 1119 0133 3B       		.uleb128 0x3b
 1120 0134 05       		.uleb128 0x5
 1121 0135 01       		.uleb128 0x1
 1122 0136 13       		.uleb128 0x13
 1123 0137 00       		.byte	0
 1124 0138 00       		.byte	0
 1125 0139 19       		.uleb128 0x19
 1126 013a 0D       		.uleb128 0xd
 1127 013b 00       		.byte	0
 1128 013c 03       		.uleb128 0x3
 1129 013d 0E       		.uleb128 0xe
 1130 013e 3A       		.uleb128 0x3a
 1131 013f 0B       		.uleb128 0xb
 1132 0140 3B       		.uleb128 0x3b
 1133 0141 05       		.uleb128 0x5
 1134 0142 49       		.uleb128 0x49
 1135 0143 13       		.uleb128 0x13
 1136 0144 38       		.uleb128 0x38
 1137 0145 0B       		.uleb128 0xb
 1138 0146 00       		.byte	0
 1139 0147 00       		.byte	0
 1140 0148 1A       		.uleb128 0x1a
 1141 0149 01       		.uleb128 0x1
 1142 014a 01       		.byte	0x1
 1143 014b 49       		.uleb128 0x49
 1144 014c 13       		.uleb128 0x13
 1145 014d 01       		.uleb128 0x1
 1146 014e 13       		.uleb128 0x13
ARM GAS  C:\Users\labadmin\AppData\Local\Temp\cclsiJVv.s 			page 28


 1147 014f 00       		.byte	0
 1148 0150 00       		.byte	0
 1149 0151 1B       		.uleb128 0x1b
 1150 0152 21       		.uleb128 0x21
 1151 0153 00       		.byte	0
 1152 0154 49       		.uleb128 0x49
 1153 0155 13       		.uleb128 0x13
 1154 0156 2F       		.uleb128 0x2f
 1155 0157 0B       		.uleb128 0xb
 1156 0158 00       		.byte	0
 1157 0159 00       		.byte	0
 1158 015a 1C       		.uleb128 0x1c
 1159 015b 34       		.uleb128 0x34
 1160 015c 00       		.byte	0
 1161 015d 03       		.uleb128 0x3
 1162 015e 0E       		.uleb128 0xe
 1163 015f 3A       		.uleb128 0x3a
 1164 0160 0B       		.uleb128 0xb
 1165 0161 3B       		.uleb128 0x3b
 1166 0162 05       		.uleb128 0x5
 1167 0163 49       		.uleb128 0x49
 1168 0164 13       		.uleb128 0x13
 1169 0165 02       		.uleb128 0x2
 1170 0166 18       		.uleb128 0x18
 1171 0167 00       		.byte	0
 1172 0168 00       		.byte	0
 1173 0169 1D       		.uleb128 0x1d
 1174 016a 26       		.uleb128 0x26
 1175 016b 00       		.byte	0
 1176 016c 49       		.uleb128 0x49
 1177 016d 13       		.uleb128 0x13
 1178 016e 00       		.byte	0
 1179 016f 00       		.byte	0
 1180 0170 1E       		.uleb128 0x1e
 1181 0171 34       		.uleb128 0x34
 1182 0172 00       		.byte	0
 1183 0173 03       		.uleb128 0x3
 1184 0174 08       		.uleb128 0x8
 1185 0175 3A       		.uleb128 0x3a
 1186 0176 0B       		.uleb128 0xb
 1187 0177 3B       		.uleb128 0x3b
 1188 0178 05       		.uleb128 0x5
 1189 0179 49       		.uleb128 0x49
 1190 017a 13       		.uleb128 0x13
 1191 017b 02       		.uleb128 0x2
 1192 017c 17       		.uleb128 0x17
 1193 017d 00       		.byte	0
 1194 017e 00       		.byte	0
 1195 017f 1F       		.uleb128 0x1f
 1196 0180 1D       		.uleb128 0x1d
 1197 0181 01       		.byte	0x1
 1198 0182 31       		.uleb128 0x31
 1199 0183 13       		.uleb128 0x13
 1200 0184 11       		.uleb128 0x11
 1201 0185 01       		.uleb128 0x1
 1202 0186 12       		.uleb128 0x12
 1203 0187 06       		.uleb128 0x6
ARM GAS  C:\Users\labadmin\AppData\Local\Temp\cclsiJVv.s 			page 29


 1204 0188 58       		.uleb128 0x58
 1205 0189 0B       		.uleb128 0xb
 1206 018a 59       		.uleb128 0x59
 1207 018b 05       		.uleb128 0x5
 1208 018c 00       		.byte	0
 1209 018d 00       		.byte	0
 1210 018e 20       		.uleb128 0x20
 1211 018f 05       		.uleb128 0x5
 1212 0190 00       		.byte	0
 1213 0191 31       		.uleb128 0x31
 1214 0192 13       		.uleb128 0x13
 1215 0193 02       		.uleb128 0x2
 1216 0194 17       		.uleb128 0x17
 1217 0195 00       		.byte	0
 1218 0196 00       		.byte	0
 1219 0197 21       		.uleb128 0x21
 1220 0198 1D       		.uleb128 0x1d
 1221 0199 01       		.byte	0x1
 1222 019a 31       		.uleb128 0x31
 1223 019b 13       		.uleb128 0x13
 1224 019c 52       		.uleb128 0x52
 1225 019d 01       		.uleb128 0x1
 1226 019e 55       		.uleb128 0x55
 1227 019f 17       		.uleb128 0x17
 1228 01a0 58       		.uleb128 0x58
 1229 01a1 0B       		.uleb128 0xb
 1230 01a2 59       		.uleb128 0x59
 1231 01a3 05       		.uleb128 0x5
 1232 01a4 01       		.uleb128 0x1
 1233 01a5 13       		.uleb128 0x13
 1234 01a6 00       		.byte	0
 1235 01a7 00       		.byte	0
 1236 01a8 22       		.uleb128 0x22
 1237 01a9 05       		.uleb128 0x5
 1238 01aa 00       		.byte	0
 1239 01ab 31       		.uleb128 0x31
 1240 01ac 13       		.uleb128 0x13
 1241 01ad 1C       		.uleb128 0x1c
 1242 01ae 0B       		.uleb128 0xb
 1243 01af 00       		.byte	0
 1244 01b0 00       		.byte	0
 1245 01b1 23       		.uleb128 0x23
 1246 01b2 05       		.uleb128 0x5
 1247 01b3 00       		.byte	0
 1248 01b4 31       		.uleb128 0x31
 1249 01b5 13       		.uleb128 0x13
 1250 01b6 1C       		.uleb128 0x1c
 1251 01b7 06       		.uleb128 0x6
 1252 01b8 00       		.byte	0
 1253 01b9 00       		.byte	0
 1254 01ba 24       		.uleb128 0x24
 1255 01bb 2E       		.uleb128 0x2e
 1256 01bc 01       		.byte	0x1
 1257 01bd 3F       		.uleb128 0x3f
 1258 01be 19       		.uleb128 0x19
 1259 01bf 03       		.uleb128 0x3
 1260 01c0 0E       		.uleb128 0xe
ARM GAS  C:\Users\labadmin\AppData\Local\Temp\cclsiJVv.s 			page 30


 1261 01c1 3A       		.uleb128 0x3a
 1262 01c2 0B       		.uleb128 0xb
 1263 01c3 3B       		.uleb128 0x3b
 1264 01c4 0B       		.uleb128 0xb
 1265 01c5 27       		.uleb128 0x27
 1266 01c6 19       		.uleb128 0x19
 1267 01c7 3C       		.uleb128 0x3c
 1268 01c8 19       		.uleb128 0x19
 1269 01c9 01       		.uleb128 0x1
 1270 01ca 13       		.uleb128 0x13
 1271 01cb 00       		.byte	0
 1272 01cc 00       		.byte	0
 1273 01cd 25       		.uleb128 0x25
 1274 01ce 05       		.uleb128 0x5
 1275 01cf 00       		.byte	0
 1276 01d0 49       		.uleb128 0x49
 1277 01d1 13       		.uleb128 0x13
 1278 01d2 00       		.byte	0
 1279 01d3 00       		.byte	0
 1280 01d4 26       		.uleb128 0x26
 1281 01d5 2E       		.uleb128 0x2e
 1282 01d6 01       		.byte	0x1
 1283 01d7 3F       		.uleb128 0x3f
 1284 01d8 19       		.uleb128 0x19
 1285 01d9 03       		.uleb128 0x3
 1286 01da 0E       		.uleb128 0xe
 1287 01db 27       		.uleb128 0x27
 1288 01dc 19       		.uleb128 0x19
 1289 01dd 49       		.uleb128 0x49
 1290 01de 13       		.uleb128 0x13
 1291 01df 34       		.uleb128 0x34
 1292 01e0 19       		.uleb128 0x19
 1293 01e1 3C       		.uleb128 0x3c
 1294 01e2 19       		.uleb128 0x19
 1295 01e3 00       		.byte	0
 1296 01e4 00       		.byte	0
 1297 01e5 00       		.byte	0
 1298              		.section	.debug_loc,"",%progbits
 1299              	.Ldebug_loc0:
 1300              	.LLST0:
 1301 0000 38000000 		.4byte	.LVL4
 1302 0004 4C000000 		.4byte	.LVL7
 1303 0008 0100     		.2byte	0x1
 1304 000a 55       		.byte	0x55
 1305 000b 4C000000 		.4byte	.LVL7
 1306 000f 50000000 		.4byte	.LVL8
 1307 0013 0300     		.2byte	0x3
 1308 0015 75       		.byte	0x75
 1309 0016 01       		.sleb128 1
 1310 0017 9F       		.byte	0x9f
 1311 0018 52000000 		.4byte	.LVL9
 1312 001c 86000000 		.4byte	.LVL12
 1313 0020 0300     		.2byte	0x3
 1314 0022 75       		.byte	0x75
 1315 0023 7F       		.sleb128 -1
 1316 0024 9F       		.byte	0x9f
 1317 0025 88000000 		.4byte	.LVL13
ARM GAS  C:\Users\labadmin\AppData\Local\Temp\cclsiJVv.s 			page 31


 1318 0029 30010000 		.4byte	.LVL23
 1319 002d 0300     		.2byte	0x3
 1320 002f 75       		.byte	0x75
 1321 0030 7F       		.sleb128 -1
 1322 0031 9F       		.byte	0x9f
 1323 0032 00000000 		.4byte	0
 1324 0036 00000000 		.4byte	0
 1325              	.LLST1:
 1326 003a 38000000 		.4byte	.LVL4
 1327 003e 46000000 		.4byte	.LVL5
 1328 0042 0100     		.2byte	0x1
 1329 0044 54       		.byte	0x54
 1330 0045 50000000 		.4byte	.LVL8
 1331 0049 66000000 		.4byte	.LVL10
 1332 004d 0100     		.2byte	0x1
 1333 004f 54       		.byte	0x54
 1334 0050 86000000 		.4byte	.LVL12
 1335 0054 88000000 		.4byte	.LVL13
 1336 0058 0100     		.2byte	0x1
 1337 005a 54       		.byte	0x54
 1338 005b 00000000 		.4byte	0
 1339 005f 00000000 		.4byte	0
 1340              	.LLST2:
 1341 0063 84000000 		.4byte	.LVL11
 1342 0067 86000000 		.4byte	.LVL12
 1343 006b 0200     		.2byte	0x2
 1344 006d 30       		.byte	0x30
 1345 006e 9F       		.byte	0x9f
 1346 006f 88000000 		.4byte	.LVL13
 1347 0073 98000000 		.4byte	.LVL14
 1348 0077 0100     		.2byte	0x1
 1349 0079 54       		.byte	0x54
 1350 007a 00000000 		.4byte	0
 1351 007e 00000000 		.4byte	0
 1352              	.LLST3:
 1353 0082 88000000 		.4byte	.LVL13
 1354 0086 98000000 		.4byte	.LVL14
 1355 008a 0B00     		.2byte	0xb
 1356 008c 74       		.byte	0x74
 1357 008d 00       		.sleb128 0
 1358 008e 36       		.byte	0x36
 1359 008f 1E       		.byte	0x1e
 1360 0090 03       		.byte	0x3
 1361 0091 00000000 		.4byte	cfg_memset_list.4859
 1362 0095 22       		.byte	0x22
 1363 0096 9F       		.byte	0x9f
 1364 0097 98000000 		.4byte	.LVL14
 1365 009b A8000000 		.4byte	.LVL16
 1366 009f 0B00     		.2byte	0xb
 1367 00a1 74       		.byte	0x74
 1368 00a2 7F       		.sleb128 -1
 1369 00a3 36       		.byte	0x36
 1370 00a4 1E       		.byte	0x1e
 1371 00a5 03       		.byte	0x3
 1372 00a6 00000000 		.4byte	cfg_memset_list.4859
 1373 00aa 22       		.byte	0x22
 1374 00ab 9F       		.byte	0x9f
ARM GAS  C:\Users\labadmin\AppData\Local\Temp\cclsiJVv.s 			page 32


 1375 00ac 00000000 		.4byte	0
 1376 00b0 00000000 		.4byte	0
 1377              	.LLST4:
 1378 00b4 88000000 		.4byte	.LVL13
 1379 00b8 98000000 		.4byte	.LVL14
 1380 00bc 1100     		.2byte	0x11
 1381 00be 74       		.byte	0x74
 1382 00bf 00       		.sleb128 0
 1383 00c0 36       		.byte	0x36
 1384 00c1 1E       		.byte	0x1e
 1385 00c2 03       		.byte	0x3
 1386 00c3 04000000 		.4byte	cfg_memset_list.4859+4
 1387 00c7 22       		.byte	0x22
 1388 00c8 94       		.byte	0x94
 1389 00c9 02       		.byte	0x2
 1390 00ca 0A       		.byte	0xa
 1391 00cb FFFF     		.2byte	0xffff
 1392 00cd 1A       		.byte	0x1a
 1393 00ce 9F       		.byte	0x9f
 1394 00cf 98000000 		.4byte	.LVL14
 1395 00d3 A8000000 		.4byte	.LVL16
 1396 00d7 1100     		.2byte	0x11
 1397 00d9 74       		.byte	0x74
 1398 00da 7F       		.sleb128 -1
 1399 00db 36       		.byte	0x36
 1400 00dc 1E       		.byte	0x1e
 1401 00dd 03       		.byte	0x3
 1402 00de 04000000 		.4byte	cfg_memset_list.4859+4
 1403 00e2 22       		.byte	0x22
 1404 00e3 94       		.byte	0x94
 1405 00e4 02       		.byte	0x2
 1406 00e5 0A       		.byte	0xa
 1407 00e6 FFFF     		.2byte	0xffff
 1408 00e8 1A       		.byte	0x1a
 1409 00e9 9F       		.byte	0x9f
 1410 00ea 00000000 		.4byte	0
 1411 00ee 00000000 		.4byte	0
 1412              	.LLST5:
 1413 00f2 88000000 		.4byte	.LVL13
 1414 00f6 98000000 		.4byte	.LVL14
 1415 00fa 0A00     		.2byte	0xa
 1416 00fc 74       		.byte	0x74
 1417 00fd 00       		.sleb128 0
 1418 00fe 36       		.byte	0x36
 1419 00ff 1E       		.byte	0x1e
 1420 0100 03       		.byte	0x3
 1421 0101 00000000 		.4byte	cfg_memset_list.4859
 1422 0105 22       		.byte	0x22
 1423 0106 98000000 		.4byte	.LVL14
 1424 010a A8000000 		.4byte	.LVL16
 1425 010e 0A00     		.2byte	0xa
 1426 0110 74       		.byte	0x74
 1427 0111 7F       		.sleb128 -1
 1428 0112 36       		.byte	0x36
 1429 0113 1E       		.byte	0x1e
 1430 0114 03       		.byte	0x3
 1431 0115 00000000 		.4byte	cfg_memset_list.4859
ARM GAS  C:\Users\labadmin\AppData\Local\Temp\cclsiJVv.s 			page 33


 1432 0119 22       		.byte	0x22
 1433 011a 00000000 		.4byte	0
 1434 011e 00000000 		.4byte	0
 1435              	.LLST6:
 1436 0122 0A010000 		.4byte	.LVL20
 1437 0126 12010000 		.4byte	.LVL21
 1438 012a 0100     		.2byte	0x1
 1439 012c 53       		.byte	0x53
 1440 012d 00000000 		.4byte	0
 1441 0131 00000000 		.4byte	0
 1442              		.section	.debug_aranges,"",%progbits
 1443 0000 24000000 		.4byte	0x24
 1444 0004 0200     		.2byte	0x2
 1445 0006 00000000 		.4byte	.Ldebug_info0
 1446 000a 04       		.byte	0x4
 1447 000b 00       		.byte	0
 1448 000c 0000     		.2byte	0
 1449 000e 0000     		.2byte	0
 1450 0010 00000000 		.4byte	.LFB6
 1451 0014 1C000000 		.4byte	.LFE6-.LFB6
 1452 0018 00000000 		.4byte	.LFB7
 1453 001c 74010000 		.4byte	.LFE7-.LFB7
 1454 0020 00000000 		.4byte	0
 1455 0024 00000000 		.4byte	0
 1456              		.section	.debug_ranges,"",%progbits
 1457              	.Ldebug_ranges0:
 1458 0000 88000000 		.4byte	.LBB32
 1459 0004 A6000000 		.4byte	.LBE32
 1460 0008 A8000000 		.4byte	.LBB39
 1461 000c B0000000 		.4byte	.LBE39
 1462 0010 B4000000 		.4byte	.LBB43
 1463 0014 D0000000 		.4byte	.LBE43
 1464 0018 00000000 		.4byte	0
 1465 001c 00000000 		.4byte	0
 1466 0020 A6000000 		.4byte	.LBB36
 1467 0024 A8000000 		.4byte	.LBE36
 1468 0028 D0000000 		.4byte	.LBB44
 1469 002c DE000000 		.4byte	.LBE44
 1470 0030 00000000 		.4byte	0
 1471 0034 00000000 		.4byte	0
 1472 0038 B0000000 		.4byte	.LBB40
 1473 003c B4000000 		.4byte	.LBE40
 1474 0040 28010000 		.4byte	.LBB53
 1475 0044 74010000 		.4byte	.LBE53
 1476 0048 00000000 		.4byte	0
 1477 004c 00000000 		.4byte	0
 1478 0050 E8000000 		.4byte	.LBB47
 1479 0054 EE000000 		.4byte	.LBE47
 1480 0058 F0000000 		.4byte	.LBB50
 1481 005c F4000000 		.4byte	.LBE50
 1482 0060 00000000 		.4byte	0
 1483 0064 00000000 		.4byte	0
 1484 0068 00000000 		.4byte	.LFB6
 1485 006c 1C000000 		.4byte	.LFE6
 1486 0070 00000000 		.4byte	.LFB7
 1487 0074 74010000 		.4byte	.LFE7
 1488 0078 00000000 		.4byte	0
ARM GAS  C:\Users\labadmin\AppData\Local\Temp\cclsiJVv.s 			page 34


 1489 007c 00000000 		.4byte	0
 1490              		.section	.debug_line,"",%progbits
 1491              	.Ldebug_line0:
 1492 0000 75010000 		.section	.debug_str,"MS",%progbits,1
 1492      0200D600 
 1492      00000201 
 1492      FB0E0D00 
 1492      01010101 
 1493              	.LASF18:
 1494 0000 72656731 		.ascii	"reg16\000"
 1494      3600
 1495              	.LASF40:
 1496 0006 43794465 		.ascii	"CyDelayCycles\000"
 1496      6C617943 
 1496      79636C65 
 1496      7300
 1497              	.LASF11:
 1498 0014 73697A65 		.ascii	"size_t\000"
 1498      5F7400
 1499              	.LASF27:
 1500 001b 416E616C 		.ascii	"AnalogSetDefault\000"
 1500      6F675365 
 1500      74446566 
 1500      61756C74 
 1500      00
 1501              	.LASF37:
 1502 002c 47656E65 		.ascii	"Generated_Source\\PSoC5\\cyfitter_cfg.c\000"
 1502      72617465 
 1502      645F536F 
 1502      75726365 
 1502      5C50536F 
 1503              	.LASF35:
 1504 0052 6366675F 		.ascii	"cfg_memset_list\000"
 1504      6D656D73 
 1504      65745F6C 
 1504      69737400 
 1505              	.LASF23:
 1506 0062 436C6F63 		.ascii	"ClockSetup\000"
 1506      6B536574 
 1506      757000
 1507              	.LASF4:
 1508 006d 73686F72 		.ascii	"short unsigned int\000"
 1508      7420756E 
 1508      7369676E 
 1508      65642069 
 1508      6E7400
 1509              	.LASF25:
 1510 0080 706C6C4C 		.ascii	"pllLock\000"
 1510      6F636B00 
 1511              	.LASF15:
 1512 0088 666C6F61 		.ascii	"float\000"
 1512      7400
 1513              	.LASF19:
 1514 008e 4379436C 		.ascii	"CyClockStartupError\000"
 1514      6F636B53 
 1514      74617274 
 1514      75704572 
ARM GAS  C:\Users\labadmin\AppData\Local\Temp\cclsiJVv.s 			page 35


 1514      726F7200 
 1515              	.LASF22:
 1516 00a2 64657374 		.ascii	"dest\000"
 1516      00
 1517              	.LASF32:
 1518 00a7 73697A65 		.ascii	"size\000"
 1518      00
 1519              	.LASF17:
 1520 00ac 72656738 		.ascii	"reg8\000"
 1520      00
 1521              	.LASF6:
 1522 00b1 6C6F6E67 		.ascii	"long unsigned int\000"
 1522      20756E73 
 1522      69676E65 
 1522      6420696E 
 1522      7400
 1523              	.LASF12:
 1524 00c3 75696E74 		.ascii	"uint8\000"
 1524      3800
 1525              	.LASF26:
 1526 00c9 43594D45 		.ascii	"CYMEMZERO\000"
 1526      4D5A4552 
 1526      4F00
 1527              	.LASF29:
 1528 00d3 53657441 		.ascii	"SetAnalogRoutingPumps\000"
 1528      6E616C6F 
 1528      67526F75 
 1528      74696E67 
 1528      50756D70 
 1529              	.LASF2:
 1530 00e9 756E7369 		.ascii	"unsigned char\000"
 1530      676E6564 
 1530      20636861 
 1530      7200
 1531              	.LASF41:
 1532 00f7 6D656D73 		.ascii	"memset\000"
 1532      657400
 1533              	.LASF16:
 1534 00fe 646F7562 		.ascii	"double\000"
 1534      6C6500
 1535              	.LASF20:
 1536 0105 4359434F 		.ascii	"CYCONFIGCPY\000"
 1536      4E464947 
 1536      43505900 
 1537              	.LASF30:
 1538 0111 63796669 		.ascii	"cyfitter_cfg\000"
 1538      74746572 
 1538      5F636667 
 1538      00
 1539              	.LASF13:
 1540 011e 75696E74 		.ascii	"uint16\000"
 1540      313600
 1541              	.LASF21:
 1542 0125 6572726F 		.ascii	"errorCode\000"
 1542      72436F64 
 1542      6500
 1543              	.LASF14:
ARM GAS  C:\Users\labadmin\AppData\Local\Temp\cclsiJVv.s 			page 36


 1544 012f 75696E74 		.ascii	"uint32\000"
 1544      333200
 1545              	.LASF0:
 1546 0136 756E7369 		.ascii	"unsigned int\000"
 1546      676E6564 
 1546      20696E74 
 1546      00
 1547              	.LASF31:
 1548 0143 61646472 		.ascii	"address\000"
 1548      65737300 
 1549              	.LASF8:
 1550 014b 6C6F6E67 		.ascii	"long long unsigned int\000"
 1550      206C6F6E 
 1550      6720756E 
 1550      7369676E 
 1550      65642069 
 1551              	.LASF33:
 1552 0162 6366675F 		.ascii	"cfg_memset_t\000"
 1552      6D656D73 
 1552      65745F74 
 1552      00
 1553              	.LASF9:
 1554 016f 73697A65 		.ascii	"sizetype\000"
 1554      74797065 
 1554      00
 1555              	.LASF7:
 1556 0178 6C6F6E67 		.ascii	"long long int\000"
 1556      206C6F6E 
 1556      6720696E 
 1556      7400
 1557              	.LASF24:
 1558 0186 74696D65 		.ascii	"timeout\000"
 1558      6F757400 
 1559              	.LASF3:
 1560 018e 73686F72 		.ascii	"short int\000"
 1560      7420696E 
 1560      7400
 1561              	.LASF36:
 1562 0198 474E5520 		.ascii	"GNU C 4.9.3 20150303 (release) [ARM/embedded-4_9-br"
 1562      4320342E 
 1562      392E3320 
 1562      32303135 
 1562      30333033 
 1563 01cb 616E6368 		.ascii	"anch revision 221220] -mcpu=cortex-m3 -mthumb -g -O"
 1563      20726576 
 1563      6973696F 
 1563      6E203232 
 1563      31323230 
 1564 01fe 73202D66 		.ascii	"s -ffunction-sections -ffat-lto-objects\000"
 1564      66756E63 
 1564      74696F6E 
 1564      2D736563 
 1564      74696F6E 
 1565              	.LASF39:
 1566 0226 656E6162 		.ascii	"enabled\000"
 1566      6C656400 
 1567              	.LASF5:
ARM GAS  C:\Users\labadmin\AppData\Local\Temp\cclsiJVv.s 			page 37


 1568 022e 6C6F6E67 		.ascii	"long int\000"
 1568      20696E74 
 1568      00
 1569              	.LASF10:
 1570 0237 63686172 		.ascii	"char\000"
 1570      00
 1571              	.LASF28:
 1572 023c 62675F78 		.ascii	"bg_xover_inl_trim\000"
 1572      6F766572 
 1572      5F696E6C 
 1572      5F747269 
 1572      6D00
 1573              	.LASF1:
 1574 024e 7369676E 		.ascii	"signed char\000"
 1574      65642063 
 1574      68617200 
 1575              	.LASF34:
 1576 025a 72656756 		.ascii	"regValue\000"
 1576      616C7565 
 1576      00
 1577              	.LASF38:
 1578 0263 433A5C55 		.ascii	"C:\\Users\\labadmin\\Documents\\GitHub\\CY8CKITDAC\\"
 1578      73657273 
 1578      5C6C6162 
 1578      61646D69 
 1578      6E5C446F 
 1579 0291 56444143 		.ascii	"VDAC8_ExampleProject01.cydsn\000"
 1579      385F4578 
 1579      616D706C 
 1579      6550726F 
 1579      6A656374 
 1580              		.ident	"GCC: (GNU Tools for ARM Embedded Processors) 4.9.3 20150303 (release) [ARM/embedded-4_9-br
