ARM GAS  C:\Users\labadmin\AppData\Local\Temp\cc2N34mz.s 			page 1


   1              		.syntax unified
   2              		.cpu cortex-m3
   3              		.fpu softvfp
   4              		.eabi_attribute 20, 1
   5              		.eabi_attribute 21, 1
   6              		.eabi_attribute 23, 3
   7              		.eabi_attribute 24, 1
   8              		.eabi_attribute 25, 1
   9              		.eabi_attribute 26, 1
  10              		.eabi_attribute 30, 4
  11              		.eabi_attribute 34, 1
  12              		.eabi_attribute 18, 4
  13              		.thumb
  14              		.file	"LCD_Char_1_PM.c"
  15              		.text
  16              	.Ltext0:
  17              		.cfi_sections	.debug_frame
  18              		.section	.text.LCD_Char_1_SaveConfig,"ax",%progbits
  19              		.align	1
  20              		.global	LCD_Char_1_SaveConfig
  21              		.thumb
  22              		.thumb_func
  23              		.type	LCD_Char_1_SaveConfig, %function
  24              	LCD_Char_1_SaveConfig:
  25              	.LFB0:
  26              		.file 1 "Generated_Source\\PSoC5\\LCD_Char_1_PM.c"
   1:Generated_Source\PSoC5/LCD_Char_1_PM.c **** /*******************************************************************************
   2:Generated_Source\PSoC5/LCD_Char_1_PM.c **** * File Name: LCD_Char_1_PM.c
   3:Generated_Source\PSoC5/LCD_Char_1_PM.c **** * Version 2.20
   4:Generated_Source\PSoC5/LCD_Char_1_PM.c **** *
   5:Generated_Source\PSoC5/LCD_Char_1_PM.c **** * Description:
   6:Generated_Source\PSoC5/LCD_Char_1_PM.c **** *  This file provides the API source code for the Static Segment LCD component.
   7:Generated_Source\PSoC5/LCD_Char_1_PM.c **** *
   8:Generated_Source\PSoC5/LCD_Char_1_PM.c **** * Note:
   9:Generated_Source\PSoC5/LCD_Char_1_PM.c **** *
  10:Generated_Source\PSoC5/LCD_Char_1_PM.c **** ********************************************************************************
  11:Generated_Source\PSoC5/LCD_Char_1_PM.c **** * Copyright 2008-2014, Cypress Semiconductor Corporation.  All rights reserved.
  12:Generated_Source\PSoC5/LCD_Char_1_PM.c **** * You may use this file only in accordance with the license, terms, conditions,
  13:Generated_Source\PSoC5/LCD_Char_1_PM.c **** * disclaimers, and limitations in the end user license agreement accompanying
  14:Generated_Source\PSoC5/LCD_Char_1_PM.c **** * the software package with which this file was provided.
  15:Generated_Source\PSoC5/LCD_Char_1_PM.c **** *******************************************************************************/
  16:Generated_Source\PSoC5/LCD_Char_1_PM.c **** 
  17:Generated_Source\PSoC5/LCD_Char_1_PM.c **** #include "LCD_Char_1.h"
  18:Generated_Source\PSoC5/LCD_Char_1_PM.c **** 
  19:Generated_Source\PSoC5/LCD_Char_1_PM.c **** 
  20:Generated_Source\PSoC5/LCD_Char_1_PM.c **** static LCD_Char_1_BACKUP_STRUCT LCD_Char_1_backup;
  21:Generated_Source\PSoC5/LCD_Char_1_PM.c **** 
  22:Generated_Source\PSoC5/LCD_Char_1_PM.c **** 
  23:Generated_Source\PSoC5/LCD_Char_1_PM.c **** /*******************************************************************************
  24:Generated_Source\PSoC5/LCD_Char_1_PM.c **** * Function Name: LCD_Char_1_SaveConfig
  25:Generated_Source\PSoC5/LCD_Char_1_PM.c **** ********************************************************************************
  26:Generated_Source\PSoC5/LCD_Char_1_PM.c **** *
  27:Generated_Source\PSoC5/LCD_Char_1_PM.c **** * Summary:
  28:Generated_Source\PSoC5/LCD_Char_1_PM.c **** *  Does nothing, provided for consistency.
  29:Generated_Source\PSoC5/LCD_Char_1_PM.c **** *
  30:Generated_Source\PSoC5/LCD_Char_1_PM.c **** * Parameters:
  31:Generated_Source\PSoC5/LCD_Char_1_PM.c **** *  None.
ARM GAS  C:\Users\labadmin\AppData\Local\Temp\cc2N34mz.s 			page 2


  32:Generated_Source\PSoC5/LCD_Char_1_PM.c **** *
  33:Generated_Source\PSoC5/LCD_Char_1_PM.c **** * Return:
  34:Generated_Source\PSoC5/LCD_Char_1_PM.c **** *  None.
  35:Generated_Source\PSoC5/LCD_Char_1_PM.c **** *
  36:Generated_Source\PSoC5/LCD_Char_1_PM.c **** *******************************************************************************/
  37:Generated_Source\PSoC5/LCD_Char_1_PM.c **** void LCD_Char_1_SaveConfig(void) 
  38:Generated_Source\PSoC5/LCD_Char_1_PM.c **** {
  27              		.loc 1 38 0
  28              		.cfi_startproc
  29              		@ args = 0, pretend = 0, frame = 0
  30              		@ frame_needed = 0, uses_anonymous_args = 0
  31              		@ link register save eliminated.
  32 0000 7047     		bx	lr
  33              		.cfi_endproc
  34              	.LFE0:
  35              		.size	LCD_Char_1_SaveConfig, .-LCD_Char_1_SaveConfig
  36              		.section	.text.LCD_Char_1_RestoreConfig,"ax",%progbits
  37              		.align	1
  38              		.global	LCD_Char_1_RestoreConfig
  39              		.thumb
  40              		.thumb_func
  41              		.type	LCD_Char_1_RestoreConfig, %function
  42              	LCD_Char_1_RestoreConfig:
  43              	.LFB1:
  39:Generated_Source\PSoC5/LCD_Char_1_PM.c **** }
  40:Generated_Source\PSoC5/LCD_Char_1_PM.c **** 
  41:Generated_Source\PSoC5/LCD_Char_1_PM.c **** 
  42:Generated_Source\PSoC5/LCD_Char_1_PM.c **** /*******************************************************************************
  43:Generated_Source\PSoC5/LCD_Char_1_PM.c **** * Function Name: LCD_Char_1_RestoreConfig
  44:Generated_Source\PSoC5/LCD_Char_1_PM.c **** ********************************************************************************
  45:Generated_Source\PSoC5/LCD_Char_1_PM.c **** *
  46:Generated_Source\PSoC5/LCD_Char_1_PM.c **** * Summary:
  47:Generated_Source\PSoC5/LCD_Char_1_PM.c **** *  Does nothing, provided for consistency.
  48:Generated_Source\PSoC5/LCD_Char_1_PM.c **** *
  49:Generated_Source\PSoC5/LCD_Char_1_PM.c **** * Parameters:
  50:Generated_Source\PSoC5/LCD_Char_1_PM.c **** *  None.
  51:Generated_Source\PSoC5/LCD_Char_1_PM.c **** *
  52:Generated_Source\PSoC5/LCD_Char_1_PM.c **** * Return:
  53:Generated_Source\PSoC5/LCD_Char_1_PM.c **** *  None.
  54:Generated_Source\PSoC5/LCD_Char_1_PM.c **** *
  55:Generated_Source\PSoC5/LCD_Char_1_PM.c **** *******************************************************************************/
  56:Generated_Source\PSoC5/LCD_Char_1_PM.c **** void LCD_Char_1_RestoreConfig(void) 
  57:Generated_Source\PSoC5/LCD_Char_1_PM.c **** {
  44              		.loc 1 57 0
  45              		.cfi_startproc
  46              		@ args = 0, pretend = 0, frame = 0
  47              		@ frame_needed = 0, uses_anonymous_args = 0
  48              		@ link register save eliminated.
  49 0000 7047     		bx	lr
  50              		.cfi_endproc
  51              	.LFE1:
  52              		.size	LCD_Char_1_RestoreConfig, .-LCD_Char_1_RestoreConfig
  53              		.section	.text.LCD_Char_1_Sleep,"ax",%progbits
  54              		.align	1
  55              		.global	LCD_Char_1_Sleep
  56              		.thumb
  57              		.thumb_func
ARM GAS  C:\Users\labadmin\AppData\Local\Temp\cc2N34mz.s 			page 3


  58              		.type	LCD_Char_1_Sleep, %function
  59              	LCD_Char_1_Sleep:
  60              	.LFB2:
  58:Generated_Source\PSoC5/LCD_Char_1_PM.c **** }
  59:Generated_Source\PSoC5/LCD_Char_1_PM.c **** 
  60:Generated_Source\PSoC5/LCD_Char_1_PM.c **** 
  61:Generated_Source\PSoC5/LCD_Char_1_PM.c **** /*******************************************************************************
  62:Generated_Source\PSoC5/LCD_Char_1_PM.c **** * Function Name: LCD_Char_1_Sleep
  63:Generated_Source\PSoC5/LCD_Char_1_PM.c **** ********************************************************************************
  64:Generated_Source\PSoC5/LCD_Char_1_PM.c **** *
  65:Generated_Source\PSoC5/LCD_Char_1_PM.c **** * Summary:
  66:Generated_Source\PSoC5/LCD_Char_1_PM.c **** *  Prepares the component for entering the sleep mode.
  67:Generated_Source\PSoC5/LCD_Char_1_PM.c **** *
  68:Generated_Source\PSoC5/LCD_Char_1_PM.c **** * Parameters:
  69:Generated_Source\PSoC5/LCD_Char_1_PM.c **** *  None.
  70:Generated_Source\PSoC5/LCD_Char_1_PM.c **** *
  71:Generated_Source\PSoC5/LCD_Char_1_PM.c **** * Return:
  72:Generated_Source\PSoC5/LCD_Char_1_PM.c **** *  None.
  73:Generated_Source\PSoC5/LCD_Char_1_PM.c **** *
  74:Generated_Source\PSoC5/LCD_Char_1_PM.c **** * Reentrant:
  75:Generated_Source\PSoC5/LCD_Char_1_PM.c **** *  No.
  76:Generated_Source\PSoC5/LCD_Char_1_PM.c **** *
  77:Generated_Source\PSoC5/LCD_Char_1_PM.c **** *******************************************************************************/
  78:Generated_Source\PSoC5/LCD_Char_1_PM.c **** void LCD_Char_1_Sleep(void) 
  79:Generated_Source\PSoC5/LCD_Char_1_PM.c **** {
  61              		.loc 1 79 0
  62              		.cfi_startproc
  63              		@ args = 0, pretend = 0, frame = 0
  64              		@ frame_needed = 0, uses_anonymous_args = 0
  65              		@ link register save eliminated.
  80:Generated_Source\PSoC5/LCD_Char_1_PM.c ****     LCD_Char_1_backup.enableState = LCD_Char_1_enableState;
  66              		.loc 1 80 0
  67 0000 024B     		ldr	r3, .L4
  68 0002 1A78     		ldrb	r2, [r3]	@ zero_extendqisi2
  69 0004 024B     		ldr	r3, .L4+4
  70 0006 1A70     		strb	r2, [r3]
  81:Generated_Source\PSoC5/LCD_Char_1_PM.c ****     LCD_Char_1_SaveConfig();
  82:Generated_Source\PSoC5/LCD_Char_1_PM.c ****     LCD_Char_1_Stop();
  71              		.loc 1 82 0
  72 0008 FFF7FEBF 		b	LCD_Char_1_Stop
  73              	.LVL0:
  74              	.L5:
  75              		.align	2
  76              	.L4:
  77 000c 00000000 		.word	LCD_Char_1_enableState
  78 0010 00000000 		.word	.LANCHOR0
  79              		.cfi_endproc
  80              	.LFE2:
  81              		.size	LCD_Char_1_Sleep, .-LCD_Char_1_Sleep
  82              		.section	.text.LCD_Char_1_Wakeup,"ax",%progbits
  83              		.align	1
  84              		.global	LCD_Char_1_Wakeup
  85              		.thumb
  86              		.thumb_func
  87              		.type	LCD_Char_1_Wakeup, %function
  88              	LCD_Char_1_Wakeup:
  89              	.LFB3:
ARM GAS  C:\Users\labadmin\AppData\Local\Temp\cc2N34mz.s 			page 4


  83:Generated_Source\PSoC5/LCD_Char_1_PM.c **** }
  84:Generated_Source\PSoC5/LCD_Char_1_PM.c **** 
  85:Generated_Source\PSoC5/LCD_Char_1_PM.c **** 
  86:Generated_Source\PSoC5/LCD_Char_1_PM.c **** /*******************************************************************************
  87:Generated_Source\PSoC5/LCD_Char_1_PM.c **** * Function Name: LCD_Char_1_Wakeup
  88:Generated_Source\PSoC5/LCD_Char_1_PM.c **** ********************************************************************************
  89:Generated_Source\PSoC5/LCD_Char_1_PM.c **** *
  90:Generated_Source\PSoC5/LCD_Char_1_PM.c **** * Summary:
  91:Generated_Source\PSoC5/LCD_Char_1_PM.c **** *  Wakes the component from sleep mode. Configures DMA and enables the component
  92:Generated_Source\PSoC5/LCD_Char_1_PM.c **** *  for normal operation.
  93:Generated_Source\PSoC5/LCD_Char_1_PM.c **** *
  94:Generated_Source\PSoC5/LCD_Char_1_PM.c **** * Parameters:
  95:Generated_Source\PSoC5/LCD_Char_1_PM.c **** *  LCD_Char_1_enableState - Global variable.
  96:Generated_Source\PSoC5/LCD_Char_1_PM.c **** *
  97:Generated_Source\PSoC5/LCD_Char_1_PM.c **** * Return:
  98:Generated_Source\PSoC5/LCD_Char_1_PM.c **** *  Status one of standard status for PSoC3 Component
  99:Generated_Source\PSoC5/LCD_Char_1_PM.c **** *       CYRET_SUCCESS - Function completed successfully.
 100:Generated_Source\PSoC5/LCD_Char_1_PM.c **** *       CYRET_LOCKED - The object was locked, already in use. Some of TDs or
 101:Generated_Source\PSoC5/LCD_Char_1_PM.c **** *                      a channel already in use.
 102:Generated_Source\PSoC5/LCD_Char_1_PM.c **** *
 103:Generated_Source\PSoC5/LCD_Char_1_PM.c **** * Reentrant:
 104:Generated_Source\PSoC5/LCD_Char_1_PM.c **** *  No.
 105:Generated_Source\PSoC5/LCD_Char_1_PM.c **** *
 106:Generated_Source\PSoC5/LCD_Char_1_PM.c **** *******************************************************************************/
 107:Generated_Source\PSoC5/LCD_Char_1_PM.c **** void LCD_Char_1_Wakeup(void) 
 108:Generated_Source\PSoC5/LCD_Char_1_PM.c **** {
  90              		.loc 1 108 0
  91              		.cfi_startproc
  92              		@ args = 0, pretend = 0, frame = 0
  93              		@ frame_needed = 0, uses_anonymous_args = 0
  94              		@ link register save eliminated.
 109:Generated_Source\PSoC5/LCD_Char_1_PM.c ****     LCD_Char_1_RestoreConfig();
 110:Generated_Source\PSoC5/LCD_Char_1_PM.c **** 
 111:Generated_Source\PSoC5/LCD_Char_1_PM.c ****     if(LCD_Char_1_backup.enableState == 1u)
  95              		.loc 1 111 0
  96 0000 034B     		ldr	r3, .L9
  97 0002 1B78     		ldrb	r3, [r3]	@ zero_extendqisi2
  98 0004 012B     		cmp	r3, #1
  99 0006 01D1     		bne	.L6
 112:Generated_Source\PSoC5/LCD_Char_1_PM.c ****     {
 113:Generated_Source\PSoC5/LCD_Char_1_PM.c ****         LCD_Char_1_Enable();
 100              		.loc 1 113 0
 101 0008 FFF7FEBF 		b	LCD_Char_1_Enable
 102              	.LVL1:
 103              	.L6:
 104 000c 7047     		bx	lr
 105              	.L10:
 106 000e 00BF     		.align	2
 107              	.L9:
 108 0010 00000000 		.word	.LANCHOR0
 109              		.cfi_endproc
 110              	.LFE3:
 111              		.size	LCD_Char_1_Wakeup, .-LCD_Char_1_Wakeup
 112              		.bss
 113              		.set	.LANCHOR0,. + 0
 114              		.type	LCD_Char_1_backup, %object
 115              		.size	LCD_Char_1_backup, 1
ARM GAS  C:\Users\labadmin\AppData\Local\Temp\cc2N34mz.s 			page 5


 116              	LCD_Char_1_backup:
 117 0000 00       		.space	1
 118              		.text
 119              	.Letext0:
 120              		.file 2 "Generated_Source\\PSoC5\\cytypes.h"
 121              		.file 3 "Generated_Source\\PSoC5\\LCD_Char_1.h"
 122              		.section	.debug_info,"",%progbits
 123              	.Ldebug_info0:
 124 0000 3F010000 		.4byte	0x13f
 125 0004 0400     		.2byte	0x4
 126 0006 00000000 		.4byte	.Ldebug_abbrev0
 127 000a 04       		.byte	0x4
 128 000b 01       		.uleb128 0x1
 129 000c 99010000 		.4byte	.LASF20
 130 0010 01       		.byte	0x1
 131 0011 43010000 		.4byte	.LASF21
 132 0015 00000000 		.4byte	.LASF22
 133 0019 00000000 		.4byte	.Ldebug_ranges0+0
 134 001d 00000000 		.4byte	0
 135 0021 00000000 		.4byte	.Ldebug_line0
 136 0025 02       		.uleb128 0x2
 137 0026 01       		.byte	0x1
 138 0027 06       		.byte	0x6
 139 0028 3C020000 		.4byte	.LASF0
 140 002c 02       		.uleb128 0x2
 141 002d 01       		.byte	0x1
 142 002e 08       		.byte	0x8
 143 002f 8A000000 		.4byte	.LASF1
 144 0033 02       		.uleb128 0x2
 145 0034 02       		.byte	0x2
 146 0035 05       		.byte	0x5
 147 0036 8F010000 		.4byte	.LASF2
 148 003a 02       		.uleb128 0x2
 149 003b 02       		.byte	0x2
 150 003c 07       		.byte	0x7
 151 003d C3000000 		.4byte	.LASF3
 152 0041 02       		.uleb128 0x2
 153 0042 04       		.byte	0x4
 154 0043 05       		.byte	0x5
 155 0044 27020000 		.4byte	.LASF4
 156 0048 02       		.uleb128 0x2
 157 0049 04       		.byte	0x4
 158 004a 07       		.byte	0x7
 159 004b B1000000 		.4byte	.LASF5
 160 004f 02       		.uleb128 0x2
 161 0050 08       		.byte	0x8
 162 0051 05       		.byte	0x5
 163 0052 7C010000 		.4byte	.LASF6
 164 0056 02       		.uleb128 0x2
 165 0057 08       		.byte	0x8
 166 0058 07       		.byte	0x7
 167 0059 2C010000 		.4byte	.LASF7
 168 005d 03       		.uleb128 0x3
 169 005e 04       		.byte	0x4
 170 005f 05       		.byte	0x5
 171 0060 696E7400 		.ascii	"int\000"
 172 0064 02       		.uleb128 0x2
ARM GAS  C:\Users\labadmin\AppData\Local\Temp\cc2N34mz.s 			page 6


 173 0065 04       		.byte	0x4
 174 0066 07       		.byte	0x7
 175 0067 1F010000 		.4byte	.LASF8
 176 006b 04       		.uleb128 0x4
 177 006c 84000000 		.4byte	.LASF12
 178 0070 02       		.byte	0x2
 179 0071 9201     		.2byte	0x192
 180 0073 2C000000 		.4byte	0x2c
 181 0077 02       		.uleb128 0x2
 182 0078 04       		.byte	0x4
 183 0079 04       		.byte	0x4
 184 007a 7E000000 		.4byte	.LASF9
 185 007e 02       		.uleb128 0x2
 186 007f 08       		.byte	0x8
 187 0080 04       		.byte	0x4
 188 0081 FF000000 		.4byte	.LASF10
 189 0085 02       		.uleb128 0x2
 190 0086 01       		.byte	0x1
 191 0087 08       		.byte	0x8
 192 0088 8A010000 		.4byte	.LASF11
 193 008c 05       		.uleb128 0x5
 194 008d 01       		.byte	0x1
 195 008e 03       		.byte	0x3
 196 008f 2C       		.byte	0x2c
 197 0090 A1000000 		.4byte	0xa1
 198 0094 06       		.uleb128 0x6
 199 0095 30020000 		.4byte	.LASF23
 200 0099 03       		.byte	0x3
 201 009a 2E       		.byte	0x2e
 202 009b 6B000000 		.4byte	0x6b
 203 009f 00       		.byte	0
 204 00a0 00       		.byte	0
 205 00a1 07       		.uleb128 0x7
 206 00a2 06010000 		.4byte	.LASF13
 207 00a6 03       		.byte	0x3
 208 00a7 2F       		.byte	0x2f
 209 00a8 8C000000 		.4byte	0x8c
 210 00ac 08       		.uleb128 0x8
 211 00ad 48020000 		.4byte	.LASF14
 212 00b1 01       		.byte	0x1
 213 00b2 25       		.byte	0x25
 214 00b3 01       		.byte	0x1
 215 00b4 08       		.uleb128 0x8
 216 00b5 98000000 		.4byte	.LASF15
 217 00b9 01       		.byte	0x1
 218 00ba 38       		.byte	0x38
 219 00bb 01       		.byte	0x1
 220 00bc 09       		.uleb128 0x9
 221 00bd AC000000 		.4byte	0xac
 222 00c1 00000000 		.4byte	.LFB0
 223 00c5 02000000 		.4byte	.LFE0-.LFB0
 224 00c9 01       		.uleb128 0x1
 225 00ca 9C       		.byte	0x9c
 226 00cb 09       		.uleb128 0x9
 227 00cc B4000000 		.4byte	0xb4
 228 00d0 00000000 		.4byte	.LFB1
 229 00d4 02000000 		.4byte	.LFE1-.LFB1
ARM GAS  C:\Users\labadmin\AppData\Local\Temp\cc2N34mz.s 			page 7


 230 00d8 01       		.uleb128 0x1
 231 00d9 9C       		.byte	0x9c
 232 00da 0A       		.uleb128 0xa
 233 00db 4B000000 		.4byte	.LASF16
 234 00df 01       		.byte	0x1
 235 00e0 4E       		.byte	0x4e
 236 00e1 00000000 		.4byte	.LFB2
 237 00e5 14000000 		.4byte	.LFE2-.LFB2
 238 00e9 01       		.uleb128 0x1
 239 00ea 9C       		.byte	0x9c
 240 00eb F9000000 		.4byte	0xf9
 241 00ef 0B       		.uleb128 0xb
 242 00f0 0C000000 		.4byte	.LVL0
 243 00f4 34010000 		.4byte	0x134
 244 00f8 00       		.byte	0
 245 00f9 0A       		.uleb128 0xa
 246 00fa 6A010000 		.4byte	.LASF17
 247 00fe 01       		.byte	0x1
 248 00ff 6B       		.byte	0x6b
 249 0100 00000000 		.4byte	.LFB3
 250 0104 14000000 		.4byte	.LFE3-.LFB3
 251 0108 01       		.uleb128 0x1
 252 0109 9C       		.byte	0x9c
 253 010a 18010000 		.4byte	0x118
 254 010e 0B       		.uleb128 0xb
 255 010f 0C000000 		.4byte	.LVL1
 256 0113 3B010000 		.4byte	0x13b
 257 0117 00       		.byte	0
 258 0118 0C       		.uleb128 0xc
 259 0119 ED000000 		.4byte	.LASF24
 260 011d 01       		.byte	0x1
 261 011e 14       		.byte	0x14
 262 011f A1000000 		.4byte	0xa1
 263 0123 05       		.uleb128 0x5
 264 0124 03       		.byte	0x3
 265 0125 00000000 		.4byte	LCD_Char_1_backup
 266 0129 0D       		.uleb128 0xd
 267 012a D6000000 		.4byte	.LASF25
 268 012e 03       		.byte	0x3
 269 012f 76       		.byte	0x76
 270 0130 6B000000 		.4byte	0x6b
 271 0134 0E       		.uleb128 0xe
 272 0135 6E000000 		.4byte	.LASF18
 273 0139 03       		.byte	0x3
 274 013a 39       		.byte	0x39
 275 013b 0E       		.uleb128 0xe
 276 013c 5C000000 		.4byte	.LASF19
 277 0140 03       		.byte	0x3
 278 0141 37       		.byte	0x37
 279 0142 00       		.byte	0
 280              		.section	.debug_abbrev,"",%progbits
 281              	.Ldebug_abbrev0:
 282 0000 01       		.uleb128 0x1
 283 0001 11       		.uleb128 0x11
 284 0002 01       		.byte	0x1
 285 0003 25       		.uleb128 0x25
 286 0004 0E       		.uleb128 0xe
ARM GAS  C:\Users\labadmin\AppData\Local\Temp\cc2N34mz.s 			page 8


 287 0005 13       		.uleb128 0x13
 288 0006 0B       		.uleb128 0xb
 289 0007 03       		.uleb128 0x3
 290 0008 0E       		.uleb128 0xe
 291 0009 1B       		.uleb128 0x1b
 292 000a 0E       		.uleb128 0xe
 293 000b 55       		.uleb128 0x55
 294 000c 17       		.uleb128 0x17
 295 000d 11       		.uleb128 0x11
 296 000e 01       		.uleb128 0x1
 297 000f 10       		.uleb128 0x10
 298 0010 17       		.uleb128 0x17
 299 0011 00       		.byte	0
 300 0012 00       		.byte	0
 301 0013 02       		.uleb128 0x2
 302 0014 24       		.uleb128 0x24
 303 0015 00       		.byte	0
 304 0016 0B       		.uleb128 0xb
 305 0017 0B       		.uleb128 0xb
 306 0018 3E       		.uleb128 0x3e
 307 0019 0B       		.uleb128 0xb
 308 001a 03       		.uleb128 0x3
 309 001b 0E       		.uleb128 0xe
 310 001c 00       		.byte	0
 311 001d 00       		.byte	0
 312 001e 03       		.uleb128 0x3
 313 001f 24       		.uleb128 0x24
 314 0020 00       		.byte	0
 315 0021 0B       		.uleb128 0xb
 316 0022 0B       		.uleb128 0xb
 317 0023 3E       		.uleb128 0x3e
 318 0024 0B       		.uleb128 0xb
 319 0025 03       		.uleb128 0x3
 320 0026 08       		.uleb128 0x8
 321 0027 00       		.byte	0
 322 0028 00       		.byte	0
 323 0029 04       		.uleb128 0x4
 324 002a 16       		.uleb128 0x16
 325 002b 00       		.byte	0
 326 002c 03       		.uleb128 0x3
 327 002d 0E       		.uleb128 0xe
 328 002e 3A       		.uleb128 0x3a
 329 002f 0B       		.uleb128 0xb
 330 0030 3B       		.uleb128 0x3b
 331 0031 05       		.uleb128 0x5
 332 0032 49       		.uleb128 0x49
 333 0033 13       		.uleb128 0x13
 334 0034 00       		.byte	0
 335 0035 00       		.byte	0
 336 0036 05       		.uleb128 0x5
 337 0037 13       		.uleb128 0x13
 338 0038 01       		.byte	0x1
 339 0039 0B       		.uleb128 0xb
 340 003a 0B       		.uleb128 0xb
 341 003b 3A       		.uleb128 0x3a
 342 003c 0B       		.uleb128 0xb
 343 003d 3B       		.uleb128 0x3b
ARM GAS  C:\Users\labadmin\AppData\Local\Temp\cc2N34mz.s 			page 9


 344 003e 0B       		.uleb128 0xb
 345 003f 01       		.uleb128 0x1
 346 0040 13       		.uleb128 0x13
 347 0041 00       		.byte	0
 348 0042 00       		.byte	0
 349 0043 06       		.uleb128 0x6
 350 0044 0D       		.uleb128 0xd
 351 0045 00       		.byte	0
 352 0046 03       		.uleb128 0x3
 353 0047 0E       		.uleb128 0xe
 354 0048 3A       		.uleb128 0x3a
 355 0049 0B       		.uleb128 0xb
 356 004a 3B       		.uleb128 0x3b
 357 004b 0B       		.uleb128 0xb
 358 004c 49       		.uleb128 0x49
 359 004d 13       		.uleb128 0x13
 360 004e 38       		.uleb128 0x38
 361 004f 0B       		.uleb128 0xb
 362 0050 00       		.byte	0
 363 0051 00       		.byte	0
 364 0052 07       		.uleb128 0x7
 365 0053 16       		.uleb128 0x16
 366 0054 00       		.byte	0
 367 0055 03       		.uleb128 0x3
 368 0056 0E       		.uleb128 0xe
 369 0057 3A       		.uleb128 0x3a
 370 0058 0B       		.uleb128 0xb
 371 0059 3B       		.uleb128 0x3b
 372 005a 0B       		.uleb128 0xb
 373 005b 49       		.uleb128 0x49
 374 005c 13       		.uleb128 0x13
 375 005d 00       		.byte	0
 376 005e 00       		.byte	0
 377 005f 08       		.uleb128 0x8
 378 0060 2E       		.uleb128 0x2e
 379 0061 00       		.byte	0
 380 0062 3F       		.uleb128 0x3f
 381 0063 19       		.uleb128 0x19
 382 0064 03       		.uleb128 0x3
 383 0065 0E       		.uleb128 0xe
 384 0066 3A       		.uleb128 0x3a
 385 0067 0B       		.uleb128 0xb
 386 0068 3B       		.uleb128 0x3b
 387 0069 0B       		.uleb128 0xb
 388 006a 27       		.uleb128 0x27
 389 006b 19       		.uleb128 0x19
 390 006c 20       		.uleb128 0x20
 391 006d 0B       		.uleb128 0xb
 392 006e 00       		.byte	0
 393 006f 00       		.byte	0
 394 0070 09       		.uleb128 0x9
 395 0071 2E       		.uleb128 0x2e
 396 0072 00       		.byte	0
 397 0073 31       		.uleb128 0x31
 398 0074 13       		.uleb128 0x13
 399 0075 11       		.uleb128 0x11
 400 0076 01       		.uleb128 0x1
ARM GAS  C:\Users\labadmin\AppData\Local\Temp\cc2N34mz.s 			page 10


 401 0077 12       		.uleb128 0x12
 402 0078 06       		.uleb128 0x6
 403 0079 40       		.uleb128 0x40
 404 007a 18       		.uleb128 0x18
 405 007b 9742     		.uleb128 0x2117
 406 007d 19       		.uleb128 0x19
 407 007e 00       		.byte	0
 408 007f 00       		.byte	0
 409 0080 0A       		.uleb128 0xa
 410 0081 2E       		.uleb128 0x2e
 411 0082 01       		.byte	0x1
 412 0083 3F       		.uleb128 0x3f
 413 0084 19       		.uleb128 0x19
 414 0085 03       		.uleb128 0x3
 415 0086 0E       		.uleb128 0xe
 416 0087 3A       		.uleb128 0x3a
 417 0088 0B       		.uleb128 0xb
 418 0089 3B       		.uleb128 0x3b
 419 008a 0B       		.uleb128 0xb
 420 008b 27       		.uleb128 0x27
 421 008c 19       		.uleb128 0x19
 422 008d 11       		.uleb128 0x11
 423 008e 01       		.uleb128 0x1
 424 008f 12       		.uleb128 0x12
 425 0090 06       		.uleb128 0x6
 426 0091 40       		.uleb128 0x40
 427 0092 18       		.uleb128 0x18
 428 0093 9742     		.uleb128 0x2117
 429 0095 19       		.uleb128 0x19
 430 0096 01       		.uleb128 0x1
 431 0097 13       		.uleb128 0x13
 432 0098 00       		.byte	0
 433 0099 00       		.byte	0
 434 009a 0B       		.uleb128 0xb
 435 009b 898201   		.uleb128 0x4109
 436 009e 00       		.byte	0
 437 009f 11       		.uleb128 0x11
 438 00a0 01       		.uleb128 0x1
 439 00a1 9542     		.uleb128 0x2115
 440 00a3 19       		.uleb128 0x19
 441 00a4 31       		.uleb128 0x31
 442 00a5 13       		.uleb128 0x13
 443 00a6 00       		.byte	0
 444 00a7 00       		.byte	0
 445 00a8 0C       		.uleb128 0xc
 446 00a9 34       		.uleb128 0x34
 447 00aa 00       		.byte	0
 448 00ab 03       		.uleb128 0x3
 449 00ac 0E       		.uleb128 0xe
 450 00ad 3A       		.uleb128 0x3a
 451 00ae 0B       		.uleb128 0xb
 452 00af 3B       		.uleb128 0x3b
 453 00b0 0B       		.uleb128 0xb
 454 00b1 49       		.uleb128 0x49
 455 00b2 13       		.uleb128 0x13
 456 00b3 02       		.uleb128 0x2
 457 00b4 18       		.uleb128 0x18
ARM GAS  C:\Users\labadmin\AppData\Local\Temp\cc2N34mz.s 			page 11


 458 00b5 00       		.byte	0
 459 00b6 00       		.byte	0
 460 00b7 0D       		.uleb128 0xd
 461 00b8 34       		.uleb128 0x34
 462 00b9 00       		.byte	0
 463 00ba 03       		.uleb128 0x3
 464 00bb 0E       		.uleb128 0xe
 465 00bc 3A       		.uleb128 0x3a
 466 00bd 0B       		.uleb128 0xb
 467 00be 3B       		.uleb128 0x3b
 468 00bf 0B       		.uleb128 0xb
 469 00c0 49       		.uleb128 0x49
 470 00c1 13       		.uleb128 0x13
 471 00c2 3F       		.uleb128 0x3f
 472 00c3 19       		.uleb128 0x19
 473 00c4 3C       		.uleb128 0x3c
 474 00c5 19       		.uleb128 0x19
 475 00c6 00       		.byte	0
 476 00c7 00       		.byte	0
 477 00c8 0E       		.uleb128 0xe
 478 00c9 2E       		.uleb128 0x2e
 479 00ca 00       		.byte	0
 480 00cb 3F       		.uleb128 0x3f
 481 00cc 19       		.uleb128 0x19
 482 00cd 03       		.uleb128 0x3
 483 00ce 0E       		.uleb128 0xe
 484 00cf 3A       		.uleb128 0x3a
 485 00d0 0B       		.uleb128 0xb
 486 00d1 3B       		.uleb128 0x3b
 487 00d2 0B       		.uleb128 0xb
 488 00d3 27       		.uleb128 0x27
 489 00d4 19       		.uleb128 0x19
 490 00d5 3C       		.uleb128 0x3c
 491 00d6 19       		.uleb128 0x19
 492 00d7 00       		.byte	0
 493 00d8 00       		.byte	0
 494 00d9 00       		.byte	0
 495              		.section	.debug_aranges,"",%progbits
 496 0000 34000000 		.4byte	0x34
 497 0004 0200     		.2byte	0x2
 498 0006 00000000 		.4byte	.Ldebug_info0
 499 000a 04       		.byte	0x4
 500 000b 00       		.byte	0
 501 000c 0000     		.2byte	0
 502 000e 0000     		.2byte	0
 503 0010 00000000 		.4byte	.LFB0
 504 0014 02000000 		.4byte	.LFE0-.LFB0
 505 0018 00000000 		.4byte	.LFB1
 506 001c 02000000 		.4byte	.LFE1-.LFB1
 507 0020 00000000 		.4byte	.LFB2
 508 0024 14000000 		.4byte	.LFE2-.LFB2
 509 0028 00000000 		.4byte	.LFB3
 510 002c 14000000 		.4byte	.LFE3-.LFB3
 511 0030 00000000 		.4byte	0
 512 0034 00000000 		.4byte	0
 513              		.section	.debug_ranges,"",%progbits
 514              	.Ldebug_ranges0:
ARM GAS  C:\Users\labadmin\AppData\Local\Temp\cc2N34mz.s 			page 12


 515 0000 00000000 		.4byte	.LFB0
 516 0004 02000000 		.4byte	.LFE0
 517 0008 00000000 		.4byte	.LFB1
 518 000c 02000000 		.4byte	.LFE1
 519 0010 00000000 		.4byte	.LFB2
 520 0014 14000000 		.4byte	.LFE2
 521 0018 00000000 		.4byte	.LFB3
 522 001c 14000000 		.4byte	.LFE3
 523 0020 00000000 		.4byte	0
 524 0024 00000000 		.4byte	0
 525              		.section	.debug_line,"",%progbits
 526              	.Ldebug_line0:
 527 0000 A2000000 		.section	.debug_str,"MS",%progbits,1
 527      02005A00 
 527      00000201 
 527      FB0E0D00 
 527      01010101 
 528              	.LASF22:
 529 0000 433A5C55 		.ascii	"C:\\Users\\labadmin\\Documents\\GitHub\\CY8CKITDAC\\"
 529      73657273 
 529      5C6C6162 
 529      61646D69 
 529      6E5C446F 
 530 002e 56444143 		.ascii	"VDAC8_ExampleProject01.cydsn\000"
 530      385F4578 
 530      616D706C 
 530      6550726F 
 530      6A656374 
 531              	.LASF16:
 532 004b 4C43445F 		.ascii	"LCD_Char_1_Sleep\000"
 532      43686172 
 532      5F315F53 
 532      6C656570 
 532      00
 533              	.LASF19:
 534 005c 4C43445F 		.ascii	"LCD_Char_1_Enable\000"
 534      43686172 
 534      5F315F45 
 534      6E61626C 
 534      6500
 535              	.LASF18:
 536 006e 4C43445F 		.ascii	"LCD_Char_1_Stop\000"
 536      43686172 
 536      5F315F53 
 536      746F7000 
 537              	.LASF9:
 538 007e 666C6F61 		.ascii	"float\000"
 538      7400
 539              	.LASF12:
 540 0084 75696E74 		.ascii	"uint8\000"
 540      3800
 541              	.LASF1:
 542 008a 756E7369 		.ascii	"unsigned char\000"
 542      676E6564 
 542      20636861 
 542      7200
 543              	.LASF15:
ARM GAS  C:\Users\labadmin\AppData\Local\Temp\cc2N34mz.s 			page 13


 544 0098 4C43445F 		.ascii	"LCD_Char_1_RestoreConfig\000"
 544      43686172 
 544      5F315F52 
 544      6573746F 
 544      7265436F 
 545              	.LASF5:
 546 00b1 6C6F6E67 		.ascii	"long unsigned int\000"
 546      20756E73 
 546      69676E65 
 546      6420696E 
 546      7400
 547              	.LASF3:
 548 00c3 73686F72 		.ascii	"short unsigned int\000"
 548      7420756E 
 548      7369676E 
 548      65642069 
 548      6E7400
 549              	.LASF25:
 550 00d6 4C43445F 		.ascii	"LCD_Char_1_enableState\000"
 550      43686172 
 550      5F315F65 
 550      6E61626C 
 550      65537461 
 551              	.LASF24:
 552 00ed 4C43445F 		.ascii	"LCD_Char_1_backup\000"
 552      43686172 
 552      5F315F62 
 552      61636B75 
 552      7000
 553              	.LASF10:
 554 00ff 646F7562 		.ascii	"double\000"
 554      6C6500
 555              	.LASF13:
 556 0106 4C43445F 		.ascii	"LCD_Char_1_BACKUP_STRUCT\000"
 556      43686172 
 556      5F315F42 
 556      41434B55 
 556      505F5354 
 557              	.LASF8:
 558 011f 756E7369 		.ascii	"unsigned int\000"
 558      676E6564 
 558      20696E74 
 558      00
 559              	.LASF7:
 560 012c 6C6F6E67 		.ascii	"long long unsigned int\000"
 560      206C6F6E 
 560      6720756E 
 560      7369676E 
 560      65642069 
 561              	.LASF21:
 562 0143 47656E65 		.ascii	"Generated_Source\\PSoC5\\LCD_Char_1_PM.c\000"
 562      72617465 
 562      645F536F 
 562      75726365 
 562      5C50536F 
 563              	.LASF17:
 564 016a 4C43445F 		.ascii	"LCD_Char_1_Wakeup\000"
ARM GAS  C:\Users\labadmin\AppData\Local\Temp\cc2N34mz.s 			page 14


 564      43686172 
 564      5F315F57 
 564      616B6575 
 564      7000
 565              	.LASF6:
 566 017c 6C6F6E67 		.ascii	"long long int\000"
 566      206C6F6E 
 566      6720696E 
 566      7400
 567              	.LASF11:
 568 018a 63686172 		.ascii	"char\000"
 568      00
 569              	.LASF2:
 570 018f 73686F72 		.ascii	"short int\000"
 570      7420696E 
 570      7400
 571              	.LASF20:
 572 0199 474E5520 		.ascii	"GNU C 4.9.3 20150303 (release) [ARM/embedded-4_9-br"
 572      4320342E 
 572      392E3320 
 572      32303135 
 572      30333033 
 573 01cc 616E6368 		.ascii	"anch revision 221220] -mcpu=cortex-m3 -mthumb -g -O"
 573      20726576 
 573      6973696F 
 573      6E203232 
 573      31323230 
 574 01ff 73202D66 		.ascii	"s -ffunction-sections -ffat-lto-objects\000"
 574      66756E63 
 574      74696F6E 
 574      2D736563 
 574      74696F6E 
 575              	.LASF4:
 576 0227 6C6F6E67 		.ascii	"long int\000"
 576      20696E74 
 576      00
 577              	.LASF23:
 578 0230 656E6162 		.ascii	"enableState\000"
 578      6C655374 
 578      61746500 
 579              	.LASF0:
 580 023c 7369676E 		.ascii	"signed char\000"
 580      65642063 
 580      68617200 
 581              	.LASF14:
 582 0248 4C43445F 		.ascii	"LCD_Char_1_SaveConfig\000"
 582      43686172 
 582      5F315F53 
 582      61766543 
 582      6F6E6669 
 583              		.ident	"GCC: (GNU Tools for ARM Embedded Processors) 4.9.3 20150303 (release) [ARM/embedded-4_9-br
