ARM GAS  C:\Users\labadmin\AppData\Local\Temp\ccyQMXjv.s 			page 1


   1              		.syntax unified
   2              		.cpu cortex-m3
   3              		.fpu softvfp
   4              		.eabi_attribute 20, 1
   5              		.eabi_attribute 21, 1
   6              		.eabi_attribute 23, 3
   7              		.eabi_attribute 24, 1
   8              		.eabi_attribute 25, 1
   9              		.eabi_attribute 26, 1
  10              		.eabi_attribute 30, 6
  11              		.eabi_attribute 34, 1
  12              		.eabi_attribute 18, 4
  13              		.thumb
  14              		.file	"main.c"
  15              		.text
  16              	.Ltext0:
  17              		.cfi_sections	.debug_frame
  18              		.global _printf_float
  19              		.thumb
  20              		.global	parity
  21              		.section	.rodata
  22              		.align	2
  23              	.LC0:
  24 0000 4E6F6E65 		.ascii	"None\000"
  24      00
  25 0005 000000   		.align	2
  26              	.LC1:
  27 0008 4F646400 		.ascii	"Odd\000"
  28              		.align	2
  29              	.LC2:
  30 000c 4576656E 		.ascii	"Even\000"
  30      00
  31 0011 000000   		.align	2
  32              	.LC3:
  33 0014 4D61726B 		.ascii	"Mark\000"
  33      00
  34 0019 000000   		.align	2
  35              	.LC4:
  36 001c 53706163 		.ascii	"Space\000"
  36      6500
  37              		.data
  38              		.align	2
  39              		.type	parity, %object
  40              		.size	parity, 20
  41              	parity:
  42 0000 00000000 		.word	.LC0
  43 0004 08000000 		.word	.LC1
  44 0008 0C000000 		.word	.LC2
  45 000c 14000000 		.word	.LC3
  46 0010 1C000000 		.word	.LC4
  47              		.global	stop
  48              		.section	.rodata
  49 0022 0000     		.align	2
  50              	.LC5:
  51 0024 3100     		.ascii	"1\000"
  52 0026 0000     		.align	2
  53              	.LC6:
ARM GAS  C:\Users\labadmin\AppData\Local\Temp\ccyQMXjv.s 			page 2


  54 0028 312E3500 		.ascii	"1.5\000"
  55              		.align	2
  56              	.LC7:
  57 002c 3200     		.ascii	"2\000"
  58              		.data
  59              		.align	2
  60              		.type	stop, %object
  61              		.size	stop, 12
  62              	stop:
  63 0014 24000000 		.word	.LC5
  64 0018 28000000 		.word	.LC6
  65 001c 2C000000 		.word	.LC7
  66              		.section	.rodata
  67 002e 0000     		.align	2
  68              	.LC8:
  69 0030 20202020 		.ascii	"                    \000"
  69      20202020 
  69      20202020 
  69      20202020 
  69      20202020 
  70 0045 000000   		.align	2
  71              	.LC9:
  72 0048 42523A25 		.ascii	"BR:%4ld %d%c%s\000"
  72      346C6420 
  72      25642563 
  72      257300
  73 0057 00       		.align	2
  74              	.LC10:
  75 0058 4F4E00   		.ascii	"ON\000"
  76 005b 00       		.align	2
  77              	.LC11:
  78 005c 4F464600 		.ascii	"OFF\000"
  79              		.align	2
  80              	.LC12:
  81 0060 4454523A 		.ascii	"DTR:%s,RTS:%s\000"
  81      25732C52 
  81      54533A25 
  81      7300
  82 006e 0000     		.section	.text.main,"ax",%progbits
  83              		.align	2
  84              		.global	main
  85              		.thumb
  86              		.thumb_func
  87              		.type	main, %function
  88              	main:
  89              	.LFB63:
  90              		.file 1 "main.c"
   1:main.c        **** /*******************************************************************************
   2:main.c        **** * File Name: main.c
   3:main.c        **** *
   4:main.c        **** * Version: 2.0
   5:main.c        **** *
   6:main.c        **** * Description:
   7:main.c        **** *   The component is enumerated as a Virtual Com port. Receives data from the 
   8:main.c        **** *   hyper terminal, then sends back the received data.
   9:main.c        **** *   For PSoC3/PSoC5LP, the LCD shows the line settings.
  10:main.c        **** *
ARM GAS  C:\Users\labadmin\AppData\Local\Temp\ccyQMXjv.s 			page 3


  11:main.c        **** * Related Document:
  12:main.c        **** *  Universal Serial Bus Specification Revision 2.0
  13:main.c        **** *  Universal Serial Bus Class Definitions for Communications Devices
  14:main.c        **** *  Revision 1.2
  15:main.c        **** *
  16:main.c        **** ********************************************************************************
  17:main.c        **** * Copyright 2015, Cypress Semiconductor Corporation. All rights reserved.
  18:main.c        **** * This software is owned by Cypress Semiconductor Corporation and is protected
  19:main.c        **** * by and subject to worldwide patent and copyright laws and treaties.
  20:main.c        **** * Therefore, you may use this software only as provided in the license agreement
  21:main.c        **** * accompanying the software package from which you obtained this software.
  22:main.c        **** * CYPRESS AND ITS SUPPLIERS MAKE NO WARRANTY OF ANY KIND, EXPRESS OR IMPLIED,
  23:main.c        **** * WITH REGARD TO THIS SOFTWARE, INCLUDING, BUT NOT LIMITED TO, NONINFRINGEMENT,
  24:main.c        **** * IMPLIED WARRANTIES OF MERCHANTABILITY AND FITNESS FOR A PARTICULAR PURPOSE.
  25:main.c        **** *******************************************************************************/
  26:main.c        **** 
  27:main.c        **** #include <project.h>
  28:main.c        **** #include "stdio.h"
  29:main.c        **** 
  30:main.c        **** #if defined (__GNUC__)
  31:main.c        ****     /* Add an explicit reference to the floating point printf library */
  32:main.c        ****     /* to allow usage of the floating point conversion specifiers. */
  33:main.c        ****     /* This is not linked in by default with the newlib-nano library. */
  34:main.c        ****     asm (".global _printf_float");
  35:main.c        **** #endif
  36:main.c        **** 
  37:main.c        **** #define USBFS_DEVICE    (0u)
  38:main.c        **** 
  39:main.c        **** /* The buffer size is equal to the maximum packet size of the IN and OUT bulk
  40:main.c        **** * endpoints.
  41:main.c        **** */
  42:main.c        **** #define USBUART_BUFFER_SIZE (64u)
  43:main.c        **** #define LINE_STR_LENGTH     (20u)
  44:main.c        **** 
  45:main.c        **** char8* parity[] = {"None", "Odd", "Even", "Mark", "Space"};
  46:main.c        **** char8* stop[]   = {"1", "1.5", "2"};
  47:main.c        **** 
  48:main.c        **** 
  49:main.c        **** /*******************************************************************************
  50:main.c        **** * Function Name: main
  51:main.c        **** ********************************************************************************
  52:main.c        **** *
  53:main.c        **** * Summary:
  54:main.c        **** *  The main function performs the following actions:
  55:main.c        **** *   1. Waits until VBUS becomes valid and starts the USBFS component which is
  56:main.c        **** *      enumerated as virtual Com port.
  57:main.c        **** *   2. Waits until the device is enumerated by the host.
  58:main.c        **** *   3. Waits for data coming from the hyper terminal and sends it back.
  59:main.c        **** *   4. PSoC3/PSoC5LP: the LCD shows the line settings.
  60:main.c        **** *
  61:main.c        **** * Parameters:
  62:main.c        **** *  None.
  63:main.c        **** *
  64:main.c        **** * Return:
  65:main.c        **** *  None.
  66:main.c        **** *
  67:main.c        **** *******************************************************************************/
ARM GAS  C:\Users\labadmin\AppData\Local\Temp\ccyQMXjv.s 			page 4


  68:main.c        **** int main()
  69:main.c        **** {
  91              		.loc 1 69 0
  92              		.cfi_startproc
  93              		@ args = 0, pretend = 0, frame = 88
  94              		@ frame_needed = 1, uses_anonymous_args = 0
  95 0000 F0B5     		push	{r4, r5, r6, r7, lr}
  96              		.cfi_def_cfa_offset 20
  97              		.cfi_offset 4, -20
  98              		.cfi_offset 5, -16
  99              		.cfi_offset 6, -12
 100              		.cfi_offset 7, -8
 101              		.cfi_offset 14, -4
 102 0002 99B0     		sub	sp, sp, #100
 103              		.cfi_def_cfa_offset 120
 104 0004 02AF     		add	r7, sp, #8
 105              		.cfi_def_cfa 7, 112
  70:main.c        ****     uint16 count;
  71:main.c        ****     uint8 buffer[USBUART_BUFFER_SIZE];
  72:main.c        ****     
  73:main.c        **** #if (CY_PSOC3 || CY_PSOC5LP)
  74:main.c        ****     uint8 state;
  75:main.c        ****     char8 lineStr[LINE_STR_LENGTH];
  76:main.c        ****     
  77:main.c        ****     LCD_Start();
 106              		.loc 1 77 0
 107 0006 FFF7FEFF 		bl	LCD_Start
  78:main.c        **** #endif /* (CY_PSOC3 || CY_PSOC5LP) */
  79:main.c        ****     
  80:main.c        ****     /* Start VDAC */
  81:main.c        ****     VDAC8_1_Start();
 108              		.loc 1 81 0
 109 000a FFF7FEFF 		bl	VDAC8_1_Start
  82:main.c        ****     VDAC8_2_Start();
 110              		.loc 1 82 0
 111 000e FFF7FEFF 		bl	VDAC8_2_Start
  83:main.c        ****     VDAC8_3_Start();
 112              		.loc 1 83 0
 113 0012 FFF7FEFF 		bl	VDAC8_3_Start
  84:main.c        ****     VDAC8_4_Start();
 114              		.loc 1 84 0
 115 0016 FFF7FEFF 		bl	VDAC8_4_Start
  85:main.c        ****     /* Set the value 200 in VDAC data register */
  86:main.c        ****     VDAC8_1_SetValue(0u);
 116              		.loc 1 86 0
 117 001a 0020     		movs	r0, #0
 118 001c FFF7FEFF 		bl	VDAC8_1_SetValue
  87:main.c        ****     VDAC8_2_SetValue(50u);
 119              		.loc 1 87 0
 120 0020 3220     		movs	r0, #50
 121 0022 FFF7FEFF 		bl	VDAC8_2_SetValue
  88:main.c        ****     VDAC8_3_SetValue(100u);
 122              		.loc 1 88 0
 123 0026 6420     		movs	r0, #100
 124 0028 FFF7FEFF 		bl	VDAC8_3_SetValue
  89:main.c        ****     VDAC8_4_SetValue(200u);
 125              		.loc 1 89 0
ARM GAS  C:\Users\labadmin\AppData\Local\Temp\ccyQMXjv.s 			page 5


 126 002c C820     		movs	r0, #200
 127 002e FFF7FEFF 		bl	VDAC8_4_SetValue
  90:main.c        **** 
  91:main.c        ****     CyGlobalIntEnable;
 128              		.loc 1 91 0
 129              	@ 91 "main.c" 1
 130 0032 62B6     		CPSIE   i
 131              	@ 0 "" 2
  92:main.c        **** 
  93:main.c        ****     /* Start USBFS operation with 5-V operation. */
  94:main.c        ****     USBUART_Start(USBFS_DEVICE, USBUART_5V_OPERATION);
 132              		.loc 1 94 0
 133              		.thumb
 134 0034 0020     		movs	r0, #0
 135 0036 0121     		movs	r1, #1
 136 0038 FFF7FEFF 		bl	USBUART_Start
 137              	.L12:
  95:main.c        ****     
  96:main.c        ****     for(;;)
  97:main.c        ****     {
  98:main.c        ****         /* Host can send double SET_INTERFACE request. */
  99:main.c        ****         if (0u != USBUART_IsConfigurationChanged())
 138              		.loc 1 99 0
 139 003c FFF7FEFF 		bl	USBUART_IsConfigurationChanged
 140 0040 0346     		mov	r3, r0
 141 0042 002B     		cmp	r3, #0
 142 0044 06D0     		beq	.L2
 100:main.c        ****         {
 101:main.c        ****             /* Initialize IN endpoints when device is configured. */
 102:main.c        ****             if (0u != USBUART_GetConfiguration())
 143              		.loc 1 102 0
 144 0046 FFF7FEFF 		bl	USBUART_GetConfiguration
 145 004a 0346     		mov	r3, r0
 146 004c 002B     		cmp	r3, #0
 147 004e 01D0     		beq	.L2
 103:main.c        ****             {
 104:main.c        ****                 /* Enumeration is done, enable OUT endpoint to receive data 
 105:main.c        ****                  * from host. */
 106:main.c        ****                 USBUART_CDC_Init();
 148              		.loc 1 106 0
 149 0050 FFF7FEFF 		bl	USBUART_CDC_Init
 150              	.L2:
 107:main.c        ****             }
 108:main.c        ****         }
 109:main.c        **** 
 110:main.c        ****         /* Service USB CDC when device is configured. */
 111:main.c        ****         if (0u != USBUART_GetConfiguration())
 151              		.loc 1 111 0
 152 0054 FFF7FEFF 		bl	USBUART_GetConfiguration
 153 0058 0346     		mov	r3, r0
 154 005a 002B     		cmp	r3, #0
 155 005c 00F0A480 		beq	.L3
 112:main.c        ****         {
 113:main.c        ****             /* Check for input data from host. */
 114:main.c        ****             if (0u != USBUART_DataIsReady())
 156              		.loc 1 114 0
 157 0060 FFF7FEFF 		bl	USBUART_DataIsReady
ARM GAS  C:\Users\labadmin\AppData\Local\Temp\ccyQMXjv.s 			page 6


 158 0064 0346     		mov	r3, r0
 159 0066 002B     		cmp	r3, #0
 160 0068 3ED0     		beq	.L4
 115:main.c        ****             {
 116:main.c        ****                 /* Read received data and re-enable OUT endpoint. */
 117:main.c        ****                 count = USBUART_GetAll(buffer);
 161              		.loc 1 117 0
 162 006a 07F11403 		add	r3, r7, #20
 163 006e 1846     		mov	r0, r3
 164 0070 FFF7FEFF 		bl	USBUART_GetAll
 165 0074 0346     		mov	r3, r0
 166 0076 A7F85430 		strh	r3, [r7, #84]	@ movhi
 118:main.c        **** 
 119:main.c        ****                 if (0u != count)
 167              		.loc 1 119 0
 168 007a B7F85430 		ldrh	r3, [r7, #84]
 169 007e 002B     		cmp	r3, #0
 170 0080 32D0     		beq	.L4
 120:main.c        ****                 {
 121:main.c        ****                     /* Wait until component is ready to send data to host. */
 122:main.c        ****                     while (0u == USBUART_CDCIsReady())
 171              		.loc 1 122 0
 172 0082 00BF     		nop
 173              	.L5:
 174              		.loc 1 122 0 is_stmt 0 discriminator 1
 175 0084 FFF7FEFF 		bl	USBUART_CDCIsReady
 176 0088 0346     		mov	r3, r0
 177 008a 002B     		cmp	r3, #0
 178 008c FAD0     		beq	.L5
 123:main.c        ****                     {
 124:main.c        ****                     }
 125:main.c        **** 
 126:main.c        ****                     /* Send data back to host. */
 127:main.c        ****                     USBUART_PutData(buffer, count);
 179              		.loc 1 127 0 is_stmt 1
 180 008e 07F11402 		add	r2, r7, #20
 181 0092 B7F85430 		ldrh	r3, [r7, #84]
 182 0096 1046     		mov	r0, r2
 183 0098 1946     		mov	r1, r3
 184 009a FFF7FEFF 		bl	USBUART_PutData
 128:main.c        ****                     
 129:main.c        ****                     //(val+2/255)*1.020 = V 
 130:main.c        ****                     
 131:main.c        ****                     /* Clear LCD line.*/ 
 132:main.c        ****                     LCD_Position(1u, 0u);
 185              		.loc 1 132 0
 186 009e 0120     		movs	r0, #1
 187 00a0 0021     		movs	r1, #0
 188 00a2 FFF7FEFF 		bl	LCD_Position
 133:main.c        ****                     LCD_PrintString("                    ");
 189              		.loc 1 133 0
 190 00a6 4148     		ldr	r0, .L13
 191 00a8 FFF7FEFF 		bl	LCD_PrintString
 134:main.c        **** 
 135:main.c        ****                     /* Output string on LCD. */
 136:main.c        ****                     LCD_Position(1u, 0u);
 192              		.loc 1 136 0
ARM GAS  C:\Users\labadmin\AppData\Local\Temp\ccyQMXjv.s 			page 7


 193 00ac 0120     		movs	r0, #1
 194 00ae 0021     		movs	r1, #0
 195 00b0 FFF7FEFF 		bl	LCD_Position
 137:main.c        ****                     LCD_PrintNumber(buffer[0]);
 196              		.loc 1 137 0
 197 00b4 3B7D     		ldrb	r3, [r7, #20]	@ zero_extendqisi2
 198 00b6 1846     		mov	r0, r3
 199 00b8 FFF7FEFF 		bl	LCD_PrintU32Number
 138:main.c        ****                     LCD_Position(1u, 5u);
 200              		.loc 1 138 0
 201 00bc 0120     		movs	r0, #1
 202 00be 0521     		movs	r1, #5
 203 00c0 FFF7FEFF 		bl	LCD_Position
 139:main.c        ****                     LCD_PrintNumber(buffer[1]);
 204              		.loc 1 139 0
 205 00c4 7B7D     		ldrb	r3, [r7, #21]	@ zero_extendqisi2
 206 00c6 1846     		mov	r0, r3
 207 00c8 FFF7FEFF 		bl	LCD_PrintU32Number
 140:main.c        ****                     /* If the last sent packet is exactly the maximum packet 
 141:main.c        ****                     *  size, it is followed by a zero-length packet to assure
 142:main.c        ****                     *  that the end of the segment is properly identified by 
 143:main.c        ****                     *  the terminal.
 144:main.c        ****                     */
 145:main.c        ****                     if (USBUART_BUFFER_SIZE == count)
 208              		.loc 1 145 0
 209 00cc B7F85430 		ldrh	r3, [r7, #84]
 210 00d0 402B     		cmp	r3, #64
 211 00d2 09D1     		bne	.L4
 146:main.c        ****                     {
 147:main.c        ****                         /* Wait until component is ready to send data to PC. */
 148:main.c        ****                         while (0u == USBUART_CDCIsReady())
 212              		.loc 1 148 0
 213 00d4 00BF     		nop
 214              	.L6:
 215              		.loc 1 148 0 is_stmt 0 discriminator 1
 216 00d6 FFF7FEFF 		bl	USBUART_CDCIsReady
 217 00da 0346     		mov	r3, r0
 218 00dc 002B     		cmp	r3, #0
 219 00de FAD0     		beq	.L6
 149:main.c        ****                         {
 150:main.c        ****                         }
 151:main.c        **** 
 152:main.c        ****                         /* Send zero-length packet to PC. */
 153:main.c        ****                         USBUART_PutData(NULL, 0u);
 220              		.loc 1 153 0 is_stmt 1
 221 00e0 0020     		movs	r0, #0
 222 00e2 0021     		movs	r1, #0
 223 00e4 FFF7FEFF 		bl	USBUART_PutData
 224              	.L4:
 154:main.c        ****                     }
 155:main.c        ****                 }
 156:main.c        ****             }
 157:main.c        **** 
 158:main.c        **** 
 159:main.c        ****         #if (CY_PSOC3 || CY_PSOC5LP)
 160:main.c        ****             /* Check for Line settings change. */
 161:main.c        ****             state = USBUART_IsLineChanged();
ARM GAS  C:\Users\labadmin\AppData\Local\Temp\ccyQMXjv.s 			page 8


 225              		.loc 1 161 0
 226 00e8 FFF7FEFF 		bl	USBUART_IsLineChanged
 227 00ec 0346     		mov	r3, r0
 228 00ee 87F85730 		strb	r3, [r7, #87]
 162:main.c        ****             if (0u != state)
 229              		.loc 1 162 0
 230 00f2 97F85730 		ldrb	r3, [r7, #87]	@ zero_extendqisi2
 231 00f6 002B     		cmp	r3, #0
 232 00f8 56D0     		beq	.L3
 163:main.c        ****             {
 164:main.c        ****                 /* Output on LCD Line Coding settings. */
 165:main.c        ****                 if (0u != (state & USBUART_LINE_CODING_CHANGED))
 233              		.loc 1 165 0
 234 00fa 97F85730 		ldrb	r3, [r7, #87]	@ zero_extendqisi2
 235 00fe 03F00103 		and	r3, r3, #1
 236 0102 002B     		cmp	r3, #0
 237 0104 2ED0     		beq	.L7
 166:main.c        ****                 {                  
 167:main.c        ****                     /* Get string to output. */
 168:main.c        ****                     sprintf(lineStr,"BR:%4ld %d%c%s", USBUART_GetDTERate(),\
 238              		.loc 1 168 0
 239 0106 FFF7FEFF 		bl	USBUART_GetDTERate
 240 010a 0646     		mov	r6, r0
 169:main.c        ****                                    (uint16) USBUART_GetDataBits(),\
 241              		.loc 1 169 0
 242 010c FFF7FEFF 		bl	USBUART_GetDataBits
 243 0110 0346     		mov	r3, r0
 168:main.c        ****                                    (uint16) USBUART_GetDataBits(),\
 244              		.loc 1 168 0
 245 0112 1D46     		mov	r5, r3
 170:main.c        ****                                    parity[(uint16) USBUART_GetParityType()][0],\
 246              		.loc 1 170 0
 247 0114 FFF7FEFF 		bl	USBUART_GetParityType
 248 0118 0346     		mov	r3, r0
 249 011a 1A46     		mov	r2, r3
 250 011c 244B     		ldr	r3, .L13+4
 251 011e 53F82230 		ldr	r3, [r3, r2, lsl #2]
 252 0122 1B78     		ldrb	r3, [r3]	@ zero_extendqisi2
 168:main.c        ****                                    (uint16) USBUART_GetDataBits(),\
 253              		.loc 1 168 0
 254 0124 1C46     		mov	r4, r3
 171:main.c        ****                                    stop[(uint16) USBUART_GetCharFormat()]);
 255              		.loc 1 171 0
 256 0126 FFF7FEFF 		bl	USBUART_GetCharFormat
 257 012a 0346     		mov	r3, r0
 168:main.c        ****                                    (uint16) USBUART_GetDataBits(),\
 258              		.loc 1 168 0
 259 012c 1A46     		mov	r2, r3
 260 012e 214B     		ldr	r3, .L13+8
 261 0130 53F82230 		ldr	r3, [r3, r2, lsl #2]
 262 0134 3A46     		mov	r2, r7
 263 0136 0094     		str	r4, [sp]
 264 0138 0193     		str	r3, [sp, #4]
 265 013a 1046     		mov	r0, r2
 266 013c 1E49     		ldr	r1, .L13+12
 267 013e 3246     		mov	r2, r6
 268 0140 2B46     		mov	r3, r5
ARM GAS  C:\Users\labadmin\AppData\Local\Temp\ccyQMXjv.s 			page 9


 269 0142 FFF7FEFF 		bl	sprintf
 172:main.c        **** 
 173:main.c        ****                     /* Clear LCD line. */
 174:main.c        ****                     LCD_Position(0u, 0u);
 270              		.loc 1 174 0
 271 0146 0020     		movs	r0, #0
 272 0148 0021     		movs	r1, #0
 273 014a FFF7FEFF 		bl	LCD_Position
 175:main.c        ****                     LCD_PrintString("                    ");
 274              		.loc 1 175 0
 275 014e 1748     		ldr	r0, .L13
 276 0150 FFF7FEFF 		bl	LCD_PrintString
 176:main.c        **** 
 177:main.c        ****                     /* Output string on LCD. */
 178:main.c        ****                     LCD_Position(0u, 0u);
 277              		.loc 1 178 0
 278 0154 0020     		movs	r0, #0
 279 0156 0021     		movs	r1, #0
 280 0158 FFF7FEFF 		bl	LCD_Position
 179:main.c        ****                     LCD_PrintString(lineStr);
 281              		.loc 1 179 0
 282 015c 3B46     		mov	r3, r7
 283 015e 1846     		mov	r0, r3
 284 0160 FFF7FEFF 		bl	LCD_PrintString
 285              	.L7:
 180:main.c        ****                 }
 181:main.c        **** 
 182:main.c        ****                 /* Output on LCD Line Control settings. */
 183:main.c        ****                 if (0u != (state & USBUART_LINE_CONTROL_CHANGED))
 286              		.loc 1 183 0
 287 0164 97F85730 		ldrb	r3, [r7, #87]	@ zero_extendqisi2
 288 0168 03F00203 		and	r3, r3, #2
 289 016c 002B     		cmp	r3, #0
 290 016e 1BD0     		beq	.L3
 184:main.c        ****                 {                   
 185:main.c        ****                     /* Get string to output. */
 186:main.c        ****                     state = USBUART_GetLineControl();
 291              		.loc 1 186 0
 292 0170 FFF7FEFF 		bl	USBUART_GetLineControl
 293 0174 0346     		mov	r3, r0
 294 0176 87F85730 		strb	r3, [r7, #87]
 187:main.c        ****                     sprintf(lineStr,"DTR:%s,RTS:%s",  (0u != (state & USBUART_LINE_CONTROL_DTR)) ? 
 295              		.loc 1 187 0
 296 017a 97F85730 		ldrb	r3, [r7, #87]	@ zero_extendqisi2
 297 017e 03F00103 		and	r3, r3, #1
 298 0182 002B     		cmp	r3, #0
 299 0184 01D0     		beq	.L8
 300              		.loc 1 187 0 is_stmt 0 discriminator 1
 301 0186 0D4A     		ldr	r2, .L13+16
 302 0188 00E0     		b	.L9
 303              	.L8:
 304              		.loc 1 187 0 discriminator 2
 305 018a 0D4A     		ldr	r2, .L13+20
 306              	.L9:
 188:main.c        ****                                                       (0u != (state & USBUART_LINE_CONTROL_RTS)) ? 
 307              		.loc 1 188 0 is_stmt 1 discriminator 4
 308 018c 97F85730 		ldrb	r3, [r7, #87]	@ zero_extendqisi2
ARM GAS  C:\Users\labadmin\AppData\Local\Temp\ccyQMXjv.s 			page 10


 309 0190 03F00203 		and	r3, r3, #2
 187:main.c        ****                     sprintf(lineStr,"DTR:%s,RTS:%s",  (0u != (state & USBUART_LINE_CONTROL_DTR)) ? 
 310              		.loc 1 187 0 discriminator 4
 311 0194 002B     		cmp	r3, #0
 312 0196 01D0     		beq	.L10
 187:main.c        ****                     sprintf(lineStr,"DTR:%s,RTS:%s",  (0u != (state & USBUART_LINE_CONTROL_DTR)) ? 
 313              		.loc 1 187 0 is_stmt 0 discriminator 5
 314 0198 084B     		ldr	r3, .L13+16
 315 019a 00E0     		b	.L11
 316              	.L10:
 187:main.c        ****                     sprintf(lineStr,"DTR:%s,RTS:%s",  (0u != (state & USBUART_LINE_CONTROL_DTR)) ? 
 317              		.loc 1 187 0 discriminator 6
 318 019c 084B     		ldr	r3, .L13+20
 319              	.L11:
 187:main.c        ****                     sprintf(lineStr,"DTR:%s,RTS:%s",  (0u != (state & USBUART_LINE_CONTROL_DTR)) ? 
 320              		.loc 1 187 0 discriminator 8
 321 019e 3946     		mov	r1, r7
 322 01a0 0846     		mov	r0, r1
 323 01a2 0849     		ldr	r1, .L13+24
 324 01a4 FFF7FEFF 		bl	sprintf
 325              	.L3:
 189:main.c        **** 
 190:main.c        ****                     /* Clear LCD line. */
 191:main.c        ****                     //LCD_Position(1u, 0u);
 192:main.c        ****                     //LCD_PrintString("                    ");
 193:main.c        **** 
 194:main.c        ****                     /* Output string on LCD. */
 195:main.c        ****                     //LCD_Position(1u, 0u);
 196:main.c        ****                     //LCD_PrintString(lineStr);
 197:main.c        ****                 }
 198:main.c        ****             }
 199:main.c        ****         #endif /* (CY_PSOC3 || CY_PSOC5LP) */
 200:main.c        ****         }
 201:main.c        ****     }
 326              		.loc 1 201 0 is_stmt 1
 327 01a8 48E7     		b	.L12
 328              	.L14:
 329 01aa 00BF     		.align	2
 330              	.L13:
 331 01ac 30000000 		.word	.LC8
 332 01b0 00000000 		.word	parity
 333 01b4 00000000 		.word	stop
 334 01b8 48000000 		.word	.LC9
 335 01bc 58000000 		.word	.LC10
 336 01c0 5C000000 		.word	.LC11
 337 01c4 60000000 		.word	.LC12
 338              		.cfi_endproc
 339              	.LFE63:
 340              		.size	main, .-main
 341              		.text
 342              	.Letext0:
 343              		.file 2 "c:\\program files (x86)\\cypress\\psoc creator\\4.0\\psoc creator\\import\\gnu\\arm\\4.9.
 344              		.file 3 "c:\\program files (x86)\\cypress\\psoc creator\\4.0\\psoc creator\\import\\gnu\\arm\\4.9.
 345              		.file 4 "Generated_Source\\PSoC5/cytypes.h"
 346              		.file 5 "Generated_Source\\PSoC5/core_cm3.h"
 347              		.section	.debug_info,"",%progbits
 348              	.Ldebug_info0:
ARM GAS  C:\Users\labadmin\AppData\Local\Temp\ccyQMXjv.s 			page 11


 349 0000 8B010000 		.4byte	0x18b
 350 0004 0400     		.2byte	0x4
 351 0006 00000000 		.4byte	.Ldebug_abbrev0
 352 000a 04       		.byte	0x4
 353 000b 01       		.uleb128 0x1
 354 000c A9000000 		.4byte	.LASF25
 355 0010 01       		.byte	0x1
 356 0011 2E000000 		.4byte	.LASF26
 357 0015 89010000 		.4byte	.LASF27
 358 0019 00000000 		.4byte	.Ldebug_ranges0+0
 359 001d 00000000 		.4byte	0
 360 0021 00000000 		.4byte	.Ldebug_line0
 361 0025 02       		.uleb128 0x2
 362 0026 01       		.byte	0x1
 363 0027 06       		.byte	0x6
 364 0028 50010000 		.4byte	.LASF0
 365 002c 02       		.uleb128 0x2
 366 002d 01       		.byte	0x1
 367 002e 08       		.byte	0x8
 368 002f 87000000 		.4byte	.LASF1
 369 0033 02       		.uleb128 0x2
 370 0034 02       		.byte	0x2
 371 0035 05       		.byte	0x5
 372 0036 69010000 		.4byte	.LASF2
 373 003a 02       		.uleb128 0x2
 374 003b 02       		.byte	0x2
 375 003c 07       		.byte	0x7
 376 003d 0E000000 		.4byte	.LASF3
 377 0041 03       		.uleb128 0x3
 378 0042 7D000000 		.4byte	.LASF9
 379 0046 02       		.byte	0x2
 380 0047 3F       		.byte	0x3f
 381 0048 4C000000 		.4byte	0x4c
 382 004c 02       		.uleb128 0x2
 383 004d 04       		.byte	0x4
 384 004e 05       		.byte	0x5
 385 004f A0000000 		.4byte	.LASF4
 386 0053 02       		.uleb128 0x2
 387 0054 04       		.byte	0x4
 388 0055 07       		.byte	0x7
 389 0056 4E000000 		.4byte	.LASF5
 390 005a 02       		.uleb128 0x2
 391 005b 08       		.byte	0x8
 392 005c 05       		.byte	0x5
 393 005d 00000000 		.4byte	.LASF6
 394 0061 02       		.uleb128 0x2
 395 0062 08       		.byte	0x8
 396 0063 07       		.byte	0x7
 397 0064 60000000 		.4byte	.LASF7
 398 0068 04       		.uleb128 0x4
 399 0069 04       		.byte	0x4
 400 006a 05       		.byte	0x5
 401 006b 696E7400 		.ascii	"int\000"
 402 006f 02       		.uleb128 0x2
 403 0070 04       		.byte	0x4
 404 0071 07       		.byte	0x7
 405 0072 21000000 		.4byte	.LASF8
ARM GAS  C:\Users\labadmin\AppData\Local\Temp\ccyQMXjv.s 			page 12


 406 0076 03       		.uleb128 0x3
 407 0077 7A010000 		.4byte	.LASF10
 408 007b 03       		.byte	0x3
 409 007c 2C       		.byte	0x2c
 410 007d 41000000 		.4byte	0x41
 411 0081 05       		.uleb128 0x5
 412 0082 48000000 		.4byte	.LASF11
 413 0086 04       		.byte	0x4
 414 0087 9201     		.2byte	0x192
 415 0089 2C000000 		.4byte	0x2c
 416 008d 05       		.uleb128 0x5
 417 008e 73010000 		.4byte	.LASF12
 418 0092 04       		.byte	0x4
 419 0093 9301     		.2byte	0x193
 420 0095 3A000000 		.4byte	0x3a
 421 0099 02       		.uleb128 0x2
 422 009a 04       		.byte	0x4
 423 009b 04       		.byte	0x4
 424 009c 63010000 		.4byte	.LASF13
 425 00a0 02       		.uleb128 0x2
 426 00a1 08       		.byte	0x8
 427 00a2 04       		.byte	0x4
 428 00a3 37010000 		.4byte	.LASF14
 429 00a7 05       		.uleb128 0x5
 430 00a8 77000000 		.4byte	.LASF15
 431 00ac 04       		.byte	0x4
 432 00ad A301     		.2byte	0x1a3
 433 00af B3000000 		.4byte	0xb3
 434 00b3 02       		.uleb128 0x2
 435 00b4 01       		.byte	0x1
 436 00b5 08       		.byte	0x8
 437 00b6 95000000 		.4byte	.LASF16
 438 00ba 02       		.uleb128 0x2
 439 00bb 04       		.byte	0x4
 440 00bc 07       		.byte	0x7
 441 00bd CA010000 		.4byte	.LASF17
 442 00c1 06       		.uleb128 0x6
 443 00c2 35000000 		.4byte	.LASF28
 444 00c6 01       		.byte	0x1
 445 00c7 44       		.byte	0x44
 446 00c8 68000000 		.4byte	0x68
 447 00cc 00000000 		.4byte	.LFB63
 448 00d0 C8010000 		.4byte	.LFE63-.LFB63
 449 00d4 01       		.uleb128 0x1
 450 00d5 9C       		.byte	0x9c
 451 00d6 15010000 		.4byte	0x115
 452 00da 07       		.uleb128 0x7
 453 00db 9A000000 		.4byte	.LASF18
 454 00df 01       		.byte	0x1
 455 00e0 46       		.byte	0x46
 456 00e1 8D000000 		.4byte	0x8d
 457 00e5 02       		.uleb128 0x2
 458 00e6 91       		.byte	0x91
 459 00e7 64       		.sleb128 -28
 460 00e8 07       		.uleb128 0x7
 461 00e9 82010000 		.4byte	.LASF19
 462 00ed 01       		.byte	0x1
ARM GAS  C:\Users\labadmin\AppData\Local\Temp\ccyQMXjv.s 			page 13


 463 00ee 47       		.byte	0x47
 464 00ef 15010000 		.4byte	0x115
 465 00f3 03       		.uleb128 0x3
 466 00f4 91       		.byte	0x91
 467 00f5 A47F     		.sleb128 -92
 468 00f7 07       		.uleb128 0x7
 469 00f8 3A000000 		.4byte	.LASF20
 470 00fc 01       		.byte	0x1
 471 00fd 4A       		.byte	0x4a
 472 00fe 81000000 		.4byte	0x81
 473 0102 02       		.uleb128 0x2
 474 0103 91       		.byte	0x91
 475 0104 67       		.sleb128 -25
 476 0105 07       		.uleb128 0x7
 477 0106 40000000 		.4byte	.LASF21
 478 010a 01       		.byte	0x1
 479 010b 4B       		.byte	0x4b
 480 010c 25010000 		.4byte	0x125
 481 0110 03       		.uleb128 0x3
 482 0111 91       		.byte	0x91
 483 0112 907F     		.sleb128 -112
 484 0114 00       		.byte	0
 485 0115 08       		.uleb128 0x8
 486 0116 81000000 		.4byte	0x81
 487 011a 25010000 		.4byte	0x125
 488 011e 09       		.uleb128 0x9
 489 011f BA000000 		.4byte	0xba
 490 0123 3F       		.byte	0x3f
 491 0124 00       		.byte	0
 492 0125 08       		.uleb128 0x8
 493 0126 A7000000 		.4byte	0xa7
 494 012a 35010000 		.4byte	0x135
 495 012e 09       		.uleb128 0x9
 496 012f BA000000 		.4byte	0xba
 497 0133 13       		.byte	0x13
 498 0134 00       		.byte	0
 499 0135 0A       		.uleb128 0xa
 500 0136 43010000 		.4byte	.LASF22
 501 013a 05       		.byte	0x5
 502 013b 9606     		.2byte	0x696
 503 013d 41010000 		.4byte	0x141
 504 0141 0B       		.uleb128 0xb
 505 0142 76000000 		.4byte	0x76
 506 0146 08       		.uleb128 0x8
 507 0147 56010000 		.4byte	0x156
 508 014b 56010000 		.4byte	0x156
 509 014f 09       		.uleb128 0x9
 510 0150 BA000000 		.4byte	0xba
 511 0154 04       		.byte	0x4
 512 0155 00       		.byte	0
 513 0156 0C       		.uleb128 0xc
 514 0157 04       		.byte	0x4
 515 0158 A7000000 		.4byte	0xa7
 516 015c 0D       		.uleb128 0xd
 517 015d 5C010000 		.4byte	.LASF23
 518 0161 01       		.byte	0x1
 519 0162 2D       		.byte	0x2d
ARM GAS  C:\Users\labadmin\AppData\Local\Temp\ccyQMXjv.s 			page 14


 520 0163 46010000 		.4byte	0x146
 521 0167 05       		.uleb128 0x5
 522 0168 03       		.byte	0x3
 523 0169 00000000 		.4byte	parity
 524 016d 08       		.uleb128 0x8
 525 016e 56010000 		.4byte	0x156
 526 0172 7D010000 		.4byte	0x17d
 527 0176 09       		.uleb128 0x9
 528 0177 BA000000 		.4byte	0xba
 529 017b 02       		.byte	0x2
 530 017c 00       		.byte	0
 531 017d 0D       		.uleb128 0xd
 532 017e 3E010000 		.4byte	.LASF24
 533 0182 01       		.byte	0x1
 534 0183 2E       		.byte	0x2e
 535 0184 6D010000 		.4byte	0x16d
 536 0188 05       		.uleb128 0x5
 537 0189 03       		.byte	0x3
 538 018a 00000000 		.4byte	stop
 539 018e 00       		.byte	0
 540              		.section	.debug_abbrev,"",%progbits
 541              	.Ldebug_abbrev0:
 542 0000 01       		.uleb128 0x1
 543 0001 11       		.uleb128 0x11
 544 0002 01       		.byte	0x1
 545 0003 25       		.uleb128 0x25
 546 0004 0E       		.uleb128 0xe
 547 0005 13       		.uleb128 0x13
 548 0006 0B       		.uleb128 0xb
 549 0007 03       		.uleb128 0x3
 550 0008 0E       		.uleb128 0xe
 551 0009 1B       		.uleb128 0x1b
 552 000a 0E       		.uleb128 0xe
 553 000b 55       		.uleb128 0x55
 554 000c 17       		.uleb128 0x17
 555 000d 11       		.uleb128 0x11
 556 000e 01       		.uleb128 0x1
 557 000f 10       		.uleb128 0x10
 558 0010 17       		.uleb128 0x17
 559 0011 00       		.byte	0
 560 0012 00       		.byte	0
 561 0013 02       		.uleb128 0x2
 562 0014 24       		.uleb128 0x24
 563 0015 00       		.byte	0
 564 0016 0B       		.uleb128 0xb
 565 0017 0B       		.uleb128 0xb
 566 0018 3E       		.uleb128 0x3e
 567 0019 0B       		.uleb128 0xb
 568 001a 03       		.uleb128 0x3
 569 001b 0E       		.uleb128 0xe
 570 001c 00       		.byte	0
 571 001d 00       		.byte	0
 572 001e 03       		.uleb128 0x3
 573 001f 16       		.uleb128 0x16
 574 0020 00       		.byte	0
 575 0021 03       		.uleb128 0x3
 576 0022 0E       		.uleb128 0xe
ARM GAS  C:\Users\labadmin\AppData\Local\Temp\ccyQMXjv.s 			page 15


 577 0023 3A       		.uleb128 0x3a
 578 0024 0B       		.uleb128 0xb
 579 0025 3B       		.uleb128 0x3b
 580 0026 0B       		.uleb128 0xb
 581 0027 49       		.uleb128 0x49
 582 0028 13       		.uleb128 0x13
 583 0029 00       		.byte	0
 584 002a 00       		.byte	0
 585 002b 04       		.uleb128 0x4
 586 002c 24       		.uleb128 0x24
 587 002d 00       		.byte	0
 588 002e 0B       		.uleb128 0xb
 589 002f 0B       		.uleb128 0xb
 590 0030 3E       		.uleb128 0x3e
 591 0031 0B       		.uleb128 0xb
 592 0032 03       		.uleb128 0x3
 593 0033 08       		.uleb128 0x8
 594 0034 00       		.byte	0
 595 0035 00       		.byte	0
 596 0036 05       		.uleb128 0x5
 597 0037 16       		.uleb128 0x16
 598 0038 00       		.byte	0
 599 0039 03       		.uleb128 0x3
 600 003a 0E       		.uleb128 0xe
 601 003b 3A       		.uleb128 0x3a
 602 003c 0B       		.uleb128 0xb
 603 003d 3B       		.uleb128 0x3b
 604 003e 05       		.uleb128 0x5
 605 003f 49       		.uleb128 0x49
 606 0040 13       		.uleb128 0x13
 607 0041 00       		.byte	0
 608 0042 00       		.byte	0
 609 0043 06       		.uleb128 0x6
 610 0044 2E       		.uleb128 0x2e
 611 0045 01       		.byte	0x1
 612 0046 3F       		.uleb128 0x3f
 613 0047 19       		.uleb128 0x19
 614 0048 03       		.uleb128 0x3
 615 0049 0E       		.uleb128 0xe
 616 004a 3A       		.uleb128 0x3a
 617 004b 0B       		.uleb128 0xb
 618 004c 3B       		.uleb128 0x3b
 619 004d 0B       		.uleb128 0xb
 620 004e 49       		.uleb128 0x49
 621 004f 13       		.uleb128 0x13
 622 0050 11       		.uleb128 0x11
 623 0051 01       		.uleb128 0x1
 624 0052 12       		.uleb128 0x12
 625 0053 06       		.uleb128 0x6
 626 0054 40       		.uleb128 0x40
 627 0055 18       		.uleb128 0x18
 628 0056 9642     		.uleb128 0x2116
 629 0058 19       		.uleb128 0x19
 630 0059 01       		.uleb128 0x1
 631 005a 13       		.uleb128 0x13
 632 005b 00       		.byte	0
 633 005c 00       		.byte	0
ARM GAS  C:\Users\labadmin\AppData\Local\Temp\ccyQMXjv.s 			page 16


 634 005d 07       		.uleb128 0x7
 635 005e 34       		.uleb128 0x34
 636 005f 00       		.byte	0
 637 0060 03       		.uleb128 0x3
 638 0061 0E       		.uleb128 0xe
 639 0062 3A       		.uleb128 0x3a
 640 0063 0B       		.uleb128 0xb
 641 0064 3B       		.uleb128 0x3b
 642 0065 0B       		.uleb128 0xb
 643 0066 49       		.uleb128 0x49
 644 0067 13       		.uleb128 0x13
 645 0068 02       		.uleb128 0x2
 646 0069 18       		.uleb128 0x18
 647 006a 00       		.byte	0
 648 006b 00       		.byte	0
 649 006c 08       		.uleb128 0x8
 650 006d 01       		.uleb128 0x1
 651 006e 01       		.byte	0x1
 652 006f 49       		.uleb128 0x49
 653 0070 13       		.uleb128 0x13
 654 0071 01       		.uleb128 0x1
 655 0072 13       		.uleb128 0x13
 656 0073 00       		.byte	0
 657 0074 00       		.byte	0
 658 0075 09       		.uleb128 0x9
 659 0076 21       		.uleb128 0x21
 660 0077 00       		.byte	0
 661 0078 49       		.uleb128 0x49
 662 0079 13       		.uleb128 0x13
 663 007a 2F       		.uleb128 0x2f
 664 007b 0B       		.uleb128 0xb
 665 007c 00       		.byte	0
 666 007d 00       		.byte	0
 667 007e 0A       		.uleb128 0xa
 668 007f 34       		.uleb128 0x34
 669 0080 00       		.byte	0
 670 0081 03       		.uleb128 0x3
 671 0082 0E       		.uleb128 0xe
 672 0083 3A       		.uleb128 0x3a
 673 0084 0B       		.uleb128 0xb
 674 0085 3B       		.uleb128 0x3b
 675 0086 05       		.uleb128 0x5
 676 0087 49       		.uleb128 0x49
 677 0088 13       		.uleb128 0x13
 678 0089 3F       		.uleb128 0x3f
 679 008a 19       		.uleb128 0x19
 680 008b 3C       		.uleb128 0x3c
 681 008c 19       		.uleb128 0x19
 682 008d 00       		.byte	0
 683 008e 00       		.byte	0
 684 008f 0B       		.uleb128 0xb
 685 0090 35       		.uleb128 0x35
 686 0091 00       		.byte	0
 687 0092 49       		.uleb128 0x49
 688 0093 13       		.uleb128 0x13
 689 0094 00       		.byte	0
 690 0095 00       		.byte	0
ARM GAS  C:\Users\labadmin\AppData\Local\Temp\ccyQMXjv.s 			page 17


 691 0096 0C       		.uleb128 0xc
 692 0097 0F       		.uleb128 0xf
 693 0098 00       		.byte	0
 694 0099 0B       		.uleb128 0xb
 695 009a 0B       		.uleb128 0xb
 696 009b 49       		.uleb128 0x49
 697 009c 13       		.uleb128 0x13
 698 009d 00       		.byte	0
 699 009e 00       		.byte	0
 700 009f 0D       		.uleb128 0xd
 701 00a0 34       		.uleb128 0x34
 702 00a1 00       		.byte	0
 703 00a2 03       		.uleb128 0x3
 704 00a3 0E       		.uleb128 0xe
 705 00a4 3A       		.uleb128 0x3a
 706 00a5 0B       		.uleb128 0xb
 707 00a6 3B       		.uleb128 0x3b
 708 00a7 0B       		.uleb128 0xb
 709 00a8 49       		.uleb128 0x49
 710 00a9 13       		.uleb128 0x13
 711 00aa 3F       		.uleb128 0x3f
 712 00ab 19       		.uleb128 0x19
 713 00ac 02       		.uleb128 0x2
 714 00ad 18       		.uleb128 0x18
 715 00ae 00       		.byte	0
 716 00af 00       		.byte	0
 717 00b0 00       		.byte	0
 718              		.section	.debug_aranges,"",%progbits
 719 0000 1C000000 		.4byte	0x1c
 720 0004 0200     		.2byte	0x2
 721 0006 00000000 		.4byte	.Ldebug_info0
 722 000a 04       		.byte	0x4
 723 000b 00       		.byte	0
 724 000c 0000     		.2byte	0
 725 000e 0000     		.2byte	0
 726 0010 00000000 		.4byte	.LFB63
 727 0014 C8010000 		.4byte	.LFE63-.LFB63
 728 0018 00000000 		.4byte	0
 729 001c 00000000 		.4byte	0
 730              		.section	.debug_ranges,"",%progbits
 731              	.Ldebug_ranges0:
 732 0000 00000000 		.4byte	.LFB63
 733 0004 C8010000 		.4byte	.LFE63
 734 0008 00000000 		.4byte	0
 735 000c 00000000 		.4byte	0
 736              		.section	.debug_line,"",%progbits
 737              	.Ldebug_line0:
 738 0000 C3010000 		.section	.debug_str,"MS",%progbits,1
 738      02004701 
 738      00000201 
 738      FB0E0D00 
 738      01010101 
 739              	.LASF6:
 740 0000 6C6F6E67 		.ascii	"long long int\000"
 740      206C6F6E 
 740      6720696E 
 740      7400
ARM GAS  C:\Users\labadmin\AppData\Local\Temp\ccyQMXjv.s 			page 18


 741              	.LASF3:
 742 000e 73686F72 		.ascii	"short unsigned int\000"
 742      7420756E 
 742      7369676E 
 742      65642069 
 742      6E7400
 743              	.LASF8:
 744 0021 756E7369 		.ascii	"unsigned int\000"
 744      676E6564 
 744      20696E74 
 744      00
 745              	.LASF26:
 746 002e 6D61696E 		.ascii	"main.c\000"
 746      2E6300
 747              	.LASF28:
 748 0035 6D61696E 		.ascii	"main\000"
 748      00
 749              	.LASF20:
 750 003a 73746174 		.ascii	"state\000"
 750      6500
 751              	.LASF21:
 752 0040 6C696E65 		.ascii	"lineStr\000"
 752      53747200 
 753              	.LASF11:
 754 0048 75696E74 		.ascii	"uint8\000"
 754      3800
 755              	.LASF5:
 756 004e 6C6F6E67 		.ascii	"long unsigned int\000"
 756      20756E73 
 756      69676E65 
 756      6420696E 
 756      7400
 757              	.LASF7:
 758 0060 6C6F6E67 		.ascii	"long long unsigned int\000"
 758      206C6F6E 
 758      6720756E 
 758      7369676E 
 758      65642069 
 759              	.LASF15:
 760 0077 63686172 		.ascii	"char8\000"
 760      3800
 761              	.LASF9:
 762 007d 5F5F696E 		.ascii	"__int32_t\000"
 762      7433325F 
 762      7400
 763              	.LASF1:
 764 0087 756E7369 		.ascii	"unsigned char\000"
 764      676E6564 
 764      20636861 
 764      7200
 765              	.LASF16:
 766 0095 63686172 		.ascii	"char\000"
 766      00
 767              	.LASF18:
 768 009a 636F756E 		.ascii	"count\000"
 768      7400
 769              	.LASF4:
ARM GAS  C:\Users\labadmin\AppData\Local\Temp\ccyQMXjv.s 			page 19


 770 00a0 6C6F6E67 		.ascii	"long int\000"
 770      20696E74 
 770      00
 771              	.LASF25:
 772 00a9 474E5520 		.ascii	"GNU C 4.9.3 20150303 (release) [ARM/embedded-4_9-br"
 772      4320342E 
 772      392E3320 
 772      32303135 
 772      30333033 
 773 00dc 616E6368 		.ascii	"anch revision 221220] -mcpu=cortex-m3 -mthumb -g -O"
 773      20726576 
 773      6973696F 
 773      6E203232 
 773      31323230 
 774 010f 30202D66 		.ascii	"0 -ffunction-sections -ffat-lto-objects\000"
 774      66756E63 
 774      74696F6E 
 774      2D736563 
 774      74696F6E 
 775              	.LASF14:
 776 0137 646F7562 		.ascii	"double\000"
 776      6C6500
 777              	.LASF24:
 778 013e 73746F70 		.ascii	"stop\000"
 778      00
 779              	.LASF22:
 780 0143 49544D5F 		.ascii	"ITM_RxBuffer\000"
 780      52784275 
 780      66666572 
 780      00
 781              	.LASF0:
 782 0150 7369676E 		.ascii	"signed char\000"
 782      65642063 
 782      68617200 
 783              	.LASF23:
 784 015c 70617269 		.ascii	"parity\000"
 784      747900
 785              	.LASF13:
 786 0163 666C6F61 		.ascii	"float\000"
 786      7400
 787              	.LASF2:
 788 0169 73686F72 		.ascii	"short int\000"
 788      7420696E 
 788      7400
 789              	.LASF12:
 790 0173 75696E74 		.ascii	"uint16\000"
 790      313600
 791              	.LASF10:
 792 017a 696E7433 		.ascii	"int32_t\000"
 792      325F7400 
 793              	.LASF19:
 794 0182 62756666 		.ascii	"buffer\000"
 794      657200
 795              	.LASF27:
 796 0189 433A5C55 		.ascii	"C:\\Users\\labadmin\\Documents\\GitHub\\CY8CKITDAC\\"
 796      73657273 
 796      5C6C6162 
ARM GAS  C:\Users\labadmin\AppData\Local\Temp\ccyQMXjv.s 			page 20


 796      61646D69 
 796      6E5C446F 
 797 01b7 55534246 		.ascii	"USBFS_UART01.cydsn\000"
 797      535F5541 
 797      52543031 
 797      2E637964 
 797      736E00
 798              	.LASF17:
 799 01ca 73697A65 		.ascii	"sizetype\000"
 799      74797065 
 799      00
 800              		.ident	"GCC: (GNU Tools for ARM Embedded Processors) 4.9.3 20150303 (release) [ARM/embedded-4_9-br
