Archive member included because of file (symbol)

.\ARM_GCC_493\Debug\USBFS_UART01.a(cyfitter_cfg.o)
                              .\ARM_GCC_493\Debug\Cm3Start.o (cyfitter_cfg)
.\ARM_GCC_493\Debug\USBFS_UART01.a(USBUART.o)
                              .\ARM_GCC_493\Debug\main.o (USBUART_Start)
.\ARM_GCC_493\Debug\USBFS_UART01.a(USBUART_cdc.o)
                              .\ARM_GCC_493\Debug\main.o (USBUART_CDC_Init)
.\ARM_GCC_493\Debug\USBFS_UART01.a(USBUART_drv.o)
                              .\ARM_GCC_493\Debug\USBFS_UART01.a(USBUART.o) (USBUART_EP)
.\ARM_GCC_493\Debug\USBFS_UART01.a(USBUART_episr.o)
                              .\ARM_GCC_493\Debug\USBFS_UART01.a(USBUART.o) (USBUART_EP_1_ISR)
.\ARM_GCC_493\Debug\USBFS_UART01.a(USBUART_hid.o)
                              .\ARM_GCC_493\Debug\USBFS_UART01.a(USBUART.o) (USBUART_hidProtocol)
.\ARM_GCC_493\Debug\USBFS_UART01.a(USBUART_pm.o)
                              .\ARM_GCC_493\Debug\USBFS_UART01.a(USBUART.o) (USBUART_DP_ISR)
.\ARM_GCC_493\Debug\USBFS_UART01.a(USBUART_std.o)
                              .\ARM_GCC_493\Debug\USBFS_UART01.a(USBUART_drv.o) (USBUART_HandleStandardRqst)
.\ARM_GCC_493\Debug\USBFS_UART01.a(USBUART_vnd.o)
                              .\ARM_GCC_493\Debug\USBFS_UART01.a(USBUART_drv.o) (USBUART_HandleVendorRqst)
.\ARM_GCC_493\Debug\USBFS_UART01.a(LCD.o)
                              .\ARM_GCC_493\Debug\main.o (LCD_Start)
.\ARM_GCC_493\Debug\USBFS_UART01.a(USBUART_Dp.o)
                              .\ARM_GCC_493\Debug\USBFS_UART01.a(USBUART.o) (USBUART_Dp_ClearInterrupt)
.\ARM_GCC_493\Debug\USBFS_UART01.a(CyLib.o)
                              .\ARM_GCC_493\Debug\Cm3Start.o (CyResetStatus)
.\ARM_GCC_493\Debug\USBFS_UART01.a(cyPm.o)
                              .\ARM_GCC_493\Debug\USBFS_UART01.a(CyLib.o) (CyPmReadStatus)
.\ARM_GCC_493\Debug\USBFS_UART01.a(VDAC8_1.o)
                              .\ARM_GCC_493\Debug\main.o (VDAC8_1_Start)
.\ARM_GCC_493\Debug\USBFS_UART01.a(VDAC8_2.o)
                              .\ARM_GCC_493\Debug\main.o (VDAC8_2_Start)
.\ARM_GCC_493\Debug\USBFS_UART01.a(VDAC8_3.o)
                              .\ARM_GCC_493\Debug\main.o (VDAC8_3_Start)
.\ARM_GCC_493\Debug\USBFS_UART01.a(VDAC8_4.o)
                              .\ARM_GCC_493\Debug\main.o (VDAC8_4_Start)
.\ARM_GCC_493\Debug\USBFS_UART01.a(CyBootAsmGnu.o)
                              .\ARM_GCC_493\Debug\USBFS_UART01.a(cyfitter_cfg.o) (CyDelayCycles)
.\ARM_GCC_493\Debug\USBFS_UART01.a(CyScBoostClk.o)
                              .\ARM_GCC_493\Debug\USBFS_UART01.a(CyLib.o) (CyScBoostClk_Start)
.\ARM_GCC_493\Debug\USBFS_UART01.a(USBUART_cls.o)
                              .\ARM_GCC_493\Debug\USBFS_UART01.a(USBUART_drv.o) (USBUART_DispatchClassRqst)
.\ARM_GCC_493\Debug\USBFS_UART01.a(USBUART_descr.o)
                              .\ARM_GCC_493\Debug\USBFS_UART01.a(USBUART_std.o) (USBUART_DEVICE0_DESCR)
.\ARM_GCC_493\Debug\USBFS_UART01.a(CyFlash.o)
                              .\ARM_GCC_493\Debug\USBFS_UART01.a(cyPm.o) (CyFlash_SetWaitCycles)
.\ARM_GCC_493\Debug\USBFS_UART01.a(CySpc.o)
                              .\ARM_GCC_493\Debug\USBFS_UART01.a(CyFlash.o) (CySpcStart)
c:/program files (x86)/cypress/psoc creator/4.0/psoc creator/import/gnu/arm/4.9.3/bin/../lib/gcc/arm-none-eabi/4.9.3/../../../../arm-none-eabi/lib/armv7-m\libg_nano.a(lib_a-errno.o)
                              .\ARM_GCC_493\Debug\Cm3Start.o (__errno)
c:/program files (x86)/cypress/psoc creator/4.0/psoc creator/import/gnu/arm/4.9.3/bin/../lib/gcc/arm-none-eabi/4.9.3/../../../../arm-none-eabi/lib/armv7-m\libg_nano.a(lib_a-exit.o)
                              c:/program files (x86)/cypress/psoc creator/4.0/psoc creator/import/gnu/arm/4.9.3/bin/../lib/gcc/arm-none-eabi/4.9.3/../../../../arm-none-eabi/lib/armv7-m/crt0.o (exit)
c:/program files (x86)/cypress/psoc creator/4.0/psoc creator/import/gnu/arm/4.9.3/bin/../lib/gcc/arm-none-eabi/4.9.3/../../../../arm-none-eabi/lib/armv7-m\libg_nano.a(lib_a-impure.o)
                              c:/program files (x86)/cypress/psoc creator/4.0/psoc creator/import/gnu/arm/4.9.3/bin/../lib/gcc/arm-none-eabi/4.9.3/../../../../arm-none-eabi/lib/armv7-m\libg_nano.a(lib_a-exit.o) (_global_impure_ptr)
c:/program files (x86)/cypress/psoc creator/4.0/psoc creator/import/gnu/arm/4.9.3/bin/../lib/gcc/arm-none-eabi/4.9.3/../../../../arm-none-eabi/lib/armv7-m\libg_nano.a(lib_a-init.o)
                              c:/program files (x86)/cypress/psoc creator/4.0/psoc creator/import/gnu/arm/4.9.3/bin/../lib/gcc/arm-none-eabi/4.9.3/../../../../arm-none-eabi/lib/armv7-m/crt0.o (__libc_init_array)
c:/program files (x86)/cypress/psoc creator/4.0/psoc creator/import/gnu/arm/4.9.3/bin/../lib/gcc/arm-none-eabi/4.9.3/../../../../arm-none-eabi/lib/armv7-m\libg_nano.a(lib_a-memcpy.o)
                              .\ARM_GCC_493\Debug\USBFS_UART01.a(cyfitter_cfg.o) (memcpy)
[...]
Memory Configuration

Name             Origin             Length             Attributes
rom              0x00000000         0x00040000         xr
ram              0x1fff8000         0x00010000         xrw
*default*        0x00000000         0xffffffff

Linker script and memory map

LOAD c:/program files (x86)/cypress/psoc creator/4.0/psoc creator/import/gnu/arm/4.9.3/bin/../lib/gcc/arm-none-eabi/4.9.3/armv7-m/crti.o
LOAD c:/program files (x86)/cypress/psoc creator/4.0/psoc creator/import/gnu/arm/4.9.3/bin/../lib/gcc/arm-none-eabi/4.9.3/armv7-m/crtbegin.o
LOAD c:/program files (x86)/cypress/psoc creator/4.0/psoc creator/import/gnu/arm/4.9.3/bin/../lib/gcc/arm-none-eabi/4.9.3/../../../../arm-none-eabi/lib/armv7-m/crt0.o
START GROUP
LOAD .\ARM_GCC_493\Debug\main.o
LOAD .\ARM_GCC_493\Debug\cymetadata.o
LOAD .\ARM_GCC_493\Debug\Cm3Start.o
LOAD .\ARM_GCC_493\Debug\USBFS_UART01.a
LOAD C:\Program Files (x86)\Cypress\PSoC Creator\4.0\PSoC Creator\psoc\content\cycomponentlibrary\CyComponentLibrary.cylib\CortexM3\ARM_GCC_493\Debug\CyComponentLibrary.a
END GROUP
START GROUP
LOAD c:/program files (x86)/cypress/psoc creator/4.0/psoc creator/import/gnu/arm/4.9.3/bin/../lib/gcc/arm-none-eabi/4.9.3/armv7-m\libgcc.a
LOAD c:/program files (x86)/cypress/psoc creator/4.0/psoc creator/import/gnu/arm/4.9.3/bin/../lib/gcc/arm-none-eabi/4.9.3/../../../../arm-none-eabi/lib/armv7-m\libg_nano.a
LOAD c:/program files (x86)/cypress/psoc creator/4.0/psoc creator/import/gnu/arm/4.9.3/bin/../lib/gcc/arm-none-eabi/4.9.3/../../../../arm-none-eabi/lib/armv7-m\libc_nano.a
END GROUP
START GROUP
LOAD c:/program files (x86)/cypress/psoc creator/4.0/psoc creator/import/gnu/arm/4.9.3/bin/../lib/gcc/arm-none-eabi/4.9.3/armv7-m\libgcc.a
LOAD c:/program files (x86)/cypress/psoc creator/4.0/psoc creator/import/gnu/arm/4.9.3/bin/../lib/gcc/arm-none-eabi/4.9.3/../../../../arm-none-eabi/lib/armv7-m\libc_nano.a
END GROUP
LOAD c:/program files (x86)/cypress/psoc creator/4.0/psoc creator/import/gnu/arm/4.9.3/bin/../lib/gcc/arm-none-eabi/4.9.3/armv7-m/crtend.o
LOAD c:/program files (x86)/cypress/psoc creator/4.0/psoc creator/import/gnu/arm/4.9.3/bin/../lib/gcc/arm-none-eabi/4.9.3/armv7-m/crtn.o
START GROUP
LOAD c:/program files (x86)/cypress/psoc creator/4.0/psoc creator/import/gnu/arm/4.9.3/bin/../lib/gcc/arm-none-eabi/4.9.3/armv7-m\libgcc.a
LOAD c:/program files (x86)/cypress/psoc creator/4.0/psoc creator/import/gnu/arm/4.9.3/bin/../lib/gcc/arm-none-eabi/4.9.3/../../../../arm-none-eabi/lib/armv7-m\libc.a
LOAD c:/program files (x86)/cypress/psoc creator/4.0/psoc creator/import/gnu/arm/4.9.3/bin/../lib/gcc/arm-none-eabi/4.9.3/../../../../arm-none-eabi/lib/armv7-m\libnosys.a
END GROUP
                0x00000000                CY_APPL_ORIGIN = 0x0
                0x00000100                CY_FLASH_ROW_SIZE = 0x100
                0x00000020                CY_ECC_ROW_SIZE = 0x20
                0x00000000                CY_EE_IN_BTLDR = 0x0
                0x00000000                CY_APPL_LOADABLE = 0x0
                0x00000800                CY_EE_SIZE = 0x800
                0x00000001                CY_APPL_NUM = 0x1
                0x00000001                CY_APPL_MAX = 0x1
                0x00000040                CY_METADATA_SIZE = 0x40
                0x00000000                CY_APPL_LOADABLE = 0x0
                0x00000000                CY_CHECKSUM_EXCLUDE_SIZE = ALIGN (0x0, CY_FLASH_ROW_SIZE)
                0x1fff8318                PROVIDE (__cy_heap_start, _end)
                0x00000001                PROVIDE (__cy_region_num, ((__cy_regions_end - __cy_regions) / 0x10))
                0x20008000                PROVIDE (__cy_stack, (ORIGIN (ram) + 0x10000))
                0x20007800                PROVIDE (__cy_heap_end, (__cy_stack - 0x800))

.cybootloader   0x00000000        0x0
 *(.cybootloader)
                0x00000000                appl1_start = CY_APPL_ORIGIN?CY_APPL_ORIGIN:ALIGN (CY_FLASH_ROW_SIZE)
                0x0001ff00                appl2_start = (appl1_start + ALIGN ((((0x40000 - appl1_start) - (0x2 * CY_FLASH_ROW_SIZE)) / 0x2), CY_FLASH_ROW_SIZE))
                0x00000000                appl_start = (CY_APPL_NUM == 0x1)?appl1_start:appl2_start
                0x00000000                ecc_offset = ((appl_start / CY_FLASH_ROW_SIZE) * CY_ECC_ROW_SIZE)
                0x00000000                ee_offset = (CY_APPL_LOADABLE && ! (CY_EE_IN_BTLDR))?((CY_EE_SIZE / CY_APPL_MAX) * (CY_APPL_NUM - 0x1)):0x0
                0x00000800                ee_size = (CY_APPL_LOADABLE && ! (CY_EE_IN_BTLDR))?(CY_EE_SIZE / CY_APPL_MAX):CY_EE_SIZE
                0x00000000                PROVIDE (CY_ECC_OFFSET, ecc_offset)

.text           0x00000000     0x66e4
 CREATE_OBJECT_SYMBOLS
                0x00000000                PROVIDE (__cy_interrupt_vector, RomVectors)
 *(.romvectors)
 .romvectors    0x00000000       0x10 .\ARM_GCC_493\Debug\Cm3Start.o
                0x00000000                RomVectors
                0x00000001                ASSERT ((. != __cy_interrupt_vector), No interrupt vector)
                0x00000001                ASSERT (CY_APPL_ORIGIN?(SIZEOF (.cybootloader) <= CY_APPL_ORIGIN):0x1, Wrong image location)
                0x00000010                PROVIDE (__cy_reset, Reset)
 *(.text.Reset)
 .text.Reset    0x00000010       0x18 .\ARM_GCC_493\Debug\Cm3Start.o
                0x00000010                Reset
                0x00000001                ASSERT ((. != __cy_reset), No reset code)
 *(.dma_init)
                0x00000001                ASSERT ((((appl_start + .) <= 0x10000) || 0x1), DMA Init must be within the first 64k of flash)
 *(.text .text.* .gnu.linkonce.t.*)
 .text          0x00000028       0x5c c:/program files (x86)/cypress/psoc creator/4.0/psoc creator/import/gnu/arm/4.9.3/bin/../lib/gcc/arm-none-eabi/4.9.3/armv7-m/crtbegin.o
 .text.Handle0  0x00000084       0x84 .\ARM_GCC_493\Debug\main.o
                0x00000084                Handle0
 .text.Handle1  0x00000108       0x84 .\ARM_GCC_493\Debug\main.o
                0x00000108                Handle1
 .text.Handle2  0x0000018c       0x84 .\ARM_GCC_493\Debug\main.o
                0x0000018c                Handle2
 .text.Handle3  0x00000210       0x84 .\ARM_GCC_493\Debug\main.o
                0x00000210                Handle3
 .text.ProcessMessage
                0x00000294       0x60 .\ARM_GCC_493\Debug\main.o
                0x00000294                ProcessMessage
 .text.main     0x000002f4      0x1e4 .\ARM_GCC_493\Debug\main.o
                0x000002f4                main
 .text.IntDefaultHandler
                0x000004d8       0x14 .\ARM_GCC_493\Debug\Cm3Start.o
                0x000004d8                IntDefaultHandler
 .text._sbrk    0x000004ec       0x50 .\ARM_GCC_493\Debug\Cm3Start.o
                0x000004ec                _sbrk
 .text.Start_c  0x0000053c       0x98 .\ARM_GCC_493\Debug\Cm3Start.o
                0x0000053c                Start_c
 .text.initialize_psoc
                0x000005d4       0x8c .\ARM_GCC_493\Debug\Cm3Start.o
                0x000005d4                initialize_psoc
 .text.CYMEMZERO
                0x00000660       0x1c .\ARM_GCC_493\Debug\USBFS_UART01.a(cyfitter_cfg.o)
 .text.CYCONFIGCPY
                0x0000067c       0x1c .\ARM_GCC_493\Debug\USBFS_UART01.a(cyfitter_cfg.o)
 .text.CYCONFIGCPYCODE
                0x00000698       0x1c .\ARM_GCC_493\Debug\USBFS_UART01.a(cyfitter_cfg.o)
 .text.CyClockStartupError
                0x000006b4        0xc .\ARM_GCC_493\Debug\USBFS_UART01.a(cyfitter_cfg.o)
 .text.cfg_write_bytes32
                0x000006c0       0x74 .\ARM_GCC_493\Debug\USBFS_UART01.a(cyfitter_cfg.o)
 .text.ClockSetup
                0x00000734       0xec .\ARM_GCC_493\Debug\USBFS_UART01.a(cyfitter_cfg.o)
 .text.AnalogSetDefault
                0x00000820       0x8c .\ARM_GCC_493\Debug\USBFS_UART01.a(cyfitter_cfg.o)
 .text.cyfitter_cfg
                0x000008ac      0x138 .\ARM_GCC_493\Debug\USBFS_UART01.a(cyfitter_cfg.o)
                0x000008ac                cyfitter_cfg
 .text.USBUART_Start
                0x000009e4       0x38 .\ARM_GCC_493\Debug\USBFS_UART01.a(USBUART.o)
                0x000009e4                USBUART_Start
 .text.USBUART_Init
                0x00000a1c      0x1a0 .\ARM_GCC_493\Debug\USBFS_UART01.a(USBUART.o)
                0x00000a1c                USBUART_Init
 .text.USBUART_InitComponent
                0x00000bbc      0x11c .\ARM_GCC_493\Debug\USBFS_UART01.a(USBUART.o)
                0x00000bbc                USBUART_InitComponent
 .text.USBUART_ReInitComponent
                0x00000cd8       0x88 .\ARM_GCC_493\Debug\USBFS_UART01.a(USBUART.o)
                0x00000cd8                USBUART_ReInitComponent
 .text.USBUART_GetConfiguration
                0x00000d60       0x18 .\ARM_GCC_493\Debug\USBFS_UART01.a(USBUART.o)
                0x00000d60                USBUART_GetConfiguration
 .text.USBUART_IsConfigurationChanged
                0x00000d78       0x34 .\ARM_GCC_493\Debug\USBFS_UART01.a(USBUART.o)
                0x00000d78                USBUART_IsConfigurationChanged
 .text.USBUART_GetEPState
                0x00000dac       0x2c .\ARM_GCC_493\Debug\USBFS_UART01.a(USBUART.o)
                0x00000dac                USBUART_GetEPState
 .text.USBUART_GetEPCount
                0x00000dd8       0x60 .\ARM_GCC_493\Debug\USBFS_UART01.a(USBUART.o)
                0x00000dd8                USBUART_GetEPCount
 .text.USBUART_LoadInEP
                0x00000e38       0xf8 .\ARM_GCC_493\Debug\USBFS_UART01.a(USBUART.o)
                0x00000e38                USBUART_LoadInEP
 .text.USBUART_ReadOutEP
                0x00000f30       0x8c .\ARM_GCC_493\Debug\USBFS_UART01.a(USBUART.o)
                0x00000f30                USBUART_ReadOutEP
 .text.USBUART_EnableOutEP
                0x00000fbc       0x54 .\ARM_GCC_493\Debug\USBFS_UART01.a(USBUART.o)
                0x00000fbc                USBUART_EnableOutEP
 .text.USBUART_DispatchCDCClassRqst
                0x00001010       0xe8 .\ARM_GCC_493\Debug\USBFS_UART01.a(USBUART_cdc.o)
                0x00001010                USBUART_DispatchCDCClassRqst
 .text.USBUART_GetInterfaceComPort
                0x000010f8       0x60 .\ARM_GCC_493\Debug\USBFS_UART01.a(USBUART_cdc.o)
                0x000010f8                USBUART_GetInterfaceComPort
 .text.USBUART_CDC_Init
                0x00001158       0xa8 .\ARM_GCC_493\Debug\USBFS_UART01.a(USBUART_cdc.o)
                0x00001158                USBUART_CDC_Init
 .text.USBUART_PutData
                0x00001200       0x6c .\ARM_GCC_493\Debug\USBFS_UART01.a(USBUART_cdc.o)
                0x00001200                USBUART_PutData
 .text.USBUART_DataIsReady
                0x0000126c       0x24 .\ARM_GCC_493\Debug\USBFS_UART01.a(USBUART_cdc.o)
                0x0000126c                USBUART_DataIsReady
 .text.USBUART_CDCIsReady
                0x00001290       0x24 .\ARM_GCC_493\Debug\USBFS_UART01.a(USBUART_cdc.o)
                0x00001290                USBUART_CDCIsReady
 .text.USBUART_GetAll
                0x000012b4       0x50 .\ARM_GCC_493\Debug\USBFS_UART01.a(USBUART_cdc.o)
                0x000012b4                USBUART_GetAll
 .text.USBUART_IsLineChanged
                0x00001304       0x58 .\ARM_GCC_493\Debug\USBFS_UART01.a(USBUART_cdc.o)
                0x00001304                USBUART_IsLineChanged
 .text.USBUART_GetDTERate
                0x0000135c       0x8c .\ARM_GCC_493\Debug\USBFS_UART01.a(USBUART_cdc.o)
                0x0000135c                USBUART_GetDTERate
 .text.USBUART_GetCharFormat
                0x000013e8       0x2c .\ARM_GCC_493\Debug\USBFS_UART01.a(USBUART_cdc.o)
                0x000013e8                USBUART_GetCharFormat
 .text.USBUART_GetParityType
                0x00001414       0x2c .\ARM_GCC_493\Debug\USBFS_UART01.a(USBUART_cdc.o)
                0x00001414                USBUART_GetParityType
 .text.USBUART_GetDataBits
                0x00001440       0x2c .\ARM_GCC_493\Debug\USBFS_UART01.a(USBUART_cdc.o)
                0x00001440                USBUART_GetDataBits
 .text.USBUART_GetLineControl
                0x0000146c       0x24 .\ARM_GCC_493\Debug\USBFS_UART01.a(USBUART_cdc.o)
                0x0000146c                USBUART_GetLineControl
 .text.USBUART_Cdc_EpInit
                0x00001490       0x94 .\ARM_GCC_493\Debug\USBFS_UART01.a(USBUART_cdc.o)
                0x00001490                USBUART_Cdc_EpInit
 .text.USBUART_EP_0_ISR
                0x00001524       0xf8 .\ARM_GCC_493\Debug\USBFS_UART01.a(USBUART_drv.o)
                0x00001524                USBUART_EP_0_ISR
 .text.USBUART_HandleSetup
                0x0000161c       0x88 .\ARM_GCC_493\Debug\USBFS_UART01.a(USBUART_drv.o)
                0x0000161c                USBUART_HandleSetup
 .text.USBUART_HandleIN
                0x000016a4       0x4c .\ARM_GCC_493\Debug\USBFS_UART01.a(USBUART_drv.o)
                0x000016a4                USBUART_HandleIN
 .text.USBUART_HandleOUT
                0x000016f0       0x58 .\ARM_GCC_493\Debug\USBFS_UART01.a(USBUART_drv.o)
                0x000016f0                USBUART_HandleOUT
 .text.USBUART_LoadEP0
                0x00001748       0xd0 .\ARM_GCC_493\Debug\USBFS_UART01.a(USBUART_drv.o)
                0x00001748                USBUART_LoadEP0
 .text.USBUART_InitControlRead
                0x00001818       0x70 .\ARM_GCC_493\Debug\USBFS_UART01.a(USBUART_drv.o)
                0x00001818                USBUART_InitControlRead
 .text.USBUART_InitZeroLengthControlTransfer
                0x00001888       0x44 .\ARM_GCC_493\Debug\USBFS_UART01.a(USBUART_drv.o)
                0x00001888                USBUART_InitZeroLengthControlTransfer
 .text.USBUART_ControlReadDataStage
                0x000018cc        0xc .\ARM_GCC_493\Debug\USBFS_UART01.a(USBUART_drv.o)
                0x000018cc                USBUART_ControlReadDataStage
 .text.USBUART_ControlReadStatusStage
                0x000018d8       0x40 .\ARM_GCC_493\Debug\USBFS_UART01.a(USBUART_drv.o)
                0x000018d8                USBUART_ControlReadStatusStage
 .text.USBUART_InitControlWrite
                0x00001918       0x64 .\ARM_GCC_493\Debug\USBFS_UART01.a(USBUART_drv.o)
                0x00001918                USBUART_InitControlWrite
 .text.USBUART_ControlWriteDataStage
                0x0000197c       0xb4 .\ARM_GCC_493\Debug\USBFS_UART01.a(USBUART_drv.o)
                0x0000197c                USBUART_ControlWriteDataStage
 .text.USBUART_ControlWriteStatusStage
                0x00001a30       0x20 .\ARM_GCC_493\Debug\USBFS_UART01.a(USBUART_drv.o)
                0x00001a30                USBUART_ControlWriteStatusStage
 .text.USBUART_InitNoDataControlTransfer
                0x00001a50       0x38 .\ARM_GCC_493\Debug\USBFS_UART01.a(USBUART_drv.o)
                0x00001a50                USBUART_InitNoDataControlTransfer
 .text.USBUART_NoDataControlStatusStage
                0x00001a88       0x48 .\ARM_GCC_493\Debug\USBFS_UART01.a(USBUART_drv.o)
                0x00001a88                USBUART_NoDataControlStatusStage
 .text.USBUART_UpdateStatusBlock
                0x00001ad0       0x40 .\ARM_GCC_493\Debug\USBFS_UART01.a(USBUART_drv.o)
                0x00001ad0                USBUART_UpdateStatusBlock
 .text.USBUART_InitializeStatusBlock
                0x00001b10       0x34 .\ARM_GCC_493\Debug\USBFS_UART01.a(USBUART_drv.o)
                0x00001b10                USBUART_InitializeStatusBlock
 .text.USBUART_EP_1_ISR
                0x00001b44       0x48 .\ARM_GCC_493\Debug\USBFS_UART01.a(USBUART_episr.o)
                0x00001b44                USBUART_EP_1_ISR
 .text.USBUART_EP_2_ISR
                0x00001b8c       0x4c .\ARM_GCC_493\Debug\USBFS_UART01.a(USBUART_episr.o)
                0x00001b8c                USBUART_EP_2_ISR
 .text.USBUART_EP_3_ISR
                0x00001bd8       0x54 .\ARM_GCC_493\Debug\USBFS_UART01.a(USBUART_episr.o)
                0x00001bd8                USBUART_EP_3_ISR
 .text.USBUART_SOF_ISR
                0x00001c2c        0xc .\ARM_GCC_493\Debug\USBFS_UART01.a(USBUART_episr.o)
                0x00001c2c                USBUART_SOF_ISR
 .text.USBUART_BUS_RESET_ISR
                0x00001c38        0xc .\ARM_GCC_493\Debug\USBFS_UART01.a(USBUART_episr.o)
                0x00001c38                USBUART_BUS_RESET_ISR
 .text.USBUART_DispatchHIDClassRqst
                0x00001c44      0x1d0 .\ARM_GCC_493\Debug\USBFS_UART01.a(USBUART_hid.o)
                0x00001c44                USBUART_DispatchHIDClassRqst
 .text.USBUART_FindHidClassDecriptor
                0x00001e14       0x7c .\ARM_GCC_493\Debug\USBFS_UART01.a(USBUART_hid.o)
                0x00001e14                USBUART_FindHidClassDecriptor
 .text.USBUART_FindReportDescriptor
                0x00001e90       0x90 .\ARM_GCC_493\Debug\USBFS_UART01.a(USBUART_hid.o)
                0x00001e90                USBUART_FindReportDescriptor
 .text.USBUART_FindReport
                0x00001f20       0xcc .\ARM_GCC_493\Debug\USBFS_UART01.a(USBUART_hid.o)
                0x00001f20                USBUART_FindReport
 .text.USBUART_DP_ISR
                0x00001fec        0xc .\ARM_GCC_493\Debug\USBFS_UART01.a(USBUART_pm.o)
                0x00001fec                USBUART_DP_ISR
 .text.USBUART_HandleStandardRqst
                0x00001ff8      0x48c .\ARM_GCC_493\Debug\USBFS_UART01.a(USBUART_std.o)
                0x00001ff8                USBUART_HandleStandardRqst
 .text.USBUART_ReadDieID
                0x00002484       0xd4 .\ARM_GCC_493\Debug\USBFS_UART01.a(USBUART_std.o)
                0x00002484                USBUART_ReadDieID
 .text.USBUART_ConfigReg
                0x00002558      0x11c .\ARM_GCC_493\Debug\USBFS_UART01.a(USBUART_std.o)
                0x00002558                USBUART_ConfigReg
 .text.USBUART_Config
                0x00002674      0x394 .\ARM_GCC_493\Debug\USBFS_UART01.a(USBUART_std.o)
                0x00002674                USBUART_Config
 .text.USBUART_ConfigAltChanged
                0x00002a08      0x23c .\ARM_GCC_493\Debug\USBFS_UART01.a(USBUART_std.o)
                0x00002a08                USBUART_ConfigAltChanged
 .text.USBUART_GetConfigTablePtr
                0x00002c44       0x54 .\ARM_GCC_493\Debug\USBFS_UART01.a(USBUART_std.o)
                0x00002c44                USBUART_GetConfigTablePtr
 .text.USBUART_GetDeviceTablePtr
                0x00002c98       0x24 .\ARM_GCC_493\Debug\USBFS_UART01.a(USBUART_std.o)
                0x00002c98                USBUART_GetDeviceTablePtr
 .text.USBUART_GetInterfaceClassTablePtr
                0x00002cbc       0x4c .\ARM_GCC_493\Debug\USBFS_UART01.a(USBUART_std.o)
                0x00002cbc                USBUART_GetInterfaceClassTablePtr
 .text.USBUART_SetEndpointHalt
                0x00002d08       0xdc .\ARM_GCC_493\Debug\USBFS_UART01.a(USBUART_std.o)
                0x00002d08                USBUART_SetEndpointHalt
 .text.USBUART_ClearEndpointHalt
                0x00002de4      0x130 .\ARM_GCC_493\Debug\USBFS_UART01.a(USBUART_std.o)
                0x00002de4                USBUART_ClearEndpointHalt
 .text.USBUART_ValidateAlternateSetting
                0x00002f14       0x70 .\ARM_GCC_493\Debug\USBFS_UART01.a(USBUART_std.o)
                0x00002f14                USBUART_ValidateAlternateSetting
 .text.USBUART_HandleVendorRqst
                0x00002f84       0x54 .\ARM_GCC_493\Debug\USBFS_UART01.a(USBUART_vnd.o)
                0x00002f84                USBUART_HandleVendorRqst
 .text.LCD_Init
                0x00002fd8       0x6c .\ARM_GCC_493\Debug\USBFS_UART01.a(LCD.o)
                0x00002fd8                LCD_Init
 .text.LCD_Enable
                0x00003044       0x18 .\ARM_GCC_493\Debug\USBFS_UART01.a(LCD.o)
                0x00003044                LCD_Enable
 .text.LCD_Start
                0x0000305c       0x20 .\ARM_GCC_493\Debug\USBFS_UART01.a(LCD.o)
                0x0000305c                LCD_Start
 .text.LCD_Position
                0x0000307c       0x6c .\ARM_GCC_493\Debug\USBFS_UART01.a(LCD.o)
                0x0000307c                LCD_Position
 .text.LCD_PrintString
                0x000030e8       0x38 .\ARM_GCC_493\Debug\USBFS_UART01.a(LCD.o)
                0x000030e8                LCD_PrintString
 .text.LCD_WriteData
                0x00003120       0x34 .\ARM_GCC_493\Debug\USBFS_UART01.a(LCD.o)
                0x00003120                LCD_WriteData
 .text.LCD_WriteControl
                0x00003154       0x34 .\ARM_GCC_493\Debug\USBFS_UART01.a(LCD.o)
                0x00003154                LCD_WriteControl
 .text.LCD_IsReady
                0x00003188      0x178 .\ARM_GCC_493\Debug\USBFS_UART01.a(LCD.o)
                0x00003188                LCD_IsReady
 .text.LCD_WrDatNib
                0x00003300       0x78 .\ARM_GCC_493\Debug\USBFS_UART01.a(LCD.o)
 .text.LCD_WrCntrlNib
                0x00003378       0x60 .\ARM_GCC_493\Debug\USBFS_UART01.a(LCD.o)
 .text.LCD_PrintU32Number
                0x000033d8       0xa4 .\ARM_GCC_493\Debug\USBFS_UART01.a(LCD.o)
                0x000033d8                LCD_PrintU32Number
 .text.USBUART_Dp_ClearInterrupt
                0x0000347c       0x20 .\ARM_GCC_493\Debug\USBFS_UART01.a(USBUART_Dp.o)
                0x0000347c                USBUART_Dp_ClearInterrupt
 .text.CyHalt   0x0000349c       0x18 .\ARM_GCC_493\Debug\USBFS_UART01.a(CyLib.o)
                0x0000349c                CyHalt
 .text.CyDelay  0x000034b4       0x44 .\ARM_GCC_493\Debug\USBFS_UART01.a(CyLib.o)
                0x000034b4                CyDelay
 .text.CyDelayUs
                0x000034f8       0x24 .\ARM_GCC_493\Debug\USBFS_UART01.a(CyLib.o)
                0x000034f8                CyDelayUs
 .text.CyIntSetVector
                0x0000351c       0x50 .\ARM_GCC_493\Debug\USBFS_UART01.a(CyLib.o)
                0x0000351c                CyIntSetVector
 .text.CyIntSetPriority
                0x0000356c       0x44 .\ARM_GCC_493\Debug\USBFS_UART01.a(CyLib.o)
                0x0000356c                CyIntSetPriority
 .text.CyGetUniqueId
                0x000035b0       0xc4 .\ARM_GCC_493\Debug\USBFS_UART01.a(CyLib.o)
                0x000035b0                CyGetUniqueId
 .text.VDAC8_1_Init
                0x00003674       0x28 .\ARM_GCC_493\Debug\USBFS_UART01.a(VDAC8_1.o)
                0x00003674                VDAC8_1_Init
 .text.VDAC8_1_Enable
                0x0000369c       0x34 .\ARM_GCC_493\Debug\USBFS_UART01.a(VDAC8_1.o)
                0x0000369c                VDAC8_1_Enable
 .text.VDAC8_1_Start
                0x000036d0       0x28 .\ARM_GCC_493\Debug\USBFS_UART01.a(VDAC8_1.o)
                0x000036d0                VDAC8_1_Start
 .text.VDAC8_1_SetSpeed
                0x000036f8       0x40 .\ARM_GCC_493\Debug\USBFS_UART01.a(VDAC8_1.o)
                0x000036f8                VDAC8_1_SetSpeed
 .text.VDAC8_1_SetRange
                0x00003738       0x40 .\ARM_GCC_493\Debug\USBFS_UART01.a(VDAC8_1.o)
                0x00003738                VDAC8_1_SetRange
 .text.VDAC8_1_SetValue
                0x00003778       0x20 .\ARM_GCC_493\Debug\USBFS_UART01.a(VDAC8_1.o)
                0x00003778                VDAC8_1_SetValue
 .text.VDAC8_1_DacTrim
                0x00003798       0x3c .\ARM_GCC_493\Debug\USBFS_UART01.a(VDAC8_1.o)
                0x00003798                VDAC8_1_DacTrim
 .text.VDAC8_2_Init
                0x000037d4       0x28 .\ARM_GCC_493\Debug\USBFS_UART01.a(VDAC8_2.o)
                0x000037d4                VDAC8_2_Init
 .text.VDAC8_2_Enable
                0x000037fc       0x34 .\ARM_GCC_493\Debug\USBFS_UART01.a(VDAC8_2.o)
                0x000037fc                VDAC8_2_Enable
 .text.VDAC8_2_Start
                0x00003830       0x28 .\ARM_GCC_493\Debug\USBFS_UART01.a(VDAC8_2.o)
                0x00003830                VDAC8_2_Start
 .text.VDAC8_2_SetSpeed
                0x00003858       0x40 .\ARM_GCC_493\Debug\USBFS_UART01.a(VDAC8_2.o)
                0x00003858                VDAC8_2_SetSpeed
 .text.VDAC8_2_SetRange
                0x00003898       0x40 .\ARM_GCC_493\Debug\USBFS_UART01.a(VDAC8_2.o)
                0x00003898                VDAC8_2_SetRange
 .text.VDAC8_2_SetValue
                0x000038d8       0x20 .\ARM_GCC_493\Debug\USBFS_UART01.a(VDAC8_2.o)
                0x000038d8                VDAC8_2_SetValue
 .text.VDAC8_2_DacTrim
                0x000038f8       0x3c .\ARM_GCC_493\Debug\USBFS_UART01.a(VDAC8_2.o)
                0x000038f8                VDAC8_2_DacTrim
 .text.VDAC8_3_Init
                0x00003934       0x28 .\ARM_GCC_493\Debug\USBFS_UART01.a(VDAC8_3.o)
                0x00003934                VDAC8_3_Init
 .text.VDAC8_3_Enable
                0x0000395c       0x34 .\ARM_GCC_493\Debug\USBFS_UART01.a(VDAC8_3.o)
                0x0000395c                VDAC8_3_Enable
 .text.VDAC8_3_Start
                0x00003990       0x28 .\ARM_GCC_493\Debug\USBFS_UART01.a(VDAC8_3.o)
                0x00003990                VDAC8_3_Start
 .text.VDAC8_3_SetSpeed
                0x000039b8       0x40 .\ARM_GCC_493\Debug\USBFS_UART01.a(VDAC8_3.o)
                0x000039b8                VDAC8_3_SetSpeed
 .text.VDAC8_3_SetRange
                0x000039f8       0x40 .\ARM_GCC_493\Debug\USBFS_UART01.a(VDAC8_3.o)
                0x000039f8                VDAC8_3_SetRange
 .text.VDAC8_3_SetValue
                0x00003a38       0x20 .\ARM_GCC_493\Debug\USBFS_UART01.a(VDAC8_3.o)
                0x00003a38                VDAC8_3_SetValue
 .text.VDAC8_3_DacTrim
                0x00003a58       0x3c .\ARM_GCC_493\Debug\USBFS_UART01.a(VDAC8_3.o)
                0x00003a58                VDAC8_3_DacTrim
 .text.VDAC8_4_Init
                0x00003a94       0x28 .\ARM_GCC_493\Debug\USBFS_UART01.a(VDAC8_4.o)
                0x00003a94                VDAC8_4_Init
 .text.VDAC8_4_Enable
                0x00003abc       0x34 .\ARM_GCC_493\Debug\USBFS_UART01.a(VDAC8_4.o)
                0x00003abc                VDAC8_4_Enable
 .text.VDAC8_4_Start
                0x00003af0       0x28 .\ARM_GCC_493\Debug\USBFS_UART01.a(VDAC8_4.o)
                0x00003af0                VDAC8_4_Start
 .text.VDAC8_4_SetSpeed
                0x00003b18       0x40 .\ARM_GCC_493\Debug\USBFS_UART01.a(VDAC8_4.o)
                0x00003b18                VDAC8_4_SetSpeed
 .text.VDAC8_4_SetRange
                0x00003b58       0x40 .\ARM_GCC_493\Debug\USBFS_UART01.a(VDAC8_4.o)
                0x00003b58                VDAC8_4_SetRange
 .text.VDAC8_4_SetValue
                0x00003b98       0x20 .\ARM_GCC_493\Debug\USBFS_UART01.a(VDAC8_4.o)
                0x00003b98                VDAC8_4_SetValue
 .text.VDAC8_4_DacTrim
                0x00003bb8       0x3c .\ARM_GCC_493\Debug\USBFS_UART01.a(VDAC8_4.o)
                0x00003bb8                VDAC8_4_DacTrim
 *fill*         0x00003bf4        0x4 
 .text          0x00003bf8       0x58 .\ARM_GCC_493\Debug\USBFS_UART01.a(CyBootAsmGnu.o)
                0x00003bf8                CyDelayCycles
                0x00003c36                CyEnterCriticalSection
                0x00003c3e                CyExitCriticalSection
 .text.USBUART_DispatchClassRqst
                0x00003c50       0x88 .\ARM_GCC_493\Debug\USBFS_UART01.a(USBUART_cls.o)
                0x00003c50                USBUART_DispatchClassRqst
 .text.__errno  0x00003cd8        0xc c:/program files (x86)/cypress/psoc creator/4.0/psoc creator/import/gnu/arm/4.9.3/bin/../lib/gcc/arm-none-eabi/4.9.3/../../../../arm-none-eabi/lib/armv7-m\libg_nano.a(lib_a-errno.o)
                0x00003cd8                __errno
 .text.__libc_init_array
                0x00003ce4       0x4c c:/program files (x86)/cypress/psoc creator/4.0/psoc creator/import/gnu/arm/4.9.3/bin/../lib/gcc/arm-none-eabi/4.9.3/../../../../arm-none-eabi/lib/armv7-m\libg_nano.a(lib_a-init.o)
                0x00003ce4                __libc_init_array
 .text.memcpy   0x00003d30       0x16 c:/program files (x86)/cypress/psoc creator/4.0/psoc creator/import/gnu/arm/4.9.3/bin/../lib/gcc/arm-none-eabi/4.9.3/../../../../arm-none-eabi/lib/armv7-m\libg_nano.a(lib_a-memcpy.o)
                0x00003d30                memcpy
 .text.memset   0x00003d46       0x10 c:/program files (x86)/cypress/psoc creator/4.0/psoc creator/import/gnu/arm/4.9.3/bin/../lib/gcc/arm-none-eabi/4.9.3/../../../../arm-none-eabi/lib/armv7-m\libg_nano.a(lib_a-memset.o)
                0x00003d46                memset
 .text.__cvt    0x00003d56       0xbc c:/program files (x86)/cypress/psoc creator/4.0/psoc creator/import/gnu/arm/4.9.3/bin/../lib/gcc/arm-none-eabi/4.9.3/../../../../arm-none-eabi/lib/armv7-m\libg_nano.a(lib_a-nano-vfprintf_float.o)
                0x00003d56                __cvt
 .text.__exponent
                0x00003e12       0x62 c:/program files (x86)/cypress/psoc creator/4.0/psoc creator/import/gnu/arm/4.9.3/bin/../lib/gcc/arm-none-eabi/4.9.3/../../../../arm-none-eabi/lib/armv7-m\libg_nano.a(lib_a-nano-vfprintf_float.o)
                0x00003e12                __exponent
 .text._printf_float
                0x00003e74      0x48c c:/program files (x86)/cypress/psoc creator/4.0/psoc creator/import/gnu/arm/4.9.3/bin/../lib/gcc/arm-none-eabi/4.9.3/../../../../arm-none-eabi/lib/armv7-m\libg_nano.a(lib_a-nano-vfprintf_float.o)
                0x00003e74                _printf_float
 .text._printf_common
                0x00004300       0xea c:/program files (x86)/cypress/psoc creator/4.0/psoc creator/import/gnu/arm/4.9.3/bin/../lib/gcc/arm-none-eabi/4.9.3/../../../../arm-none-eabi/lib/armv7-m\libg_nano.a(lib_a-nano-vfprintf_i.o)
                0x00004300                _printf_common
 *fill*         0x000043ea        0x2 
 .text._printf_i
                0x000043ec      0x240 c:/program files (x86)/cypress/psoc creator/4.0/psoc creator/import/gnu/arm/4.9.3/bin/../lib/gcc/arm-none-eabi/4.9.3/../../../../arm-none-eabi/lib/armv7-m\libg_nano.a(lib_a-nano-vfprintf_i.o)
                0x000043ec                _printf_i
 .text.__fpclassifyd
                0x0000462c       0x50 c:/program files (x86)/cypress/psoc creator/4.0/psoc creator/import/gnu/arm/4.9.3/bin/../lib/gcc/arm-none-eabi/4.9.3/../../../../arm-none-eabi/lib/armv7-m\libg_nano.a(lib_a-s_fpclassify.o)
                0x0000462c                __fpclassifyd
 .text.sprintf  0x0000467c       0x48 c:/program files (x86)/cypress/psoc creator/4.0/psoc creator/import/gnu/arm/4.9.3/bin/../lib/gcc/arm-none-eabi/4.9.3/../../../../arm-none-eabi/lib/armv7-m\libg_nano.a(lib_a-sprintf.o)
                0x0000467c                siprintf
                0x0000467c                sprintf
 .text.strlen   0x000046c4       0x10 c:/program files (x86)/cypress/psoc creator/4.0/psoc creator/import/gnu/arm/4.9.3/bin/../lib/gcc/arm-none-eabi/4.9.3/../../../../arm-none-eabi/lib/armv7-m\libg_nano.a(lib_a-strlen.o)
                0x000046c4                strlen
 .text.quorem   0x000046d4      0x114 c:/program files (x86)/cypress/psoc creator/4.0/psoc creator/import/gnu/arm/4.9.3/bin/../lib/gcc/arm-none-eabi/4.9.3/../../../../arm-none-eabi/lib/armv7-m\libg_nano.a(lib_a-dtoa.o)
 .text._dtoa_r  0x000047e8      0xb78 c:/program files (x86)/cypress/psoc creator/4.0/psoc creator/import/gnu/arm/4.9.3/bin/../lib/gcc/arm-none-eabi/4.9.3/../../../../arm-none-eabi/lib/armv7-m\libg_nano.a(lib_a-dtoa.o)
                0x000047e8                _dtoa_r
 .text._localeconv_r
                0x00005360        0x8 c:/program files (x86)/cypress/psoc creator/4.0/psoc creator/import/gnu/arm/4.9.3/bin/../lib/gcc/arm-none-eabi/4.9.3/../../../../arm-none-eabi/lib/armv7-m\libg_nano.a(lib_a-locale.o)
                0x00005360                _localeconv_r
 .text.malloc   0x00005368       0x10 c:/program files (x86)/cypress/psoc creator/4.0/psoc creator/import/gnu/arm/4.9.3/bin/../lib/gcc/arm-none-eabi/4.9.3/../../../../arm-none-eabi/lib/armv7-m\libg_nano.a(lib_a-malloc.o)
                0x00005368                malloc
 .text.memchr   0x00005378       0x1c c:/program files (x86)/cypress/psoc creator/4.0/psoc creator/import/gnu/arm/4.9.3/bin/../lib/gcc/arm-none-eabi/4.9.3/../../../../arm-none-eabi/lib/armv7-m\libg_nano.a(lib_a-memchr.o)
                0x00005378                memchr
 .text._Balloc  0x00005394       0x6a c:/program files (x86)/cypress/psoc creator/4.0/psoc creator/import/gnu/arm/4.9.3/bin/../lib/gcc/arm-none-eabi/4.9.3/../../../../arm-none-eabi/lib/armv7-m\libg_nano.a(lib_a-mprec.o)
                0x00005394                _Balloc
 .text._Bfree   0x000053fe       0x2e c:/program files (x86)/cypress/psoc creator/4.0/psoc creator/import/gnu/arm/4.9.3/bin/../lib/gcc/arm-none-eabi/4.9.3/../../../../arm-none-eabi/lib/armv7-m\libg_nano.a(lib_a-mprec.o)
                0x000053fe                _Bfree
 .text.__multadd
                0x0000542c       0x7c c:/program files (x86)/cypress/psoc creator/4.0/psoc creator/import/gnu/arm/4.9.3/bin/../lib/gcc/arm-none-eabi/4.9.3/../../../../arm-none-eabi/lib/armv7-m\libg_nano.a(lib_a-mprec.o)
                0x0000542c                __multadd
 .text.__hi0bits
                0x000054a8       0x40 c:/program files (x86)/cypress/psoc creator/4.0/psoc creator/import/gnu/arm/4.9.3/bin/../lib/gcc/arm-none-eabi/4.9.3/../../../../arm-none-eabi/lib/armv7-m\libg_nano.a(lib_a-mprec.o)
                0x000054a8                __hi0bits
 .text.__lo0bits
                0x000054e8       0x5a c:/program files (x86)/cypress/psoc creator/4.0/psoc creator/import/gnu/arm/4.9.3/bin/../lib/gcc/arm-none-eabi/4.9.3/../../../../arm-none-eabi/lib/armv7-m\libg_nano.a(lib_a-mprec.o)
                0x000054e8                __lo0bits
 .text.__i2b    0x00005542       0x12 c:/program files (x86)/cypress/psoc creator/4.0/psoc creator/import/gnu/arm/4.9.3/bin/../lib/gcc/arm-none-eabi/4.9.3/../../../../arm-none-eabi/lib/armv7-m\libg_nano.a(lib_a-mprec.o)
                0x00005542                __i2b
 .text.__multiply
                0x00005554      0x120 c:/program files (x86)/cypress/psoc creator/4.0/psoc creator/import/gnu/arm/4.9.3/bin/../lib/gcc/arm-none-eabi/4.9.3/../../../../arm-none-eabi/lib/armv7-m\libg_nano.a(lib_a-mprec.o)
                0x00005554                __multiply
 .text.__pow5mult
                0x00005674       0x9c c:/program files (x86)/cypress/psoc creator/4.0/psoc creator/import/gnu/arm/4.9.3/bin/../lib/gcc/arm-none-eabi/4.9.3/../../../../arm-none-eabi/lib/armv7-m\libg_nano.a(lib_a-mprec.o)
                0x00005674                __pow5mult
 .text.__lshift
                0x00005710       0xa6 c:/program files (x86)/cypress/psoc creator/4.0/psoc creator/import/gnu/arm/4.9.3/bin/../lib/gcc/arm-none-eabi/4.9.3/../../../../arm-none-eabi/lib/armv7-m\libg_nano.a(lib_a-mprec.o)
                0x00005710                __lshift
 .text.__mcmp   0x000057b6       0x38 c:/program files (x86)/cypress/psoc creator/4.0/psoc creator/import/gnu/arm/4.9.3/bin/../lib/gcc/arm-none-eabi/4.9.3/../../../../arm-none-eabi/lib/armv7-m\libg_nano.a(lib_a-mprec.o)
                0x000057b6                __mcmp
 .text.__mdiff  0x000057ee       0xbe c:/program files (x86)/cypress/psoc creator/4.0/psoc creator/import/gnu/arm/4.9.3/bin/../lib/gcc/arm-none-eabi/4.9.3/../../../../arm-none-eabi/lib/armv7-m\libg_nano.a(lib_a-mprec.o)
                0x000057ee                __mdiff
 .text.__d2b    0x000058ac       0xa4 c:/program files (x86)/cypress/psoc creator/4.0/psoc creator/import/gnu/arm/4.9.3/bin/../lib/gcc/arm-none-eabi/4.9.3/../../../../arm-none-eabi/lib/armv7-m\libg_nano.a(lib_a-mprec.o)
                0x000058ac                __d2b
 .text._calloc_r
                0x00005950       0x1c c:/program files (x86)/cypress/psoc creator/4.0/psoc creator/import/gnu/arm/4.9.3/bin/../lib/gcc/arm-none-eabi/4.9.3/../../../../arm-none-eabi/lib/armv7-m\libg_nano.a(lib_a-nano-callocr.o)
                0x00005950                _calloc_r
 .text._free_r  0x0000596c       0x88 c:/program files (x86)/cypress/psoc creator/4.0/psoc creator/import/gnu/arm/4.9.3/bin/../lib/gcc/arm-none-eabi/4.9.3/../../../../arm-none-eabi/lib/armv7-m\libg_nano.a(lib_a-nano-freer.o)
                0x0000596c                _free_r
 .text._malloc_r
                0x000059f4       0xac c:/program files (x86)/cypress/psoc creator/4.0/psoc creator/import/gnu/arm/4.9.3/bin/../lib/gcc/arm-none-eabi/4.9.3/../../../../arm-none-eabi/lib/armv7-m\libg_nano.a(lib_a-nano-mallocr.o)
                0x000059f4                _malloc_r
 .text.__ssputs_r
                0x00005aa0       0xb2 c:/program files (x86)/cypress/psoc creator/4.0/psoc creator/import/gnu/arm/4.9.3/bin/../lib/gcc/arm-none-eabi/4.9.3/../../../../arm-none-eabi/lib/armv7-m\libg_nano.a(lib_a-nano-svfprintf.o)
                0x00005aa0                __ssputs_r
 *fill*         0x00005b52        0x2 
 .text._svfprintf_r
                0x00005b54      0x1e4 c:/program files (x86)/cypress/psoc creator/4.0/psoc creator/import/gnu/arm/4.9.3/bin/../lib/gcc/arm-none-eabi/4.9.3/../../../../arm-none-eabi/lib/armv7-m\libg_nano.a(lib_a-nano-svfprintf.o)
                0x00005b54                _svfiprintf_r
                0x00005b54                _svfprintf_r
 .text._sbrk_r  0x00005d38       0x20 c:/program files (x86)/cypress/psoc creator/4.0/psoc creator/import/gnu/arm/4.9.3/bin/../lib/gcc/arm-none-eabi/4.9.3/../../../../arm-none-eabi/lib/armv7-m\libg_nano.a(lib_a-sbrkr.o)
                0x00005d38                _sbrk_r
 .text.memmove  0x00005d58       0x36 c:/program files (x86)/cypress/psoc creator/4.0/psoc creator/import/gnu/arm/4.9.3/bin/../lib/gcc/arm-none-eabi/4.9.3/../../../../arm-none-eabi/lib/armv7-m\libg_nano.a(lib_a-memmove.o)
                0x00005d58                memmove
 .text._realloc_r
                0x00005d8e       0x4c c:/program files (x86)/cypress/psoc creator/4.0/psoc creator/import/gnu/arm/4.9.3/bin/../lib/gcc/arm-none-eabi/4.9.3/../../../../arm-none-eabi/lib/armv7-m\libg_nano.a(lib_a-nano-reallocr.o)
                0x00005d8e                _realloc_r
 .text._malloc_usable_size_r
                0x00005dda       0x14 c:/program files (x86)/cypress/psoc creator/4.0/psoc creator/import/gnu/arm/4.9.3/bin/../lib/gcc/arm-none-eabi/4.9.3/../../../../arm-none-eabi/lib/armv7-m\libg_nano.a(lib_a-nano-msizer.o)
                0x00005dda                _malloc_usable_size_r
 *fill*         0x00005dee        0x2 
 .text          0x00005df0      0x370 c:/program files (x86)/cypress/psoc creator/4.0/psoc creator/import/gnu/arm/4.9.3/bin/../lib/gcc/arm-none-eabi/4.9.3/armv7-m\libgcc.a(_arm_addsubdf3.o)
                0x00005df0                __aeabi_drsub
                0x00005df8                __aeabi_dsub
                0x00005df8                __subdf3
                0x00005dfc                __aeabi_dadd
                0x00005dfc                __adddf3
                0x00006074                __floatunsidf
                0x00006074                __aeabi_ui2d
                0x00006094                __floatsidf
                0x00006094                __aeabi_i2d
                0x000060b8                __aeabi_f2d
                0x000060b8                __extendsfdf2
                0x000060f4                __floatundidf
                0x000060f4                __aeabi_ul2d
                0x00006104                __floatdidf
                0x00006104                __aeabi_l2d
 .text          0x00006160      0x424 c:/program files (x86)/cypress/psoc creator/4.0/psoc creator/import/gnu/arm/4.9.3/bin/../lib/gcc/arm-none-eabi/4.9.3/armv7-m\libgcc.a(_arm_muldivdf3.o)
                0x00006160                __aeabi_dmul
                0x00006160                __muldf3
                0x000063b4                __divdf3
                0x000063b4                __aeabi_ddiv
 .text          0x00006584      0x110 c:/program files (x86)/cypress/psoc creator/4.0/psoc creator/import/gnu/arm/4.9.3/bin/../lib/gcc/arm-none-eabi/4.9.3/armv7-m\libgcc.a(_arm_cmpdf2.o)
                0x00006584                __gtdf2
                0x00006584                __gedf2
                0x0000658c                __ltdf2
                0x0000658c                __ledf2
                0x00006594                __nedf2
                0x00006594                __eqdf2
                0x00006594                __cmpdf2
                0x00006610                __aeabi_cdrcmple
                0x00006620                __aeabi_cdcmpeq
                0x00006620                __aeabi_cdcmple
                0x00006630                __aeabi_dcmpeq
                0x00006644                __aeabi_dcmplt
                0x00006658                __aeabi_dcmple
                0x0000666c                __aeabi_dcmpge
                0x00006680                __aeabi_dcmpgt
 .text          0x00006694       0x50 c:/program files (x86)/cypress/psoc creator/4.0/psoc creator/import/gnu/arm/4.9.3/bin/../lib/gcc/arm-none-eabi/4.9.3/armv7-m\libgcc.a(_arm_fixdfsi.o)
                0x00006694                __aeabi_d2iz
                0x00006694                __fixdfsi
 *(.plt)
 *(.gnu.warning)
 *(.glue_7t)
 .glue_7t       0x00000000        0x0 linker stubs
 *(.glue_7)
 .glue_7        0x00000000        0x0 linker stubs
 *(.vfp11_veneer)
 .vfp11_veneer  0x00000000        0x0 linker stubs
 *(.bootloader)
 *(.ARM.extab* .gnu.linkonce.armextab.*)
 *(.gcc_except_table)

.v4_bx          0x000066e4        0x0
 .v4_bx         0x00000000        0x0 linker stubs

.iplt           0x000066e4        0x0
 .iplt          0x00000000        0x0 c:/program files (x86)/cypress/psoc creator/4.0/psoc creator/import/gnu/arm/4.9.3/bin/../lib/gcc/arm-none-eabi/4.9.3/armv7-m/crtbegin.o

.eh_frame_hdr
 *(.eh_frame_hdr)

.eh_frame       0x000066e4        0x4
 *(.eh_frame)
 .eh_frame      0x000066e4        0x0 c:/program files (x86)/cypress/psoc creator/4.0/psoc creator/import/gnu/arm/4.9.3/bin/../lib/gcc/arm-none-eabi/4.9.3/armv7-m/crtbegin.o
 .eh_frame      0x000066e4        0x0 c:/program files (x86)/cypress/psoc creator/4.0/psoc creator/import/gnu/arm/4.9.3/bin/../lib/gcc/arm-none-eabi/4.9.3/../../../../arm-none-eabi/lib/armv7-m\libg_nano.a(lib_a-strcmp.o)
                                 0x28 (size before relaxing)
 .eh_frame      0x000066e4        0x4 c:/program files (x86)/cypress/psoc creator/4.0/psoc creator/import/gnu/arm/4.9.3/bin/../lib/gcc/arm-none-eabi/4.9.3/armv7-m/crtend.o
                0x000066e8                PROVIDE (__exidx_start, .)

.ARM.exidx
 *(.ARM.exidx* .gnu.linkonce.armexidx.*)
                0x000066e8                __exidx_end = .

.rodata         0x000066e8      0x4b8
 *(.rodata .rodata.* .gnu.linkonce.r.*)
 .rodata        0x000066e8       0x78 .\ARM_GCC_493\Debug\main.o
 .rodata        0x00006760       0xc0 .\ARM_GCC_493\Debug\USBFS_UART01.a(cyfitter_cfg.o)
 .rodata        0x00006820       0x14 .\ARM_GCC_493\Debug\USBFS_UART01.a(USBUART_std.o)
 .rodata        0x00006834      0x1d4 .\ARM_GCC_493\Debug\USBFS_UART01.a(USBUART_descr.o)
                0x00006834                USBUART_DEVICE0_DESCR
                0x00006848                USBUART_DEVICE0_CONFIGURATION0_DESCR
                0x0000688c                USBUART_STRING_DESCRIPTORS
                0x0000692c                USBUART_SN_STRING_DESCRIPTOR
                0x00006930                USBUART_HIDREPORT_DESCRIPTOR1
                0x00006968                USBUART_DEVICE0_CONFIGURATION0_EP_SETTINGS_TABLE
                0x00006980                USBUART_DEVICE0_CONFIGURATION0_INTERFACE_CLASS
                0x00006984                USBUART_DEVICE0_CONFIGURATION0_TABLE
                0x000069ac                USBUART_DEVICE0_TABLE
                0x000069c4                USBUART_TABLE
                0x000069cc                USBUART_MSOS_DESCRIPTOR
                0x000069e0                USBUART_MSOS_CONFIGURATION_DESCR
 .rodata.str1.1
                0x00006a08        0x2 c:/program files (x86)/cypress/psoc creator/4.0/psoc creator/import/gnu/arm/4.9.3/bin/../lib/gcc/arm-none-eabi/4.9.3/../../../../arm-none-eabi/lib/armv7-m\libg_nano.a(lib_a-impure.o)
 .rodata.str1.1
                0x00006a0a       0x12 c:/program files (x86)/cypress/psoc creator/4.0/psoc creator/import/gnu/arm/4.9.3/bin/../lib/gcc/arm-none-eabi/4.9.3/../../../../arm-none-eabi/lib/armv7-m\libg_nano.a(lib_a-nano-vfprintf_float.o)
 .rodata.str1.1
                0x00006a1c       0x22 c:/program files (x86)/cypress/psoc creator/4.0/psoc creator/import/gnu/arm/4.9.3/bin/../lib/gcc/arm-none-eabi/4.9.3/../../../../arm-none-eabi/lib/armv7-m\libg_nano.a(lib_a-nano-vfprintf_i.o)
 .rodata.str1.1
                0x00006a3e        0xd c:/program files (x86)/cypress/psoc creator/4.0/psoc creator/import/gnu/arm/4.9.3/bin/../lib/gcc/arm-none-eabi/4.9.3/../../../../arm-none-eabi/lib/armv7-m\libg_nano.a(lib_a-dtoa.o)
                                  0xf (size before relaxing)
 .rodata.str1.1
                0x00006a4b        0x8 c:/program files (x86)/cypress/psoc creator/4.0/psoc creator/import/gnu/arm/4.9.3/bin/../lib/gcc/arm-none-eabi/4.9.3/../../../../arm-none-eabi/lib/armv7-m\libg_nano.a(lib_a-locale.o)
                                  0xb (size before relaxing)
 *fill*         0x00006a53        0x5 
 .rodata.__mprec_tens
                0x00006a58       0xc8 c:/program files (x86)/cypress/psoc creator/4.0/psoc creator/import/gnu/arm/4.9.3/bin/../lib/gcc/arm-none-eabi/4.9.3/../../../../arm-none-eabi/lib/armv7-m\libg_nano.a(lib_a-mprec.o)
                0x00006a58                __mprec_tens
 .rodata.__mprec_bigtens
                0x00006b20       0x28 c:/program files (x86)/cypress/psoc creator/4.0/psoc creator/import/gnu/arm/4.9.3/bin/../lib/gcc/arm-none-eabi/4.9.3/../../../../arm-none-eabi/lib/armv7-m\libg_nano.a(lib_a-mprec.o)
                0x00006b20                __mprec_bigtens
 .rodata.p05.5308
                0x00006b48        0xc c:/program files (x86)/cypress/psoc creator/4.0/psoc creator/import/gnu/arm/4.9.3/bin/../lib/gcc/arm-none-eabi/4.9.3/../../../../arm-none-eabi/lib/armv7-m\libg_nano.a(lib_a-mprec.o)
 .rodata.str1.1
                0x00006b54       0x11 c:/program files (x86)/cypress/psoc creator/4.0/psoc creator/import/gnu/arm/4.9.3/bin/../lib/gcc/arm-none-eabi/4.9.3/../../../../arm-none-eabi/lib/armv7-m\libg_nano.a(lib_a-nano-svfprintf.o)
                0x00006b68                . = ALIGN (0x4)
 *fill*         0x00006b65        0x3 
 *(.init)
 .init          0x00006b68        0x4 c:/program files (x86)/cypress/psoc creator/4.0/psoc creator/import/gnu/arm/4.9.3/bin/../lib/gcc/arm-none-eabi/4.9.3/armv7-m/crti.o
                0x00006b68                _init
 .init          0x00006b6c        0x8 c:/program files (x86)/cypress/psoc creator/4.0/psoc creator/import/gnu/arm/4.9.3/bin/../lib/gcc/arm-none-eabi/4.9.3/armv7-m/crtn.o
                0x00006b74                . = ALIGN (0x4)
                0x00006b74                __preinit_array_start = .
 *(.preinit_array)
                0x00006b74                __preinit_array_end = .
                0x00006b74                . = ALIGN (0x4)
                0x00006b74                __init_array_start = .
 *(SORT(.init_array.*))
 *(.init_array)
 .init_array    0x00006b74        0x4 c:/program files (x86)/cypress/psoc creator/4.0/psoc creator/import/gnu/arm/4.9.3/bin/../lib/gcc/arm-none-eabi/4.9.3/armv7-m/crtbegin.o
 .init_array    0x00006b78        0x4 .\ARM_GCC_493\Debug\Cm3Start.o
                0x00006b7c                __init_array_end = .
                0x00006b7c                . = ALIGN (0x4)
 *(.fini)
 .fini          0x00006b7c        0x4 c:/program files (x86)/cypress/psoc creator/4.0/psoc creator/import/gnu/arm/4.9.3/bin/../lib/gcc/arm-none-eabi/4.9.3/armv7-m/crti.o
                0x00006b7c                _fini
 .fini          0x00006b80        0x8 c:/program files (x86)/cypress/psoc creator/4.0/psoc creator/import/gnu/arm/4.9.3/bin/../lib/gcc/arm-none-eabi/4.9.3/armv7-m/crtn.o
                0x00006b88                . = ALIGN (0x4)
                0x00006b88                __fini_array_start = .
 *(.fini_array)
 .fini_array    0x00006b88        0x4 c:/program files (x86)/cypress/psoc creator/4.0/psoc creator/import/gnu/arm/4.9.3/bin/../lib/gcc/arm-none-eabi/4.9.3/armv7-m/crtbegin.o
 *(SORT(.fini_array.*))
                0x00006b8c                __fini_array_end = .
                0x00006b8c                . = ALIGN (0x4)
 *crtbegin.o(.ctors)
 *(EXCLUDE_FILE(*crtend.o) .ctors)
 *(SORT(.ctors.*))
 *crtend.o(.ctors)
                0x00006b8c                . = ALIGN (0x4)
 *crtbegin.o(.dtors)
 *(EXCLUDE_FILE(*crtend.o) .dtors)
 *(SORT(.dtors.*))
 *crtend.o(.dtors)
                0x00006b8c                . = ALIGN (0x4)
                0x00006b8c                __cy_regions = .
                0x00006b8c        0x4 LONG 0x6ba0 __cy_region_init_ram
                0x00006b90        0x4 LONG 0x1fff8108 __cy_region_start_data
                0x00006b94        0x4 LONG 0xf0 __cy_region_init_size_ram
                0x00006b98        0x4 LONG 0x120 __cy_region_zero_size_ram
                0x00006b9c                __cy_regions_end = .
                0x00006ba0                . = ALIGN (0x8)
 *fill*         0x00006b9c        0x4 
                0x00006ba0                _etext = .

.cy_checksum_exclude
                0x00006ba0        0x0
 *(.cy_checksum_exclude)

.ramvectors     0x1fff8000      0x100
                0x1fff8000                __cy_region_start_ram = .
 *(.ramvectors)
 .ramvectors    0x1fff8000      0x100 .\ARM_GCC_493\Debug\Cm3Start.o
                0x1fff8000                CyRamVectors

.noinit         0x1fff8100        0x5
 *(.noinit)
 .noinit        0x1fff8100        0x4 .\ARM_GCC_493\Debug\Cm3Start.o
 .noinit        0x1fff8104        0x1 .\ARM_GCC_493\Debug\USBFS_UART01.a(CyLib.o)
                0x1fff8104                CyResetStatus

.data           0x1fff8108       0xf0 load address 0x00006ba0
                0x1fff8108                __cy_region_start_data = .
 *(.jcr)
 .jcr           0x1fff8108        0x0 c:/program files (x86)/cypress/psoc creator/4.0/psoc creator/import/gnu/arm/4.9.3/bin/../lib/gcc/arm-none-eabi/4.9.3/armv7-m/crtbegin.o
 .jcr           0x1fff8108        0x4 c:/program files (x86)/cypress/psoc creator/4.0/psoc creator/import/gnu/arm/4.9.3/bin/../lib/gcc/arm-none-eabi/4.9.3/armv7-m/crtend.o
 *(.got.plt)
 *(.got)
 *(.shdata)
 *(.data .data.* .gnu.linkonce.d.*)
 .data          0x1fff810c       0x20 .\ARM_GCC_493\Debug\main.o
                0x1fff810c                parity
                0x1fff8120                stop
 .data          0x1fff812c        0x4 .\ARM_GCC_493\Debug\Cm3Start.o
 .data          0x1fff8130       0x1c .\ARM_GCC_493\Debug\USBFS_UART01.a(USBUART_cdc.o)
                0x1fff8130                USBUART_linesCoding
 .data          0x1fff814c       0x10 .\ARM_GCC_493\Debug\USBFS_UART01.a(CyLib.o)
                0x1fff814c                cydelay_freq_hz
                0x1fff8150                cydelay_freq_khz
                0x1fff8154                cydelay_freq_mhz
                0x1fff8158                cydelay_32k_ms
 .data.impure_data
                0x1fff815c       0x60 c:/program files (x86)/cypress/psoc creator/4.0/psoc creator/import/gnu/arm/4.9.3/bin/../lib/gcc/arm-none-eabi/4.9.3/../../../../arm-none-eabi/lib/armv7-m\libg_nano.a(lib_a-impure.o)
 .data._impure_ptr
                0x1fff81bc        0x4 c:/program files (x86)/cypress/psoc creator/4.0/psoc creator/import/gnu/arm/4.9.3/bin/../lib/gcc/arm-none-eabi/4.9.3/../../../../arm-none-eabi/lib/armv7-m\libg_nano.a(lib_a-impure.o)
                0x1fff81bc                _impure_ptr
 .data.lconv    0x1fff81c0       0x38 c:/program files (x86)/cypress/psoc creator/4.0/psoc creator/import/gnu/arm/4.9.3/bin/../lib/gcc/arm-none-eabi/4.9.3/../../../../arm-none-eabi/lib/armv7-m\libg_nano.a(lib_a-locale.o)
                0x1fff81f8                . = ALIGN (0x8)
 *(.ram)
                0x1fff81f8                _edata = .

.igot.plt       0x1fff81f8        0x0 load address 0x00006c90
 .igot.plt      0x00000000        0x0 c:/program files (x86)/cypress/psoc creator/4.0/psoc creator/import/gnu/arm/4.9.3/bin/../lib/gcc/arm-none-eabi/4.9.3/armv7-m/crtbegin.o

.bss            0x1fff81f8      0x120 load address 0x00006c90
                0x1fff81f8                PROVIDE (__bss_start__, .)
 *(.shbss)
 *(.bss .bss.* .gnu.linkonce.b.*)
 .bss           0x1fff81f8       0x1c c:/program files (x86)/cypress/psoc creator/4.0/psoc creator/import/gnu/arm/4.9.3/bin/../lib/gcc/arm-none-eabi/4.9.3/armv7-m/crtbegin.o
 .bss           0x1fff8214        0x1 .\ARM_GCC_493\Debug\USBFS_UART01.a(USBUART.o)
                0x1fff8214                USBUART_initVar
 .bss           0x1fff8215        0x1 .\ARM_GCC_493\Debug\USBFS_UART01.a(USBUART_cdc.o)
 *fill*         0x1fff8216        0x2 
 .bss           0x1fff8218        0x4 .\ARM_GCC_493\Debug\USBFS_UART01.a(USBUART_std.o)
 .bss           0x1fff821c        0x2 .\ARM_GCC_493\Debug\USBFS_UART01.a(LCD.o)
                0x1fff821c                LCD_enableState
                0x1fff821d                LCD_initVar
 .bss           0x1fff821e        0x1 .\ARM_GCC_493\Debug\USBFS_UART01.a(VDAC8_1.o)
                0x1fff821e                VDAC8_1_initVar
 .bss           0x1fff821f        0x1 .\ARM_GCC_493\Debug\USBFS_UART01.a(VDAC8_2.o)
                0x1fff821f                VDAC8_2_initVar
 .bss           0x1fff8220        0x1 .\ARM_GCC_493\Debug\USBFS_UART01.a(VDAC8_3.o)
                0x1fff8220                VDAC8_3_initVar
 .bss           0x1fff8221        0x1 .\ARM_GCC_493\Debug\USBFS_UART01.a(VDAC8_4.o)
                0x1fff8221                VDAC8_4_initVar
 *fill*         0x1fff8222        0x2 
 .bss.__malloc_sbrk_start
                0x1fff8224        0x4 c:/program files (x86)/cypress/psoc creator/4.0/psoc creator/import/gnu/arm/4.9.3/bin/../lib/gcc/arm-none-eabi/4.9.3/../../../../arm-none-eabi/lib/armv7-m\libg_nano.a(lib_a-nano-mallocr.o)
                0x1fff8224                __malloc_sbrk_start
 .bss.__malloc_free_list
                0x1fff8228        0x4 c:/program files (x86)/cypress/psoc creator/4.0/psoc creator/import/gnu/arm/4.9.3/bin/../lib/gcc/arm-none-eabi/4.9.3/../../../../arm-none-eabi/lib/armv7-m\libg_nano.a(lib_a-nano-mallocr.o)
                0x1fff8228                __malloc_free_list
 *(COMMON)
 COMMON         0x1fff822c       0x18 .\ARM_GCC_493\Debug\USBFS_UART01.a(USBUART_cdc.o)
                0x1fff822c                USBUART_linesChanged
                0x1fff8230                USBUART_cdcDataInEp
                0x1fff8234                USBUART_cdcCommInInterruptEp
                0x1fff8238                USBUART_cdcDataOutEp
                0x1fff823c                USBUART_serialStateBitmap
                0x1fff8240                USBUART_linesControlBitmap
 COMMON         0x1fff8244       0x9a .\ARM_GCC_493\Debug\USBFS_UART01.a(USBUART_drv.o)
                0x1fff8244                USBUART_lastPacketSize
                0x1fff8245                USBUART_device
                0x1fff8246                USBUART_transferByteCount
                0x1fff8248                USBUART_transferState
                0x1fff824c                USBUART_interfaceSettingLast
                0x1fff8250                USBUART_currentTD
                0x1fff825c                USBUART_interfaceNumber
                0x1fff8260                USBUART_interfaceClass
                0x1fff8264                USBUART_configurationChanged
                0x1fff8265                USBUART_ep0Mode
                0x1fff8266                USBUART_deviceAddress
                0x1fff8267                USBUART_configuration
                0x1fff8268                USBUART_ep0Count
                0x1fff8269                USBUART_deviceStatus
                0x1fff826c                USBUART_EP
                0x1fff82d8                USBUART_interfaceSetting
                0x1fff82da                USBUART_ep0Toggle
                0x1fff82dc                USBUART_interfaceStatus
 *fill*         0x1fff82de        0x2 
 COMMON         0x1fff82e0        0xa .\ARM_GCC_493\Debug\USBFS_UART01.a(USBUART_hid.o)
                0x1fff82e0                USBUART_hidProtocol
                0x1fff82e4                USBUART_hidIdleTimer
                0x1fff82e8                USBUART_hidIdleRate
 *fill*         0x1fff82ea        0x2 
 COMMON         0x1fff82ec       0x22 .\ARM_GCC_493\Debug\USBFS_UART01.a(USBUART_descr.o)
                0x1fff82ec                USBUART_idSerialNumberStringDescriptor
 *fill*         0x1fff830e        0x2 
 COMMON         0x1fff8310        0x4 c:/program files (x86)/cypress/psoc creator/4.0/psoc creator/import/gnu/arm/4.9.3/bin/../lib/gcc/arm-none-eabi/4.9.3/../../../../arm-none-eabi/lib/armv7-m\libg_nano.a(lib_a-reent.o)
                0x1fff8310                errno
                0x1fff8318                . = ALIGN (0x8)
 *fill*         0x1fff8314        0x4 
 *(.ram.b)
                0x1fff8318                _end = .
                0x1fff8318                __end = .
                0x1fff8318                PROVIDE (end, .)
                0x1fff8318                PROVIDE (__bss_end__, .)
                0x00006ba0                __cy_region_init_ram = LOADADDR (.data)
                0x000000f0                __cy_region_init_size_ram = (_edata - ADDR (.data))
                0x00000120                __cy_region_zero_size_ram = (_end - _edata)

.heap           0x1fff8318       0x80 load address 0x00006c90
                0x1fff8318                . = _end
                0x1fff8398                . = (. + 0x80)
 *fill*         0x1fff8318       0x80 
                0x1fff8398                __cy_heap_limit = .

.stack          0x20007800      0x800
                0x20007800                __cy_stack_limit = .
                0x20008000                . = (. + 0x800)
 *fill*         0x20007800      0x800 
                0x00000001                ASSERT ((__cy_stack_limit >= __cy_heap_limit), region RAM overflowed with stack)
                0x00000000                cy_checksum_exclude_size = (CY_APPL_LOADABLE == 0x1)?SIZEOF (.cy_checksum_exclude):0x0
                0x00000001                ASSERT ((cy_checksum_exclude_size <= CY_CHECKSUM_EXCLUDE_SIZE), CY_BOOT: Section .cy_checksum_exclude size exceedes specified limit.)

.cyloadermeta
 *(.cyloadermeta)

.cyloadablemeta
 *(.cyloadablemeta)

.cyconfigecc    0x80000000        0x4
 *(.cyconfigecc)
 .cyconfigecc   0x80000000        0x4 .\ARM_GCC_493\Debug\cymetadata.o
                0x80000000                cy_meta_configecc

.cycustnvl      0x90000000        0x4
 *(.cycustnvl)
 .cycustnvl     0x90000000        0x4 .\ARM_GCC_493\Debug\cymetadata.o
                0x90000000                cy_meta_custnvl

.cywolatch      0x90100000        0x4
 *(.cywolatch)
 .cywolatch     0x90100000        0x4 .\ARM_GCC_493\Debug\cymetadata.o
                0x90100000                cy_meta_wonvl

.cyeeprom       0x90200000        0x0
 *(.cyeeprom)
                0x00000001                ASSERT ((. <= ((0x90200000 + ee_offset) + ee_size)), .cyeeprom data will not fit in EEPROM)

.cyflashprotect
                0x90400000      0x100
 *(.cyflashprotect)
 .cyflashprotect
                0x90400000      0x100 .\ARM_GCC_493\Debug\cymetadata.o
                0x90400000                cy_meta_flashprotect

.cymeta         0x90500000        0xc
 *(.cymeta)
 .cymeta        0x90500000        0xc .\ARM_GCC_493\Debug\cymetadata.o
                0x90500000                cy_metadata

.rel.dyn        0x00006c90        0x0 load address 0x9050000c
 .rel.iplt      0x00000000        0x0 c:/program files (x86)/cypress/psoc creator/4.0/psoc creator/import/gnu/arm/4.9.3/bin/../lib/gcc/arm-none-eabi/4.9.3/armv7-m/crtbegin.o

.stab
 *(.stab)

.stabstr
 *(.stabstr)

.debug
 *(.debug)

.line
 *(.line)

.debug_srcinfo
 *(.debug_srcinfo)

.debug_sfnames
 *(.debug_sfnames)

.debug_aranges  0x00000000      0xc10
 *(.debug_aranges)
 .debug_aranges
                0x00000000       0x48 .\ARM_GCC_493\Debug\main.o
 .debug_aranges
                0x00000048       0x18 .\ARM_GCC_493\Debug\cymetadata.o
 .debug_aranges
                0x00000060       0x48 .\ARM_GCC_493\Debug\Cm3Start.o
 .debug_aranges
                0x000000a8       0x60 .\ARM_GCC_493\Debug\USBFS_UART01.a(cyfitter_cfg.o)
 .debug_aranges
                0x00000108       0xc8 .\ARM_GCC_493\Debug\USBFS_UART01.a(USBUART.o)
 .debug_aranges
                0x000001d0       0xe8 .\ARM_GCC_493\Debug\USBFS_UART01.a(USBUART_cdc.o)
 .debug_aranges
                0x000002b8       0x98 .\ARM_GCC_493\Debug\USBFS_UART01.a(USBUART_drv.o)
 .debug_aranges
                0x00000350       0x40 .\ARM_GCC_493\Debug\USBFS_UART01.a(USBUART_episr.o)
 .debug_aranges
                0x00000390       0x48 .\ARM_GCC_493\Debug\USBFS_UART01.a(USBUART_hid.o)
 .debug_aranges
                0x000003d8       0x40 .\ARM_GCC_493\Debug\USBFS_UART01.a(USBUART_pm.o)
 .debug_aranges
                0x00000418       0x80 .\ARM_GCC_493\Debug\USBFS_UART01.a(USBUART_std.o)
 .debug_aranges
                0x00000498       0x20 .\ARM_GCC_493\Debug\USBFS_UART01.a(USBUART_vnd.o)
 .debug_aranges
                0x000004b8       0x98 .\ARM_GCC_493\Debug\USBFS_UART01.a(LCD.o)
 .debug_aranges
                0x00000550       0x48 .\ARM_GCC_493\Debug\USBFS_UART01.a(USBUART_Dp.o)
 .debug_aranges
                0x00000598      0x2a8 .\ARM_GCC_493\Debug\USBFS_UART01.a(CyLib.o)
 .debug_aranges
                0x00000840       0x98 .\ARM_GCC_493\Debug\USBFS_UART01.a(cyPm.o)
 .debug_aranges
                0x000008d8       0x58 .\ARM_GCC_493\Debug\USBFS_UART01.a(VDAC8_1.o)
 .debug_aranges
                0x00000930       0x58 .\ARM_GCC_493\Debug\USBFS_UART01.a(VDAC8_2.o)
 .debug_aranges
                0x00000988       0x58 .\ARM_GCC_493\Debug\USBFS_UART01.a(VDAC8_3.o)
 .debug_aranges
                0x000009e0       0x58 .\ARM_GCC_493\Debug\USBFS_UART01.a(VDAC8_4.o)
 .debug_aranges
                0x00000a38       0x20 .\ARM_GCC_493\Debug\USBFS_UART01.a(CyBootAsmGnu.o)
 .debug_aranges
                0x00000a58       0x80 .\ARM_GCC_493\Debug\USBFS_UART01.a(CyScBoostClk.o)
 .debug_aranges
                0x00000ad8       0x20 .\ARM_GCC_493\Debug\USBFS_UART01.a(USBUART_cls.o)
 .debug_aranges
                0x00000af8       0x18 .\ARM_GCC_493\Debug\USBFS_UART01.a(USBUART_descr.o)
 .debug_aranges
                0x00000b10       0x88 .\ARM_GCC_493\Debug\USBFS_UART01.a(CyFlash.o)
 .debug_aranges
                0x00000b98       0x78 .\ARM_GCC_493\Debug\USBFS_UART01.a(CySpc.o)

.debug_pubnames
 *(.debug_pubnames)

.debug_info     0x00000000     0x631c
 *(.debug_info .gnu.linkonce.wi.*)
 .debug_info    0x00000000      0x3b1 .\ARM_GCC_493\Debug\main.o
 .debug_info    0x000003b1      0x13a .\ARM_GCC_493\Debug\cymetadata.o
 .debug_info    0x000004eb      0x319 .\ARM_GCC_493\Debug\Cm3Start.o
 .debug_info    0x00000804      0x487 .\ARM_GCC_493\Debug\USBFS_UART01.a(cyfitter_cfg.o)
 .debug_info    0x00000c8b      0x73b .\ARM_GCC_493\Debug\USBFS_UART01.a(USBUART.o)
 .debug_info    0x000013c6      0x903 .\ARM_GCC_493\Debug\USBFS_UART01.a(USBUART_cdc.o)
 .debug_info    0x00001cc9      0x521 .\ARM_GCC_493\Debug\USBFS_UART01.a(USBUART_drv.o)
 .debug_info    0x000021ea      0x22f .\ARM_GCC_493\Debug\USBFS_UART01.a(USBUART_episr.o)
 .debug_info    0x00002419      0x374 .\ARM_GCC_493\Debug\USBFS_UART01.a(USBUART_hid.o)
 .debug_info    0x0000278d      0x186 .\ARM_GCC_493\Debug\USBFS_UART01.a(USBUART_pm.o)
 .debug_info    0x00002913      0x950 .\ARM_GCC_493\Debug\USBFS_UART01.a(USBUART_std.o)
 .debug_info    0x00003263      0x19d .\ARM_GCC_493\Debug\USBFS_UART01.a(USBUART_vnd.o)
 .debug_info    0x00003400      0x3c8 .\ARM_GCC_493\Debug\USBFS_UART01.a(LCD.o)
 .debug_info    0x000037c8      0x171 .\ARM_GCC_493\Debug\USBFS_UART01.a(USBUART_Dp.o)
 .debug_info    0x00003939      0xe81 .\ARM_GCC_493\Debug\USBFS_UART01.a(CyLib.o)
 .debug_info    0x000047ba      0x561 .\ARM_GCC_493\Debug\USBFS_UART01.a(cyPm.o)
 .debug_info    0x00004d1b      0x185 .\ARM_GCC_493\Debug\USBFS_UART01.a(VDAC8_1.o)
 .debug_info    0x00004ea0      0x185 .\ARM_GCC_493\Debug\USBFS_UART01.a(VDAC8_2.o)
 .debug_info    0x00005025      0x185 .\ARM_GCC_493\Debug\USBFS_UART01.a(VDAC8_3.o)
 .debug_info    0x000051aa      0x185 .\ARM_GCC_493\Debug\USBFS_UART01.a(VDAC8_4.o)
 .debug_info    0x0000532f       0x8f .\ARM_GCC_493\Debug\USBFS_UART01.a(CyBootAsmGnu.o)
 .debug_info    0x000053be      0x299 .\ARM_GCC_493\Debug\USBFS_UART01.a(CyScBoostClk.o)
 .debug_info    0x00005657      0x1bc .\ARM_GCC_493\Debug\USBFS_UART01.a(USBUART_cls.o)
 .debug_info    0x00005813      0x2f5 .\ARM_GCC_493\Debug\USBFS_UART01.a(USBUART_descr.o)
 .debug_info    0x00005b08      0x3c1 .\ARM_GCC_493\Debug\USBFS_UART01.a(CyFlash.o)
 .debug_info    0x00005ec9      0x453 .\ARM_GCC_493\Debug\USBFS_UART01.a(CySpc.o)

.debug_abbrev   0x00000000     0x1dfd
 *(.debug_abbrev)
 .debug_abbrev  0x00000000       0xeb .\ARM_GCC_493\Debug\main.o
 .debug_abbrev  0x000000eb       0x5d .\ARM_GCC_493\Debug\cymetadata.o
 .debug_abbrev  0x00000148      0x1b6 .\ARM_GCC_493\Debug\Cm3Start.o
 .debug_abbrev  0x000002fe      0x19f .\ARM_GCC_493\Debug\USBFS_UART01.a(cyfitter_cfg.o)
 .debug_abbrev  0x0000049d      0x1f3 .\ARM_GCC_493\Debug\USBFS_UART01.a(USBUART.o)
 .debug_abbrev  0x00000690      0x233 .\ARM_GCC_493\Debug\USBFS_UART01.a(USBUART_cdc.o)
 .debug_abbrev  0x000008c3      0x161 .\ARM_GCC_493\Debug\USBFS_UART01.a(USBUART_drv.o)
 .debug_abbrev  0x00000a24       0xfd .\ARM_GCC_493\Debug\USBFS_UART01.a(USBUART_episr.o)
 .debug_abbrev  0x00000b21      0x15e .\ARM_GCC_493\Debug\USBFS_UART01.a(USBUART_hid.o)
 .debug_abbrev  0x00000c7f       0xd1 .\ARM_GCC_493\Debug\USBFS_UART01.a(USBUART_pm.o)
 .debug_abbrev  0x00000d50      0x1c2 .\ARM_GCC_493\Debug\USBFS_UART01.a(USBUART_std.o)
 .debug_abbrev  0x00000f12       0xc5 .\ARM_GCC_493\Debug\USBFS_UART01.a(USBUART_vnd.o)
 .debug_abbrev  0x00000fd7      0x120 .\ARM_GCC_493\Debug\USBFS_UART01.a(LCD.o)
 .debug_abbrev  0x000010f7       0x90 .\ARM_GCC_493\Debug\USBFS_UART01.a(USBUART_Dp.o)
 .debug_abbrev  0x00001187      0x217 .\ARM_GCC_493\Debug\USBFS_UART01.a(CyLib.o)
 .debug_abbrev  0x0000139e      0x161 .\ARM_GCC_493\Debug\USBFS_UART01.a(cyPm.o)
 .debug_abbrev  0x000014ff       0xeb .\ARM_GCC_493\Debug\USBFS_UART01.a(VDAC8_1.o)
 .debug_abbrev  0x000015ea       0xeb .\ARM_GCC_493\Debug\USBFS_UART01.a(VDAC8_2.o)
 .debug_abbrev  0x000016d5       0xeb .\ARM_GCC_493\Debug\USBFS_UART01.a(VDAC8_3.o)
 .debug_abbrev  0x000017c0       0xeb .\ARM_GCC_493\Debug\USBFS_UART01.a(VDAC8_4.o)
 .debug_abbrev  0x000018ab       0x14 .\ARM_GCC_493\Debug\USBFS_UART01.a(CyBootAsmGnu.o)
 .debug_abbrev  0x000018bf      0x11d .\ARM_GCC_493\Debug\USBFS_UART01.a(CyScBoostClk.o)
 .debug_abbrev  0x000019dc       0xc5 .\ARM_GCC_493\Debug\USBFS_UART01.a(USBUART_cls.o)
 .debug_abbrev  0x00001aa1       0xb4 .\ARM_GCC_493\Debug\USBFS_UART01.a(USBUART_descr.o)
 .debug_abbrev  0x00001b55      0x13c .\ARM_GCC_493\Debug\USBFS_UART01.a(CyFlash.o)
 .debug_abbrev  0x00001c91      0x16c .\ARM_GCC_493\Debug\USBFS_UART01.a(CySpc.o)

.debug_line     0x00000000     0x311b
 *(.debug_line)
 .debug_line    0x00000000      0x255 .\ARM_GCC_493\Debug\main.o
 .debug_line    0x00000255       0x51 .\ARM_GCC_493\Debug\cymetadata.o
 .debug_line    0x000002a6      0x1dc .\ARM_GCC_493\Debug\Cm3Start.o
 .debug_line    0x00000482      0x1f8 .\ARM_GCC_493\Debug\USBFS_UART01.a(cyfitter_cfg.o)
 .debug_line    0x0000067a      0x326 .\ARM_GCC_493\Debug\USBFS_UART01.a(USBUART.o)
 .debug_line    0x000009a0      0x30c .\ARM_GCC_493\Debug\USBFS_UART01.a(USBUART_cdc.o)
 .debug_line    0x00000cac      0x21a .\ARM_GCC_493\Debug\USBFS_UART01.a(USBUART_drv.o)
 .debug_line    0x00000ec6       0xf2 .\ARM_GCC_493\Debug\USBFS_UART01.a(USBUART_episr.o)
 .debug_line    0x00000fb8      0x17e .\ARM_GCC_493\Debug\USBFS_UART01.a(USBUART_hid.o)
 .debug_line    0x00001136       0xe6 .\ARM_GCC_493\Debug\USBFS_UART01.a(USBUART_pm.o)
 .debug_line    0x0000121c      0x456 .\ARM_GCC_493\Debug\USBFS_UART01.a(USBUART_std.o)
 .debug_line    0x00001672       0x8f .\ARM_GCC_493\Debug\USBFS_UART01.a(USBUART_vnd.o)
 .debug_line    0x00001701      0x1e1 .\ARM_GCC_493\Debug\USBFS_UART01.a(LCD.o)
 .debug_line    0x000018e2       0xbe .\ARM_GCC_493\Debug\USBFS_UART01.a(USBUART_Dp.o)
 .debug_line    0x000019a0      0x8af .\ARM_GCC_493\Debug\USBFS_UART01.a(CyLib.o)
 .debug_line    0x0000224f      0x37f .\ARM_GCC_493\Debug\USBFS_UART01.a(cyPm.o)
 .debug_line    0x000025ce       0xf0 .\ARM_GCC_493\Debug\USBFS_UART01.a(VDAC8_1.o)
 .debug_line    0x000026be       0xf0 .\ARM_GCC_493\Debug\USBFS_UART01.a(VDAC8_2.o)
 .debug_line    0x000027ae       0xf0 .\ARM_GCC_493\Debug\USBFS_UART01.a(VDAC8_3.o)
 .debug_line    0x0000289e       0xf0 .\ARM_GCC_493\Debug\USBFS_UART01.a(VDAC8_4.o)
 .debug_line    0x0000298e       0x7d .\ARM_GCC_493\Debug\USBFS_UART01.a(CyBootAsmGnu.o)
 .debug_line    0x00002a0b      0x1cb .\ARM_GCC_493\Debug\USBFS_UART01.a(CyScBoostClk.o)
 .debug_line    0x00002bd6       0x97 .\ARM_GCC_493\Debug\USBFS_UART01.a(USBUART_cls.o)
 .debug_line    0x00002c6d       0x61 .\ARM_GCC_493\Debug\USBFS_UART01.a(USBUART_descr.o)
 .debug_line    0x00002cce      0x218 .\ARM_GCC_493\Debug\USBFS_UART01.a(CyFlash.o)
 .debug_line    0x00002ee6      0x235 .\ARM_GCC_493\Debug\USBFS_UART01.a(CySpc.o)

.debug_frame    0x00000000     0x36a8
 *(.debug_frame)
 .debug_frame   0x00000000      0x104 .\ARM_GCC_493\Debug\main.o
 .debug_frame   0x00000104       0xd8 .\ARM_GCC_493\Debug\Cm3Start.o
 .debug_frame   0x000001dc      0x16c .\ARM_GCC_493\Debug\USBFS_UART01.a(cyfitter_cfg.o)
 .debug_frame   0x00000348      0x380 .\ARM_GCC_493\Debug\USBFS_UART01.a(USBUART.o)
 .debug_frame   0x000006c8      0x3ec .\ARM_GCC_493\Debug\USBFS_UART01.a(USBUART_cdc.o)
 .debug_frame   0x00000ab4      0x23c .\ARM_GCC_493\Debug\USBFS_UART01.a(USBUART_drv.o)
 .debug_frame   0x00000cf0       0xbc .\ARM_GCC_493\Debug\USBFS_UART01.a(USBUART_episr.o)
 .debug_frame   0x00000dac      0x100 .\ARM_GCC_493\Debug\USBFS_UART01.a(USBUART_hid.o)
 .debug_frame   0x00000eac       0xbc .\ARM_GCC_493\Debug\USBFS_UART01.a(USBUART_pm.o)
 .debug_frame   0x00000f68      0x224 .\ARM_GCC_493\Debug\USBFS_UART01.a(USBUART_std.o)
 .debug_frame   0x0000118c       0x38 .\ARM_GCC_493\Debug\USBFS_UART01.a(USBUART_vnd.o)
 .debug_frame   0x000011c4      0x260 .\ARM_GCC_493\Debug\USBFS_UART01.a(LCD.o)
 .debug_frame   0x00001424       0xf4 .\ARM_GCC_493\Debug\USBFS_UART01.a(USBUART_Dp.o)
 .debug_frame   0x00001518      0xc34 .\ARM_GCC_493\Debug\USBFS_UART01.a(CyLib.o)
 .debug_frame   0x0000214c      0x234 .\ARM_GCC_493\Debug\USBFS_UART01.a(cyPm.o)
 .debug_frame   0x00002380      0x130 .\ARM_GCC_493\Debug\USBFS_UART01.a(VDAC8_1.o)
 .debug_frame   0x000024b0      0x130 .\ARM_GCC_493\Debug\USBFS_UART01.a(VDAC8_2.o)
 .debug_frame   0x000025e0      0x130 .\ARM_GCC_493\Debug\USBFS_UART01.a(VDAC8_3.o)
 .debug_frame   0x00002710      0x130 .\ARM_GCC_493\Debug\USBFS_UART01.a(VDAC8_4.o)
 .debug_frame   0x00002840      0x200 .\ARM_GCC_493\Debug\USBFS_UART01.a(CyScBoostClk.o)
 .debug_frame   0x00002a40       0x38 .\ARM_GCC_493\Debug\USBFS_UART01.a(USBUART_cls.o)
 .debug_frame   0x00002a78      0x238 .\ARM_GCC_493\Debug\USBFS_UART01.a(CyFlash.o)
 .debug_frame   0x00002cb0      0x1f8 .\ARM_GCC_493\Debug\USBFS_UART01.a(CySpc.o)
 .debug_frame   0x00002ea8       0x20 c:/program files (x86)/cypress/psoc creator/4.0/psoc creator/import/gnu/arm/4.9.3/bin/../lib/gcc/arm-none-eabi/4.9.3/../../../../arm-none-eabi/lib/armv7-m\libg_nano.a(lib_a-errno.o)
 .debug_frame   0x00002ec8       0x28 c:/program files (x86)/cypress/psoc creator/4.0/psoc creator/import/gnu/arm/4.9.3/bin/../lib/gcc/arm-none-eabi/4.9.3/../../../../arm-none-eabi/lib/armv7-m\libg_nano.a(lib_a-exit.o)
 .debug_frame   0x00002ef0       0x2c c:/program files (x86)/cypress/psoc creator/4.0/psoc creator/import/gnu/arm/4.9.3/bin/../lib/gcc/arm-none-eabi/4.9.3/../../../../arm-none-eabi/lib/armv7-m\libg_nano.a(lib_a-init.o)
 .debug_frame   0x00002f1c       0x28 c:/program files (x86)/cypress/psoc creator/4.0/psoc creator/import/gnu/arm/4.9.3/bin/../lib/gcc/arm-none-eabi/4.9.3/../../../../arm-none-eabi/lib/armv7-m\libg_nano.a(lib_a-memcpy.o)
 .debug_frame   0x00002f44       0x20 c:/program files (x86)/cypress/psoc creator/4.0/psoc creator/import/gnu/arm/4.9.3/bin/../lib/gcc/arm-none-eabi/4.9.3/../../../../arm-none-eabi/lib/armv7-m\libg_nano.a(lib_a-memset.o)
 .debug_frame   0x00002f64       0x8c c:/program files (x86)/cypress/psoc creator/4.0/psoc creator/import/gnu/arm/4.9.3/bin/../lib/gcc/arm-none-eabi/4.9.3/../../../../arm-none-eabi/lib/armv7-m\libg_nano.a(lib_a-nano-vfprintf_float.o)
 .debug_frame   0x00002ff0       0x58 c:/program files (x86)/cypress/psoc creator/4.0/psoc creator/import/gnu/arm/4.9.3/bin/../lib/gcc/arm-none-eabi/4.9.3/../../../../arm-none-eabi/lib/armv7-m\libg_nano.a(lib_a-nano-vfprintf_i.o)
 .debug_frame   0x00003048       0x28 c:/program files (x86)/cypress/psoc creator/4.0/psoc creator/import/gnu/arm/4.9.3/bin/../lib/gcc/arm-none-eabi/4.9.3/../../../../arm-none-eabi/lib/armv7-m\libg_nano.a(lib_a-s_fpclassify.o)
 .debug_frame   0x00003070       0x70 c:/program files (x86)/cypress/psoc creator/4.0/psoc creator/import/gnu/arm/4.9.3/bin/../lib/gcc/arm-none-eabi/4.9.3/../../../../arm-none-eabi/lib/armv7-m\libg_nano.a(lib_a-sprintf.o)
 .debug_frame   0x000030e0       0x20 c:/program files (x86)/cypress/psoc creator/4.0/psoc creator/import/gnu/arm/4.9.3/bin/../lib/gcc/arm-none-eabi/4.9.3/../../../../arm-none-eabi/lib/armv7-m\libg_nano.a(lib_a-strlen.o)
 .debug_frame   0x00003100       0x6c c:/program files (x86)/cypress/psoc creator/4.0/psoc creator/import/gnu/arm/4.9.3/bin/../lib/gcc/arm-none-eabi/4.9.3/../../../../arm-none-eabi/lib/armv7-m\libg_nano.a(lib_a-dtoa.o)
 .debug_frame   0x0000316c       0x98 c:/program files (x86)/cypress/psoc creator/4.0/psoc creator/import/gnu/arm/4.9.3/bin/../lib/gcc/arm-none-eabi/4.9.3/../../../../arm-none-eabi/lib/armv7-m\libg_nano.a(lib_a-locale.o)
 .debug_frame   0x00003204       0x30 c:/program files (x86)/cypress/psoc creator/4.0/psoc creator/import/gnu/arm/4.9.3/bin/../lib/gcc/arm-none-eabi/4.9.3/../../../../arm-none-eabi/lib/armv7-m\libg_nano.a(lib_a-malloc.o)
 .debug_frame   0x00003234       0x28 c:/program files (x86)/cypress/psoc creator/4.0/psoc creator/import/gnu/arm/4.9.3/bin/../lib/gcc/arm-none-eabi/4.9.3/../../../../arm-none-eabi/lib/armv7-m\libg_nano.a(lib_a-memchr.o)
 .debug_frame   0x0000325c      0x230 c:/program files (x86)/cypress/psoc creator/4.0/psoc creator/import/gnu/arm/4.9.3/bin/../lib/gcc/arm-none-eabi/4.9.3/../../../../arm-none-eabi/lib/armv7-m\libg_nano.a(lib_a-mprec.o)
 .debug_frame   0x0000348c       0x2c c:/program files (x86)/cypress/psoc creator/4.0/psoc creator/import/gnu/arm/4.9.3/bin/../lib/gcc/arm-none-eabi/4.9.3/../../../../arm-none-eabi/lib/armv7-m\libg_nano.a(lib_a-nano-callocr.o)
 .debug_frame   0x000034b8       0x2c c:/program files (x86)/cypress/psoc creator/4.0/psoc creator/import/gnu/arm/4.9.3/bin/../lib/gcc/arm-none-eabi/4.9.3/../../../../arm-none-eabi/lib/armv7-m\libg_nano.a(lib_a-nano-freer.o)
 .debug_frame   0x000034e4       0x2c c:/program files (x86)/cypress/psoc creator/4.0/psoc creator/import/gnu/arm/4.9.3/bin/../lib/gcc/arm-none-eabi/4.9.3/../../../../arm-none-eabi/lib/armv7-m\libg_nano.a(lib_a-nano-mallocr.o)
 .debug_frame   0x00003510       0x8c c:/program files (x86)/cypress/psoc creator/4.0/psoc creator/import/gnu/arm/4.9.3/bin/../lib/gcc/arm-none-eabi/4.9.3/../../../../arm-none-eabi/lib/armv7-m\libg_nano.a(lib_a-nano-svfprintf.o)
 .debug_frame   0x0000359c       0x2c c:/program files (x86)/cypress/psoc creator/4.0/psoc creator/import/gnu/arm/4.9.3/bin/../lib/gcc/arm-none-eabi/4.9.3/../../../../arm-none-eabi/lib/armv7-m\libg_nano.a(lib_a-sbrkr.o)
 .debug_frame   0x000035c8       0x28 c:/program files (x86)/cypress/psoc creator/4.0/psoc creator/import/gnu/arm/4.9.3/bin/../lib/gcc/arm-none-eabi/4.9.3/../../../../arm-none-eabi/lib/armv7-m\libg_nano.a(lib_a-memmove.o)
 .debug_frame   0x000035f0       0x3c c:/program files (x86)/cypress/psoc creator/4.0/psoc creator/import/gnu/arm/4.9.3/bin/../lib/gcc/arm-none-eabi/4.9.3/../../../../arm-none-eabi/lib/armv7-m\libg_nano.a(lib_a-nano-reallocr.o)
 .debug_frame   0x0000362c       0x5c c:/program files (x86)/cypress/psoc creator/4.0/psoc creator/import/gnu/arm/4.9.3/bin/../lib/gcc/arm-none-eabi/4.9.3/../../../../arm-none-eabi/lib/armv7-m\libg_nano.a(lib_a-reent.o)
 .debug_frame   0x00003688       0x20 c:/program files (x86)/cypress/psoc creator/4.0/psoc creator/import/gnu/arm/4.9.3/bin/../lib/gcc/arm-none-eabi/4.9.3/../../../../arm-none-eabi/lib/armv7-m\libg_nano.a(lib_a-nano-msizer.o)

.debug_str      0x00000000     0x2c28
 *(.debug_str)
 .debug_str     0x00000000      0x1c1 .\ARM_GCC_493\Debug\main.o
                                0x202 (size before relaxing)
 .debug_str     0x000001c1       0x75 .\ARM_GCC_493\Debug\cymetadata.o
                                0x1e9 (size before relaxing)
 .debug_str     0x00000236      0x136 .\ARM_GCC_493\Debug\Cm3Start.o
                                0x2ca (size before relaxing)
 .debug_str     0x0000036c      0x1c7 .\ARM_GCC_493\Debug\USBFS_UART01.a(cyfitter_cfg.o)
                                0x37e (size before relaxing)
 .debug_str     0x00000533      0x448 .\ARM_GCC_493\Debug\USBFS_UART01.a(USBUART.o)
                                0x5f2 (size before relaxing)
 .debug_str     0x0000097b      0x4d3 .\ARM_GCC_493\Debug\USBFS_UART01.a(USBUART_cdc.o)
                                0x70d (size before relaxing)
 .debug_str     0x00000e4e      0x296 .\ARM_GCC_493\Debug\USBFS_UART01.a(USBUART_drv.o)
                                0x5ed (size before relaxing)
 .debug_str     0x000010e4       0x80 .\ARM_GCC_493\Debug\USBFS_UART01.a(USBUART_episr.o)
                                0x2ba (size before relaxing)
 .debug_str     0x00001164      0x120 .\ARM_GCC_493\Debug\USBFS_UART01.a(USBUART_hid.o)
                                0x388 (size before relaxing)
 .debug_str     0x00001284       0xa0 .\ARM_GCC_493\Debug\USBFS_UART01.a(USBUART_pm.o)
                                0x25e (size before relaxing)
 .debug_str     0x00001324      0x29a .\ARM_GCC_493\Debug\USBFS_UART01.a(USBUART_std.o)
                                0x74d (size before relaxing)
 .debug_str     0x000015be       0x5f .\ARM_GCC_493\Debug\USBFS_UART01.a(USBUART_vnd.o)
                                0x26a (size before relaxing)
 .debug_str     0x0000161d      0x16a .\ARM_GCC_493\Debug\USBFS_UART01.a(LCD.o)
                                0x30c (size before relaxing)
 .debug_str     0x00001787       0xbe .\ARM_GCC_493\Debug\USBFS_UART01.a(USBUART_Dp.o)
                                0x240 (size before relaxing)
 .debug_str     0x00001845      0x80d .\ARM_GCC_493\Debug\USBFS_UART01.a(CyLib.o)
                                0xa01 (size before relaxing)
 .debug_str     0x00002052      0x365 .\ARM_GCC_493\Debug\USBFS_UART01.a(cyPm.o)
                                0x52a (size before relaxing)
 .debug_str     0x000023b7       0xb7 .\ARM_GCC_493\Debug\USBFS_UART01.a(VDAC8_1.o)
                                0x232 (size before relaxing)
 .debug_str     0x0000246e       0xab .\ARM_GCC_493\Debug\USBFS_UART01.a(VDAC8_2.o)
                                0x232 (size before relaxing)
 .debug_str     0x00002519       0xab .\ARM_GCC_493\Debug\USBFS_UART01.a(VDAC8_3.o)
                                0x232 (size before relaxing)
 .debug_str     0x000025c4       0xab .\ARM_GCC_493\Debug\USBFS_UART01.a(VDAC8_4.o)
                                0x232 (size before relaxing)
 .debug_str     0x0000266f      0x1e3 .\ARM_GCC_493\Debug\USBFS_UART01.a(CyScBoostClk.o)
                                0x36e (size before relaxing)
 .debug_str     0x00002852       0x3f .\ARM_GCC_493\Debug\USBFS_UART01.a(USBUART_cls.o)
                                0x282 (size before relaxing)
 .debug_str     0x00002891      0x122 .\ARM_GCC_493\Debug\USBFS_UART01.a(USBUART_descr.o)
                                0x3a3 (size before relaxing)
 .debug_str     0x000029b3      0x156 .\ARM_GCC_493\Debug\USBFS_UART01.a(CyFlash.o)
                                0x301 (size before relaxing)
 .debug_str     0x00002b09      0x11f .\ARM_GCC_493\Debug\USBFS_UART01.a(CySpc.o)
                                0x2e6 (size before relaxing)

.debug_loc
 *(.debug_loc)

.debug_macinfo
 *(.debug_macinfo)

.debug_ranges   0x00000000      0xa50
 *(.debug_ranges)
 .debug_ranges  0x00000000       0x38 .\ARM_GCC_493\Debug\main.o
 .debug_ranges  0x00000038       0x38 .\ARM_GCC_493\Debug\Cm3Start.o
 .debug_ranges  0x00000070       0x50 .\ARM_GCC_493\Debug\USBFS_UART01.a(cyfitter_cfg.o)
 .debug_ranges  0x000000c0       0xb8 .\ARM_GCC_493\Debug\USBFS_UART01.a(USBUART.o)
 .debug_ranges  0x00000178       0xd8 .\ARM_GCC_493\Debug\USBFS_UART01.a(USBUART_cdc.o)
 .debug_ranges  0x00000250       0x88 .\ARM_GCC_493\Debug\USBFS_UART01.a(USBUART_drv.o)
 .debug_ranges  0x000002d8       0x30 .\ARM_GCC_493\Debug\USBFS_UART01.a(USBUART_episr.o)
 .debug_ranges  0x00000308       0x38 .\ARM_GCC_493\Debug\USBFS_UART01.a(USBUART_hid.o)
 .debug_ranges  0x00000340       0x30 .\ARM_GCC_493\Debug\USBFS_UART01.a(USBUART_pm.o)
 .debug_ranges  0x00000370       0x70 .\ARM_GCC_493\Debug\USBFS_UART01.a(USBUART_std.o)
 .debug_ranges  0x000003e0       0x10 .\ARM_GCC_493\Debug\USBFS_UART01.a(USBUART_vnd.o)
 .debug_ranges  0x000003f0       0x88 .\ARM_GCC_493\Debug\USBFS_UART01.a(LCD.o)
 .debug_ranges  0x00000478       0x38 .\ARM_GCC_493\Debug\USBFS_UART01.a(USBUART_Dp.o)
 .debug_ranges  0x000004b0      0x298 .\ARM_GCC_493\Debug\USBFS_UART01.a(CyLib.o)
 .debug_ranges  0x00000748       0x88 .\ARM_GCC_493\Debug\USBFS_UART01.a(cyPm.o)
 .debug_ranges  0x000007d0       0x48 .\ARM_GCC_493\Debug\USBFS_UART01.a(VDAC8_1.o)
 .debug_ranges  0x00000818       0x48 .\ARM_GCC_493\Debug\USBFS_UART01.a(VDAC8_2.o)
 .debug_ranges  0x00000860       0x48 .\ARM_GCC_493\Debug\USBFS_UART01.a(VDAC8_3.o)
 .debug_ranges  0x000008a8       0x48 .\ARM_GCC_493\Debug\USBFS_UART01.a(VDAC8_4.o)
 .debug_ranges  0x000008f0       0x70 .\ARM_GCC_493\Debug\USBFS_UART01.a(CyScBoostClk.o)
 .debug_ranges  0x00000960       0x10 .\ARM_GCC_493\Debug\USBFS_UART01.a(USBUART_cls.o)
 .debug_ranges  0x00000970       0x78 .\ARM_GCC_493\Debug\USBFS_UART01.a(CyFlash.o)
 .debug_ranges  0x000009e8       0x68 .\ARM_GCC_493\Debug\USBFS_UART01.a(CySpc.o)

.comment        0x00000000       0x70
 .comment       0x00000000       0x70 .\ARM_GCC_493\Debug\main.o
                                 0x71 (size before relaxing)
 .comment       0x00000000       0x71 .\ARM_GCC_493\Debug\cymetadata.o
 .comment       0x00000000       0x71 .\ARM_GCC_493\Debug\Cm3Start.o
 .comment       0x00000000       0x71 .\ARM_GCC_493\Debug\USBFS_UART01.a(cyfitter_cfg.o)
 .comment       0x00000000       0x71 .\ARM_GCC_493\Debug\USBFS_UART01.a(USBUART.o)
 .comment       0x00000000       0x71 .\ARM_GCC_493\Debug\USBFS_UART01.a(USBUART_cdc.o)
 .comment       0x00000000       0x71 .\ARM_GCC_493\Debug\USBFS_UART01.a(USBUART_drv.o)
 .comment       0x00000000       0x71 .\ARM_GCC_493\Debug\USBFS_UART01.a(USBUART_episr.o)
 .comment       0x00000000       0x71 .\ARM_GCC_493\Debug\USBFS_UART01.a(USBUART_hid.o)
 .comment       0x00000000       0x71 .\ARM_GCC_493\Debug\USBFS_UART01.a(USBUART_pm.o)
 .comment       0x00000000       0x71 .\ARM_GCC_493\Debug\USBFS_UART01.a(USBUART_std.o)
 .comment       0x00000000       0x71 .\ARM_GCC_493\Debug\USBFS_UART01.a(USBUART_vnd.o)
 .comment       0x00000000       0x71 .\ARM_GCC_493\Debug\USBFS_UART01.a(LCD.o)
 .comment       0x00000000       0x71 .\ARM_GCC_493\Debug\USBFS_UART01.a(USBUART_Dp.o)
 .comment       0x00000000       0x71 .\ARM_GCC_493\Debug\USBFS_UART01.a(CyLib.o)
 .comment       0x00000000       0x71 .\ARM_GCC_493\Debug\USBFS_UART01.a(cyPm.o)
 .comment       0x00000000       0x71 .\ARM_GCC_493\Debug\USBFS_UART01.a(VDAC8_1.o)
 .comment       0x00000000       0x71 .\ARM_GCC_493\Debug\USBFS_UART01.a(VDAC8_2.o)
 .comment       0x00000000       0x71 .\ARM_GCC_493\Debug\USBFS_UART01.a(VDAC8_3.o)
 .comment       0x00000000       0x71 .\ARM_GCC_493\Debug\USBFS_UART01.a(VDAC8_4.o)
 .comment       0x00000000       0x71 .\ARM_GCC_493\Debug\USBFS_UART01.a(CyScBoostClk.o)
 .comment       0x00000000       0x71 .\ARM_GCC_493\Debug\USBFS_UART01.a(USBUART_cls.o)
 .comment       0x00000000       0x71 .\ARM_GCC_493\Debug\USBFS_UART01.a(USBUART_descr.o)
 .comment       0x00000000       0x71 .\ARM_GCC_493\Debug\USBFS_UART01.a(CyFlash.o)
 .comment       0x00000000       0x71 .\ARM_GCC_493\Debug\USBFS_UART01.a(CySpc.o)

.debug_weaknames
 *(.debug_weaknames)

.debug_funcnames
 *(.debug_funcnames)

.debug_typenames
 *(.debug_typenames)

.debug_varnames
 *(.debug_varnames)

.note.gnu.arm.ident
 *(.note.gnu.arm.ident)

.ARM.attributes
                0x00000000       0x29
 *(.ARM.attributes)
 .ARM.attributes
                0x00000000       0x1d c:/program files (x86)/cypress/psoc creator/4.0/psoc creator/import/gnu/arm/4.9.3/bin/../lib/gcc/arm-none-eabi/4.9.3/armv7-m/crti.o
 .ARM.attributes
                0x0000001d       0x2d c:/program files (x86)/cypress/psoc creator/4.0/psoc creator/import/gnu/arm/4.9.3/bin/../lib/gcc/arm-none-eabi/4.9.3/armv7-m/crtbegin.o
 .ARM.attributes
                0x0000004a       0x1b c:/program files (x86)/cypress/psoc creator/4.0/psoc creator/import/gnu/arm/4.9.3/bin/../lib/gcc/arm-none-eabi/4.9.3/../../../../arm-none-eabi/lib/armv7-m/crt0.o
 .ARM.attributes
                0x00000065       0x33 .\ARM_GCC_493\Debug\main.o
 .ARM.attributes
                0x00000098       0x33 .\ARM_GCC_493\Debug\cymetadata.o
 .ARM.attributes
                0x000000cb       0x33 .\ARM_GCC_493\Debug\Cm3Start.o
 .ARM.attributes
                0x000000fe       0x33 .\ARM_GCC_493\Debug\USBFS_UART01.a(cyfitter_cfg.o)
 .ARM.attributes
                0x00000131       0x33 .\ARM_GCC_493\Debug\USBFS_UART01.a(USBUART.o)
 .ARM.attributes
                0x00000164       0x33 .\ARM_GCC_493\Debug\USBFS_UART01.a(USBUART_cdc.o)
 .ARM.attributes
                0x00000197       0x33 .\ARM_GCC_493\Debug\USBFS_UART01.a(USBUART_drv.o)
 .ARM.attributes
                0x000001ca       0x33 .\ARM_GCC_493\Debug\USBFS_UART01.a(USBUART_episr.o)
 .ARM.attributes
                0x000001fd       0x33 .\ARM_GCC_493\Debug\USBFS_UART01.a(USBUART_hid.o)
 .ARM.attributes
                0x00000230       0x33 .\ARM_GCC_493\Debug\USBFS_UART01.a(USBUART_pm.o)
 .ARM.attributes
                0x00000263       0x33 .\ARM_GCC_493\Debug\USBFS_UART01.a(USBUART_std.o)
 .ARM.attributes
                0x00000296       0x33 .\ARM_GCC_493\Debug\USBFS_UART01.a(USBUART_vnd.o)
 .ARM.attributes
                0x000002c9       0x33 .\ARM_GCC_493\Debug\USBFS_UART01.a(LCD.o)
 .ARM.attributes
                0x000002fc       0x33 .\ARM_GCC_493\Debug\USBFS_UART01.a(USBUART_Dp.o)
 .ARM.attributes
                0x0000032f       0x33 .\ARM_GCC_493\Debug\USBFS_UART01.a(CyLib.o)
 .ARM.attributes
                0x00000362       0x33 .\ARM_GCC_493\Debug\USBFS_UART01.a(cyPm.o)
 .ARM.attributes
                0x00000395       0x33 .\ARM_GCC_493\Debug\USBFS_UART01.a(VDAC8_1.o)
 .ARM.attributes
                0x000003c8       0x33 .\ARM_GCC_493\Debug\USBFS_UART01.a(VDAC8_2.o)
 .ARM.attributes
                0x000003fb       0x33 .\ARM_GCC_493\Debug\USBFS_UART01.a(VDAC8_3.o)
 .ARM.attributes
                0x0000042e       0x33 .\ARM_GCC_493\Debug\USBFS_UART01.a(VDAC8_4.o)
 .ARM.attributes
                0x00000461       0x21 .\ARM_GCC_493\Debug\USBFS_UART01.a(CyBootAsmGnu.o)
 .ARM.attributes
                0x00000482       0x33 .\ARM_GCC_493\Debug\USBFS_UART01.a(CyScBoostClk.o)
 .ARM.attributes
                0x000004b5       0x33 .\ARM_GCC_493\Debug\USBFS_UART01.a(USBUART_cls.o)
 .ARM.attributes
                0x000004e8       0x33 .\ARM_GCC_493\Debug\USBFS_UART01.a(USBUART_descr.o)
 .ARM.attributes
                0x0000051b       0x33 .\ARM_GCC_493\Debug\USBFS_UART01.a(CyFlash.o)
 .ARM.attributes
                0x0000054e       0x33 .\ARM_GCC_493\Debug\USBFS_UART01.a(CySpc.o)
 .ARM.attributes
                0x00000581       0x2d c:/program files (x86)/cypress/psoc creator/4.0/psoc creator/import/gnu/arm/4.9.3/bin/../lib/gcc/arm-none-eabi/4.9.3/../../../../arm-none-eabi/lib/armv7-m\libg_nano.a(lib_a-errno.o)
 .ARM.attributes
                0x000005ae       0x2d c:/program files (x86)/cypress/psoc creator/4.0/psoc creator/import/gnu/arm/4.9.3/bin/../lib/gcc/arm-none-eabi/4.9.3/../../../../arm-none-eabi/lib/armv7-m\libg_nano.a(lib_a-exit.o)
 .ARM.attributes
                0x000005db       0x2d c:/program files (x86)/cypress/psoc creator/4.0/psoc creator/import/gnu/arm/4.9.3/bin/../lib/gcc/arm-none-eabi/4.9.3/../../../../arm-none-eabi/lib/armv7-m\libg_nano.a(lib_a-impure.o)
 .ARM.attributes
                0x00000608       0x2d c:/program files (x86)/cypress/psoc creator/4.0/psoc creator/import/gnu/arm/4.9.3/bin/../lib/gcc/arm-none-eabi/4.9.3/../../../../arm-none-eabi/lib/armv7-m\libg_nano.a(lib_a-init.o)
 .ARM.attributes
                0x00000635       0x2d c:/program files (x86)/cypress/psoc creator/4.0/psoc creator/import/gnu/arm/4.9.3/bin/../lib/gcc/arm-none-eabi/4.9.3/../../../../arm-none-eabi/lib/armv7-m\libg_nano.a(lib_a-memcpy.o)
 .ARM.attributes
                0x00000662       0x2d c:/program files (x86)/cypress/psoc creator/4.0/psoc creator/import/gnu/arm/4.9.3/bin/../lib/gcc/arm-none-eabi/4.9.3/../../../../arm-none-eabi/lib/armv7-m\libg_nano.a(lib_a-memset.o)
 .ARM.attributes
                0x0000068f       0x2d c:/program files (x86)/cypress/psoc creator/4.0/psoc creator/import/gnu/arm/4.9.3/bin/../lib/gcc/arm-none-eabi/4.9.3/../../../../arm-none-eabi/lib/armv7-m\libg_nano.a(lib_a-nano-vfprintf_float.o)
 .ARM.attributes
                0x000006bc       0x2d c:/program files (x86)/cypress/psoc creator/4.0/psoc creator/import/gnu/arm/4.9.3/bin/../lib/gcc/arm-none-eabi/4.9.3/../../../../arm-none-eabi/lib/armv7-m\libg_nano.a(lib_a-nano-vfprintf_i.o)
 .ARM.attributes
                0x000006e9       0x2d c:/program files (x86)/cypress/psoc creator/4.0/psoc creator/import/gnu/arm/4.9.3/bin/../lib/gcc/arm-none-eabi/4.9.3/../../../../arm-none-eabi/lib/armv7-m\libg_nano.a(lib_a-s_fpclassify.o)
 .ARM.attributes
                0x00000716       0x2d c:/program files (x86)/cypress/psoc creator/4.0/psoc creator/import/gnu/arm/4.9.3/bin/../lib/gcc/arm-none-eabi/4.9.3/../../../../arm-none-eabi/lib/armv7-m\libg_nano.a(lib_a-sprintf.o)
 .ARM.attributes
                0x00000743       0x2d c:/program files (x86)/cypress/psoc creator/4.0/psoc creator/import/gnu/arm/4.9.3/bin/../lib/gcc/arm-none-eabi/4.9.3/../../../../arm-none-eabi/lib/armv7-m\libg_nano.a(lib_a-strlen.o)
 .ARM.attributes
                0x00000770       0x2d c:/program files (x86)/cypress/psoc creator/4.0/psoc creator/import/gnu/arm/4.9.3/bin/../lib/gcc/arm-none-eabi/4.9.3/../../../../arm-none-eabi/lib/armv7-m\libg_nano.a(lib_a-dtoa.o)
 .ARM.attributes
                0x0000079d       0x2d c:/program files (x86)/cypress/psoc creator/4.0/psoc creator/import/gnu/arm/4.9.3/bin/../lib/gcc/arm-none-eabi/4.9.3/../../../../arm-none-eabi/lib/armv7-m\libg_nano.a(lib_a-locale.o)
 .ARM.attributes
                0x000007ca       0x2d c:/program files (x86)/cypress/psoc creator/4.0/psoc creator/import/gnu/arm/4.9.3/bin/../lib/gcc/arm-none-eabi/4.9.3/../../../../arm-none-eabi/lib/armv7-m\libg_nano.a(lib_a-malloc.o)
 .ARM.attributes
                0x000007f7       0x2d c:/program files (x86)/cypress/psoc creator/4.0/psoc creator/import/gnu/arm/4.9.3/bin/../lib/gcc/arm-none-eabi/4.9.3/../../../../arm-none-eabi/lib/armv7-m\libg_nano.a(lib_a-memchr.o)
 .ARM.attributes
                0x00000824       0x2d c:/program files (x86)/cypress/psoc creator/4.0/psoc creator/import/gnu/arm/4.9.3/bin/../lib/gcc/arm-none-eabi/4.9.3/../../../../arm-none-eabi/lib/armv7-m\libg_nano.a(lib_a-mprec.o)
 .ARM.attributes
                0x00000851       0x2d c:/program files (x86)/cypress/psoc creator/4.0/psoc creator/import/gnu/arm/4.9.3/bin/../lib/gcc/arm-none-eabi/4.9.3/../../../../arm-none-eabi/lib/armv7-m\libg_nano.a(lib_a-nano-callocr.o)
 .ARM.attributes
                0x0000087e       0x2d c:/program files (x86)/cypress/psoc creator/4.0/psoc creator/import/gnu/arm/4.9.3/bin/../lib/gcc/arm-none-eabi/4.9.3/../../../../arm-none-eabi/lib/armv7-m\libg_nano.a(lib_a-nano-freer.o)
 .ARM.attributes
                0x000008ab       0x2d c:/program files (x86)/cypress/psoc creator/4.0/psoc creator/import/gnu/arm/4.9.3/bin/../lib/gcc/arm-none-eabi/4.9.3/../../../../arm-none-eabi/lib/armv7-m\libg_nano.a(lib_a-nano-mallocr.o)
 .ARM.attributes
                0x000008d8       0x2d c:/program files (x86)/cypress/psoc creator/4.0/psoc creator/import/gnu/arm/4.9.3/bin/../lib/gcc/arm-none-eabi/4.9.3/../../../../arm-none-eabi/lib/armv7-m\libg_nano.a(lib_a-nano-svfprintf.o)
 .ARM.attributes
                0x00000905       0x2d c:/program files (x86)/cypress/psoc creator/4.0/psoc creator/import/gnu/arm/4.9.3/bin/../lib/gcc/arm-none-eabi/4.9.3/../../../../arm-none-eabi/lib/armv7-m\libg_nano.a(lib_a-sbrkr.o)
 .ARM.attributes
                0x00000932       0x1b c:/program files (x86)/cypress/psoc creator/4.0/psoc creator/import/gnu/arm/4.9.3/bin/../lib/gcc/arm-none-eabi/4.9.3/../../../../arm-none-eabi/lib/armv7-m\libg_nano.a(lib_a-strcmp.o)
 .ARM.attributes
                0x0000094d       0x2d c:/program files (x86)/cypress/psoc creator/4.0/psoc creator/import/gnu/arm/4.9.3/bin/../lib/gcc/arm-none-eabi/4.9.3/../../../../arm-none-eabi/lib/armv7-m\libg_nano.a(lib_a-memmove.o)
 .ARM.attributes
                0x0000097a       0x2d c:/program files (x86)/cypress/psoc creator/4.0/psoc creator/import/gnu/arm/4.9.3/bin/../lib/gcc/arm-none-eabi/4.9.3/../../../../arm-none-eabi/lib/armv7-m\libg_nano.a(lib_a-nano-reallocr.o)
 .ARM.attributes
                0x000009a7       0x2d c:/program files (x86)/cypress/psoc creator/4.0/psoc creator/import/gnu/arm/4.9.3/bin/../lib/gcc/arm-none-eabi/4.9.3/../../../../arm-none-eabi/lib/armv7-m\libg_nano.a(lib_a-reent.o)
 .ARM.attributes
                0x000009d4       0x2d c:/program files (x86)/cypress/psoc creator/4.0/psoc creator/import/gnu/arm/4.9.3/bin/../lib/gcc/arm-none-eabi/4.9.3/../../../../arm-none-eabi/lib/armv7-m\libg_nano.a(lib_a-nano-msizer.o)
 .ARM.attributes
                0x00000a01       0x1d c:/program files (x86)/cypress/psoc creator/4.0/psoc creator/import/gnu/arm/4.9.3/bin/../lib/gcc/arm-none-eabi/4.9.3/armv7-m\libgcc.a(_arm_addsubdf3.o)
 .ARM.attributes
                0x00000a1e       0x1d c:/program files (x86)/cypress/psoc creator/4.0/psoc creator/import/gnu/arm/4.9.3/bin/../lib/gcc/arm-none-eabi/4.9.3/armv7-m\libgcc.a(_arm_muldivdf3.o)
 .ARM.attributes
                0x00000a3b       0x1d c:/program files (x86)/cypress/psoc creator/4.0/psoc creator/import/gnu/arm/4.9.3/bin/../lib/gcc/arm-none-eabi/4.9.3/armv7-m\libgcc.a(_arm_cmpdf2.o)