Archive member included because of file (symbol)

.\ARM_GCC_493\Debug\USBFS_UART01.a(cyfitter_cfg.o)
                              .\ARM_GCC_493\Debug\Cm3Start.o (cyfitter_cfg)
.\ARM_GCC_493\Debug\USBFS_UART01.a(USBUART.o)
                              .\ARM_GCC_493\Debug\main.o (USBUART_Start)
.\ARM_GCC_493\Debug\USBFS_UART01.a(USBUART_cdc.o)
                              .\ARM_GCC_493\Debug\main.o (USBUART_CDC_Init)
.\ARM_GCC_493\Debug\USBFS_UART01.a(USBUART_drv.o)
                              .\ARM_GCC_493\Debug\USBFS_UART01.a(USBUART.o) (USBUART_EP)
.\ARM_GCC_493\Debug\USBFS_UART01.a(USBUART_episr.o)
                              .\ARM_GCC_493\Debug\USBFS_UART01.a(USBUART.o) (USBUART_EP_1_ISR)
.\ARM_GCC_493\Debug\USBFS_UART01.a(USBUART_hid.o)
                              .\ARM_GCC_493\Debug\USBFS_UART01.a(USBUART.o) (USBUART_hidProtocol)
.\ARM_GCC_493\Debug\USBFS_UART01.a(USBUART_pm.o)
                              .\ARM_GCC_493\Debug\USBFS_UART01.a(USBUART.o) (USBUART_DP_ISR)
.\ARM_GCC_493\Debug\USBFS_UART01.a(USBUART_std.o)
                              .\ARM_GCC_493\Debug\USBFS_UART01.a(USBUART_drv.o) (USBUART_HandleStandardRqst)
.\ARM_GCC_493\Debug\USBFS_UART01.a(USBUART_vnd.o)
                              .\ARM_GCC_493\Debug\USBFS_UART01.a(USBUART_drv.o) (USBUART_HandleVendorRqst)
.\ARM_GCC_493\Debug\USBFS_UART01.a(LCD.o)
                              .\ARM_GCC_493\Debug\main.o (LCD_Start)
.\ARM_GCC_493\Debug\USBFS_UART01.a(USBUART_Dp.o)
                              .\ARM_GCC_493\Debug\USBFS_UART01.a(USBUART.o) (USBUART_Dp_ClearInterrupt)
.\ARM_GCC_493\Debug\USBFS_UART01.a(CyLib.o)
                              .\ARM_GCC_493\Debug\Cm3Start.o (CyResetStatus)
.\ARM_GCC_493\Debug\USBFS_UART01.a(cyPm.o)
                              .\ARM_GCC_493\Debug\USBFS_UART01.a(CyLib.o) (CyPmReadStatus)
.\ARM_GCC_493\Debug\USBFS_UART01.a(VDAC8_1.o)
                              .\ARM_GCC_493\Debug\main.o (VDAC8_1_Start)
.\ARM_GCC_493\Debug\USBFS_UART01.a(VDAC8_2.o)
                              .\ARM_GCC_493\Debug\main.o (VDAC8_2_Start)
.\ARM_GCC_493\Debug\USBFS_UART01.a(VDAC8_3.o)
                              .\ARM_GCC_493\Debug\main.o (VDAC8_3_Start)
.\ARM_GCC_493\Debug\USBFS_UART01.a(VDAC8_4.o)
                              .\ARM_GCC_493\Debug\main.o (VDAC8_4_Start)
.\ARM_GCC_493\Debug\USBFS_UART01.a(CyBootAsmGnu.o)
                              .\ARM_GCC_493\Debug\USBFS_UART01.a(cyfitter_cfg.o) (CyDelayCycles)
.\ARM_GCC_493\Debug\USBFS_UART01.a(CyScBoostClk.o)
                              .\ARM_GCC_493\Debug\USBFS_UART01.a(CyLib.o) (CyScBoostClk_Start)
.\ARM_GCC_493\Debug\USBFS_UART01.a(USBUART_cls.o)
                              .\ARM_GCC_493\Debug\USBFS_UART01.a(USBUART_drv.o) (USBUART_DispatchClassRqst)
.\ARM_GCC_493\Debug\USBFS_UART01.a(USBUART_descr.o)
                              .\ARM_GCC_493\Debug\USBFS_UART01.a(USBUART_std.o) (USBUART_DEVICE0_DESCR)
.\ARM_GCC_493\Debug\USBFS_UART01.a(CyFlash.o)
                              .\ARM_GCC_493\Debug\USBFS_UART01.a(cyPm.o) (CyFlash_SetWaitCycles)
.\ARM_GCC_493\Debug\USBFS_UART01.a(CySpc.o)
                              .\ARM_GCC_493\Debug\USBFS_UART01.a(CyFlash.o) (CySpcStart)
c:/program files (x86)/cypress/psoc creator/4.0/psoc creator/import/gnu/arm/4.9.3/bin/../lib/gcc/arm-none-eabi/4.9.3/../../../../arm-none-eabi/lib/armv7-m\libg_nano.a(lib_a-errno.o)
                              .\ARM_GCC_493\Debug\Cm3Start.o (__errno)
c:/program files (x86)/cypress/psoc creator/4.0/psoc creator/import/gnu/arm/4.9.3/bin/../lib/gcc/arm-none-eabi/4.9.3/../../../../arm-none-eabi/lib/armv7-m\libg_nano.a(lib_a-exit.o)
                              c:/program files (x86)/cypress/psoc creator/4.0/psoc creator/import/gnu/arm/4.9.3/bin/../lib/gcc/arm-none-eabi/4.9.3/../../../../arm-none-eabi/lib/armv7-m/crt0.o (exit)
c:/program files (x86)/cypress/psoc creator/4.0/psoc creator/import/gnu/arm/4.9.3/bin/../lib/gcc/arm-none-eabi/4.9.3/../../../../arm-none-eabi/lib/armv7-m\libg_nano.a(lib_a-impure.o)
                              c:/program files (x86)/cypress/psoc creator/4.0/psoc creator/import/gnu/arm/4.9.3/bin/../lib/gcc/arm-none-eabi/4.9.3/../../../../arm-none-eabi/lib/armv7-m\libg_nano.a(lib_a-exit.o) (_global_impure_ptr)
c:/program files (x86)/cypress/psoc creator/4.0/psoc creator/import/gnu/arm/4.9.3/bin/../lib/gcc/arm-none-eabi/4.9.3/../../../../arm-none-eabi/lib/armv7-m\libg_nano.a(lib_a-init.o)
                              c:/program files (x86)/cypress/psoc creator/4.0/psoc creator/import/gnu/arm/4.9.3/bin/../lib/gcc/arm-none-eabi/4.9.3/../../../../arm-none-eabi/lib/armv7-m/crt0.o (__libc_init_array)
c:/program files (x86)/cypress/psoc creator/4.0/psoc creator/import/gnu/arm/4.9.3/bin/../lib/gcc/arm-none-eabi/4.9.3/../../../../arm-none-eabi/lib/armv7-m\libg_nano.a(lib_a-memcpy.o)
                              .\ARM_GCC_493\Debug\USBFS_UART01.a(cyfitter_cfg.o) (memcpy)
[...]
Memory Configuration

Name             Origin             Length             Attributes
rom              0x00000000         0x00040000         xr
ram              0x1fff8000         0x00010000         xrw
*default*        0x00000000         0xffffffff

Linker script and memory map

LOAD c:/program files (x86)/cypress/psoc creator/4.0/psoc creator/import/gnu/arm/4.9.3/bin/../lib/gcc/arm-none-eabi/4.9.3/armv7-m/crti.o
LOAD c:/program files (x86)/cypress/psoc creator/4.0/psoc creator/import/gnu/arm/4.9.3/bin/../lib/gcc/arm-none-eabi/4.9.3/armv7-m/crtbegin.o
LOAD c:/program files (x86)/cypress/psoc creator/4.0/psoc creator/import/gnu/arm/4.9.3/bin/../lib/gcc/arm-none-eabi/4.9.3/../../../../arm-none-eabi/lib/armv7-m/crt0.o
START GROUP
LOAD .\ARM_GCC_493\Debug\main.o
LOAD .\ARM_GCC_493\Debug\cymetadata.o
LOAD .\ARM_GCC_493\Debug\Cm3Start.o
LOAD .\ARM_GCC_493\Debug\USBFS_UART01.a
LOAD C:\Program Files (x86)\Cypress\PSoC Creator\4.0\PSoC Creator\psoc\content\cycomponentlibrary\CyComponentLibrary.cylib\CortexM3\ARM_GCC_493\Debug\CyComponentLibrary.a
END GROUP
START GROUP
LOAD c:/program files (x86)/cypress/psoc creator/4.0/psoc creator/import/gnu/arm/4.9.3/bin/../lib/gcc/arm-none-eabi/4.9.3/armv7-m\libgcc.a
LOAD c:/program files (x86)/cypress/psoc creator/4.0/psoc creator/import/gnu/arm/4.9.3/bin/../lib/gcc/arm-none-eabi/4.9.3/../../../../arm-none-eabi/lib/armv7-m\libg_nano.a
LOAD c:/program files (x86)/cypress/psoc creator/4.0/psoc creator/import/gnu/arm/4.9.3/bin/../lib/gcc/arm-none-eabi/4.9.3/../../../../arm-none-eabi/lib/armv7-m\libc_nano.a
END GROUP
START GROUP
LOAD c:/program files (x86)/cypress/psoc creator/4.0/psoc creator/import/gnu/arm/4.9.3/bin/../lib/gcc/arm-none-eabi/4.9.3/armv7-m\libgcc.a
LOAD c:/program files (x86)/cypress/psoc creator/4.0/psoc creator/import/gnu/arm/4.9.3/bin/../lib/gcc/arm-none-eabi/4.9.3/../../../../arm-none-eabi/lib/armv7-m\libc_nano.a
END GROUP
LOAD c:/program files (x86)/cypress/psoc creator/4.0/psoc creator/import/gnu/arm/4.9.3/bin/../lib/gcc/arm-none-eabi/4.9.3/armv7-m/crtend.o
LOAD c:/program files (x86)/cypress/psoc creator/4.0/psoc creator/import/gnu/arm/4.9.3/bin/../lib/gcc/arm-none-eabi/4.9.3/armv7-m/crtn.o
START GROUP
LOAD c:/program files (x86)/cypress/psoc creator/4.0/psoc creator/import/gnu/arm/4.9.3/bin/../lib/gcc/arm-none-eabi/4.9.3/armv7-m\libgcc.a
LOAD c:/program files (x86)/cypress/psoc creator/4.0/psoc creator/import/gnu/arm/4.9.3/bin/../lib/gcc/arm-none-eabi/4.9.3/../../../../arm-none-eabi/lib/armv7-m\libc.a
LOAD c:/program files (x86)/cypress/psoc creator/4.0/psoc creator/import/gnu/arm/4.9.3/bin/../lib/gcc/arm-none-eabi/4.9.3/../../../../arm-none-eabi/lib/armv7-m\libnosys.a
END GROUP
                0x00000000                CY_APPL_ORIGIN = 0x0
                0x00000100                CY_FLASH_ROW_SIZE = 0x100
                0x00000020                CY_ECC_ROW_SIZE = 0x20
                0x00000000                CY_EE_IN_BTLDR = 0x0
                0x00000000                CY_APPL_LOADABLE = 0x0
                0x00000800                CY_EE_SIZE = 0x800
                0x00000001                CY_APPL_NUM = 0x1
                0x00000001                CY_APPL_MAX = 0x1
                0x00000040                CY_METADATA_SIZE = 0x40
                0x00000000                CY_APPL_LOADABLE = 0x0
                0x00000000                CY_CHECKSUM_EXCLUDE_SIZE = ALIGN (0x0, CY_FLASH_ROW_SIZE)
                0x1fff8318                PROVIDE (__cy_heap_start, _end)
                0x00000001                PROVIDE (__cy_region_num, ((__cy_regions_end - __cy_regions) / 0x10))
                0x20008000                PROVIDE (__cy_stack, (ORIGIN (ram) + 0x10000))
                0x20007800                PROVIDE (__cy_heap_end, (__cy_stack - 0x800))

.cybootloader   0x00000000        0x0
 *(.cybootloader)
                0x00000000                appl1_start = CY_APPL_ORIGIN?CY_APPL_ORIGIN:ALIGN (CY_FLASH_ROW_SIZE)
                0x0001ff00                appl2_start = (appl1_start + ALIGN ((((0x40000 - appl1_start) - (0x2 * CY_FLASH_ROW_SIZE)) / 0x2), CY_FLASH_ROW_SIZE))
                0x00000000                appl_start = (CY_APPL_NUM == 0x1)?appl1_start:appl2_start
                0x00000000                ecc_offset = ((appl_start / CY_FLASH_ROW_SIZE) * CY_ECC_ROW_SIZE)
                0x00000000                ee_offset = (CY_APPL_LOADABLE && ! (CY_EE_IN_BTLDR))?((CY_EE_SIZE / CY_APPL_MAX) * (CY_APPL_NUM - 0x1)):0x0
                0x00000800                ee_size = (CY_APPL_LOADABLE && ! (CY_EE_IN_BTLDR))?(CY_EE_SIZE / CY_APPL_MAX):CY_EE_SIZE
                0x00000000                PROVIDE (CY_ECC_OFFSET, ecc_offset)

.text           0x00000000     0x6454
 CREATE_OBJECT_SYMBOLS
                0x00000000                PROVIDE (__cy_interrupt_vector, RomVectors)
 *(.romvectors)
 .romvectors    0x00000000       0x10 .\ARM_GCC_493\Debug\Cm3Start.o
                0x00000000                RomVectors
                0x00000001                ASSERT ((. != __cy_interrupt_vector), No interrupt vector)
                0x00000001                ASSERT (CY_APPL_ORIGIN?(SIZEOF (.cybootloader) <= CY_APPL_ORIGIN):0x1, Wrong image location)
                0x00000010                PROVIDE (__cy_reset, Reset)
 *(.text.Reset)
 .text.Reset    0x00000010       0x18 .\ARM_GCC_493\Debug\Cm3Start.o
                0x00000010                Reset
                0x00000001                ASSERT ((. != __cy_reset), No reset code)
 *(.dma_init)
                0x00000001                ASSERT ((((appl_start + .) <= 0x10000) || 0x1), DMA Init must be within the first 64k of flash)
 *(.text .text.* .gnu.linkonce.t.*)
 .text          0x00000028       0x5c c:/program files (x86)/cypress/psoc creator/4.0/psoc creator/import/gnu/arm/4.9.3/bin/../lib/gcc/arm-none-eabi/4.9.3/armv7-m/crtbegin.o
 .text.main     0x00000084      0x1c8 .\ARM_GCC_493\Debug\main.o
                0x00000084                main
 .text.IntDefaultHandler
                0x0000024c       0x14 .\ARM_GCC_493\Debug\Cm3Start.o
                0x0000024c                IntDefaultHandler
 .text._sbrk    0x00000260       0x50 .\ARM_GCC_493\Debug\Cm3Start.o
                0x00000260                _sbrk
 .text.Start_c  0x000002b0       0x98 .\ARM_GCC_493\Debug\Cm3Start.o
                0x000002b0                Start_c
 .text.initialize_psoc
                0x00000348       0x8c .\ARM_GCC_493\Debug\Cm3Start.o
                0x00000348                initialize_psoc
 .text.CYMEMZERO
                0x000003d4       0x1c .\ARM_GCC_493\Debug\USBFS_UART01.a(cyfitter_cfg.o)
 .text.CYCONFIGCPY
                0x000003f0       0x1c .\ARM_GCC_493\Debug\USBFS_UART01.a(cyfitter_cfg.o)
 .text.CYCONFIGCPYCODE
                0x0000040c       0x1c .\ARM_GCC_493\Debug\USBFS_UART01.a(cyfitter_cfg.o)
 .text.CyClockStartupError
                0x00000428        0xc .\ARM_GCC_493\Debug\USBFS_UART01.a(cyfitter_cfg.o)
 .text.cfg_write_bytes32
                0x00000434       0x74 .\ARM_GCC_493\Debug\USBFS_UART01.a(cyfitter_cfg.o)
 .text.ClockSetup
                0x000004a8       0xec .\ARM_GCC_493\Debug\USBFS_UART01.a(cyfitter_cfg.o)
 .text.AnalogSetDefault
                0x00000594       0x8c .\ARM_GCC_493\Debug\USBFS_UART01.a(cyfitter_cfg.o)
 .text.cyfitter_cfg
                0x00000620      0x138 .\ARM_GCC_493\Debug\USBFS_UART01.a(cyfitter_cfg.o)
                0x00000620                cyfitter_cfg
 .text.USBUART_Start
                0x00000758       0x38 .\ARM_GCC_493\Debug\USBFS_UART01.a(USBUART.o)
                0x00000758                USBUART_Start
 .text.USBUART_Init
                0x00000790      0x1a0 .\ARM_GCC_493\Debug\USBFS_UART01.a(USBUART.o)
                0x00000790                USBUART_Init
 .text.USBUART_InitComponent
                0x00000930      0x11c .\ARM_GCC_493\Debug\USBFS_UART01.a(USBUART.o)
                0x00000930                USBUART_InitComponent
 .text.USBUART_ReInitComponent
                0x00000a4c       0x88 .\ARM_GCC_493\Debug\USBFS_UART01.a(USBUART.o)
                0x00000a4c                USBUART_ReInitComponent
 .text.USBUART_GetConfiguration
                0x00000ad4       0x18 .\ARM_GCC_493\Debug\USBFS_UART01.a(USBUART.o)
                0x00000ad4                USBUART_GetConfiguration
 .text.USBUART_IsConfigurationChanged
                0x00000aec       0x34 .\ARM_GCC_493\Debug\USBFS_UART01.a(USBUART.o)
                0x00000aec                USBUART_IsConfigurationChanged
 .text.USBUART_GetEPState
                0x00000b20       0x2c .\ARM_GCC_493\Debug\USBFS_UART01.a(USBUART.o)
                0x00000b20                USBUART_GetEPState
 .text.USBUART_GetEPCount
                0x00000b4c       0x60 .\ARM_GCC_493\Debug\USBFS_UART01.a(USBUART.o)
                0x00000b4c                USBUART_GetEPCount
 .text.USBUART_LoadInEP
                0x00000bac       0xf8 .\ARM_GCC_493\Debug\USBFS_UART01.a(USBUART.o)
                0x00000bac                USBUART_LoadInEP
 .text.USBUART_ReadOutEP
                0x00000ca4       0x8c .\ARM_GCC_493\Debug\USBFS_UART01.a(USBUART.o)
                0x00000ca4                USBUART_ReadOutEP
 .text.USBUART_EnableOutEP
                0x00000d30       0x54 .\ARM_GCC_493\Debug\USBFS_UART01.a(USBUART.o)
                0x00000d30                USBUART_EnableOutEP
 .text.USBUART_DispatchCDCClassRqst
                0x00000d84       0xe8 .\ARM_GCC_493\Debug\USBFS_UART01.a(USBUART_cdc.o)
                0x00000d84                USBUART_DispatchCDCClassRqst
 .text.USBUART_GetInterfaceComPort
                0x00000e6c       0x60 .\ARM_GCC_493\Debug\USBFS_UART01.a(USBUART_cdc.o)
                0x00000e6c                USBUART_GetInterfaceComPort
 .text.USBUART_CDC_Init
                0x00000ecc       0xa8 .\ARM_GCC_493\Debug\USBFS_UART01.a(USBUART_cdc.o)
                0x00000ecc                USBUART_CDC_Init
 .text.USBUART_PutData
                0x00000f74       0x6c .\ARM_GCC_493\Debug\USBFS_UART01.a(USBUART_cdc.o)
                0x00000f74                USBUART_PutData
 .text.USBUART_DataIsReady
                0x00000fe0       0x24 .\ARM_GCC_493\Debug\USBFS_UART01.a(USBUART_cdc.o)
                0x00000fe0                USBUART_DataIsReady
 .text.USBUART_CDCIsReady
                0x00001004       0x24 .\ARM_GCC_493\Debug\USBFS_UART01.a(USBUART_cdc.o)
                0x00001004                USBUART_CDCIsReady
 .text.USBUART_GetAll
                0x00001028       0x50 .\ARM_GCC_493\Debug\USBFS_UART01.a(USBUART_cdc.o)
                0x00001028                USBUART_GetAll
 .text.USBUART_IsLineChanged
                0x00001078       0x58 .\ARM_GCC_493\Debug\USBFS_UART01.a(USBUART_cdc.o)
                0x00001078                USBUART_IsLineChanged
 .text.USBUART_GetDTERate
                0x000010d0       0x8c .\ARM_GCC_493\Debug\USBFS_UART01.a(USBUART_cdc.o)
                0x000010d0                USBUART_GetDTERate
 .text.USBUART_GetCharFormat
                0x0000115c       0x2c .\ARM_GCC_493\Debug\USBFS_UART01.a(USBUART_cdc.o)
                0x0000115c                USBUART_GetCharFormat
 .text.USBUART_GetParityType
                0x00001188       0x2c .\ARM_GCC_493\Debug\USBFS_UART01.a(USBUART_cdc.o)
                0x00001188                USBUART_GetParityType
 .text.USBUART_GetDataBits
                0x000011b4       0x2c .\ARM_GCC_493\Debug\USBFS_UART01.a(USBUART_cdc.o)
                0x000011b4                USBUART_GetDataBits
 .text.USBUART_GetLineControl
                0x000011e0       0x24 .\ARM_GCC_493\Debug\USBFS_UART01.a(USBUART_cdc.o)
                0x000011e0                USBUART_GetLineControl
 .text.USBUART_Cdc_EpInit
                0x00001204       0x94 .\ARM_GCC_493\Debug\USBFS_UART01.a(USBUART_cdc.o)
                0x00001204                USBUART_Cdc_EpInit
 .text.USBUART_EP_0_ISR
                0x00001298       0xf8 .\ARM_GCC_493\Debug\USBFS_UART01.a(USBUART_drv.o)
                0x00001298                USBUART_EP_0_ISR
 .text.USBUART_HandleSetup
                0x00001390       0x88 .\ARM_GCC_493\Debug\USBFS_UART01.a(USBUART_drv.o)
                0x00001390                USBUART_HandleSetup
 .text.USBUART_HandleIN
                0x00001418       0x4c .\ARM_GCC_493\Debug\USBFS_UART01.a(USBUART_drv.o)
                0x00001418                USBUART_HandleIN
 .text.USBUART_HandleOUT
                0x00001464       0x58 .\ARM_GCC_493\Debug\USBFS_UART01.a(USBUART_drv.o)
                0x00001464                USBUART_HandleOUT
 .text.USBUART_LoadEP0
                0x000014bc       0xd0 .\ARM_GCC_493\Debug\USBFS_UART01.a(USBUART_drv.o)
                0x000014bc                USBUART_LoadEP0
 .text.USBUART_InitControlRead
                0x0000158c       0x70 .\ARM_GCC_493\Debug\USBFS_UART01.a(USBUART_drv.o)
                0x0000158c                USBUART_InitControlRead
 .text.USBUART_InitZeroLengthControlTransfer
                0x000015fc       0x44 .\ARM_GCC_493\Debug\USBFS_UART01.a(USBUART_drv.o)
                0x000015fc                USBUART_InitZeroLengthControlTransfer
 .text.USBUART_ControlReadDataStage
                0x00001640        0xc .\ARM_GCC_493\Debug\USBFS_UART01.a(USBUART_drv.o)
                0x00001640                USBUART_ControlReadDataStage
 .text.USBUART_ControlReadStatusStage
                0x0000164c       0x40 .\ARM_GCC_493\Debug\USBFS_UART01.a(USBUART_drv.o)
                0x0000164c                USBUART_ControlReadStatusStage
 .text.USBUART_InitControlWrite
                0x0000168c       0x64 .\ARM_GCC_493\Debug\USBFS_UART01.a(USBUART_drv.o)
                0x0000168c                USBUART_InitControlWrite
 .text.USBUART_ControlWriteDataStage
                0x000016f0       0xb4 .\ARM_GCC_493\Debug\USBFS_UART01.a(USBUART_drv.o)
                0x000016f0                USBUART_ControlWriteDataStage
 .text.USBUART_ControlWriteStatusStage
                0x000017a4       0x20 .\ARM_GCC_493\Debug\USBFS_UART01.a(USBUART_drv.o)
                0x000017a4                USBUART_ControlWriteStatusStage
 .text.USBUART_InitNoDataControlTransfer
                0x000017c4       0x38 .\ARM_GCC_493\Debug\USBFS_UART01.a(USBUART_drv.o)
                0x000017c4                USBUART_InitNoDataControlTransfer
 .text.USBUART_NoDataControlStatusStage
                0x000017fc       0x48 .\ARM_GCC_493\Debug\USBFS_UART01.a(USBUART_drv.o)
                0x000017fc                USBUART_NoDataControlStatusStage
 .text.USBUART_UpdateStatusBlock
                0x00001844       0x40 .\ARM_GCC_493\Debug\USBFS_UART01.a(USBUART_drv.o)
                0x00001844                USBUART_UpdateStatusBlock
 .text.USBUART_InitializeStatusBlock
                0x00001884       0x34 .\ARM_GCC_493\Debug\USBFS_UART01.a(USBUART_drv.o)
                0x00001884                USBUART_InitializeStatusBlock
 .text.USBUART_EP_1_ISR
                0x000018b8       0x48 .\ARM_GCC_493\Debug\USBFS_UART01.a(USBUART_episr.o)
                0x000018b8                USBUART_EP_1_ISR
 .text.USBUART_EP_2_ISR
                0x00001900       0x4c .\ARM_GCC_493\Debug\USBFS_UART01.a(USBUART_episr.o)
                0x00001900                USBUART_EP_2_ISR
 .text.USBUART_EP_3_ISR
                0x0000194c       0x54 .\ARM_GCC_493\Debug\USBFS_UART01.a(USBUART_episr.o)
                0x0000194c                USBUART_EP_3_ISR
 .text.USBUART_SOF_ISR
                0x000019a0        0xc .\ARM_GCC_493\Debug\USBFS_UART01.a(USBUART_episr.o)
                0x000019a0                USBUART_SOF_ISR
 .text.USBUART_BUS_RESET_ISR
                0x000019ac        0xc .\ARM_GCC_493\Debug\USBFS_UART01.a(USBUART_episr.o)
                0x000019ac                USBUART_BUS_RESET_ISR
 .text.USBUART_DispatchHIDClassRqst
                0x000019b8      0x1d0 .\ARM_GCC_493\Debug\USBFS_UART01.a(USBUART_hid.o)
                0x000019b8                USBUART_DispatchHIDClassRqst
 .text.USBUART_FindHidClassDecriptor
                0x00001b88       0x7c .\ARM_GCC_493\Debug\USBFS_UART01.a(USBUART_hid.o)
                0x00001b88                USBUART_FindHidClassDecriptor
 .text.USBUART_FindReportDescriptor
                0x00001c04       0x90 .\ARM_GCC_493\Debug\USBFS_UART01.a(USBUART_hid.o)
                0x00001c04                USBUART_FindReportDescriptor
 .text.USBUART_FindReport
                0x00001c94       0xcc .\ARM_GCC_493\Debug\USBFS_UART01.a(USBUART_hid.o)
                0x00001c94                USBUART_FindReport
 .text.USBUART_DP_ISR
                0x00001d60        0xc .\ARM_GCC_493\Debug\USBFS_UART01.a(USBUART_pm.o)
                0x00001d60                USBUART_DP_ISR
 .text.USBUART_HandleStandardRqst
                0x00001d6c      0x48c .\ARM_GCC_493\Debug\USBFS_UART01.a(USBUART_std.o)
                0x00001d6c                USBUART_HandleStandardRqst
 .text.USBUART_ReadDieID
                0x000021f8       0xd4 .\ARM_GCC_493\Debug\USBFS_UART01.a(USBUART_std.o)
                0x000021f8                USBUART_ReadDieID
 .text.USBUART_ConfigReg
                0x000022cc      0x11c .\ARM_GCC_493\Debug\USBFS_UART01.a(USBUART_std.o)
                0x000022cc                USBUART_ConfigReg
 .text.USBUART_Config
                0x000023e8      0x394 .\ARM_GCC_493\Debug\USBFS_UART01.a(USBUART_std.o)
                0x000023e8                USBUART_Config
 .text.USBUART_ConfigAltChanged
                0x0000277c      0x23c .\ARM_GCC_493\Debug\USBFS_UART01.a(USBUART_std.o)
                0x0000277c                USBUART_ConfigAltChanged
 .text.USBUART_GetConfigTablePtr
                0x000029b8       0x54 .\ARM_GCC_493\Debug\USBFS_UART01.a(USBUART_std.o)
                0x000029b8                USBUART_GetConfigTablePtr
 .text.USBUART_GetDeviceTablePtr
                0x00002a0c       0x24 .\ARM_GCC_493\Debug\USBFS_UART01.a(USBUART_std.o)
                0x00002a0c                USBUART_GetDeviceTablePtr
 .text.USBUART_GetInterfaceClassTablePtr
                0x00002a30       0x4c .\ARM_GCC_493\Debug\USBFS_UART01.a(USBUART_std.o)
                0x00002a30                USBUART_GetInterfaceClassTablePtr
 .text.USBUART_SetEndpointHalt
                0x00002a7c       0xdc .\ARM_GCC_493\Debug\USBFS_UART01.a(USBUART_std.o)
                0x00002a7c                USBUART_SetEndpointHalt
 .text.USBUART_ClearEndpointHalt
                0x00002b58      0x130 .\ARM_GCC_493\Debug\USBFS_UART01.a(USBUART_std.o)
                0x00002b58                USBUART_ClearEndpointHalt
 .text.USBUART_ValidateAlternateSetting
                0x00002c88       0x70 .\ARM_GCC_493\Debug\USBFS_UART01.a(USBUART_std.o)
                0x00002c88                USBUART_ValidateAlternateSetting
 .text.USBUART_HandleVendorRqst
                0x00002cf8       0x54 .\ARM_GCC_493\Debug\USBFS_UART01.a(USBUART_vnd.o)
                0x00002cf8                USBUART_HandleVendorRqst
 .text.LCD_Init
                0x00002d4c       0x6c .\ARM_GCC_493\Debug\USBFS_UART01.a(LCD.o)
                0x00002d4c                LCD_Init
 .text.LCD_Enable
                0x00002db8       0x18 .\ARM_GCC_493\Debug\USBFS_UART01.a(LCD.o)
                0x00002db8                LCD_Enable
 .text.LCD_Start
                0x00002dd0       0x20 .\ARM_GCC_493\Debug\USBFS_UART01.a(LCD.o)
                0x00002dd0                LCD_Start
 .text.LCD_Position
                0x00002df0       0x6c .\ARM_GCC_493\Debug\USBFS_UART01.a(LCD.o)
                0x00002df0                LCD_Position
 .text.LCD_PrintString
                0x00002e5c       0x38 .\ARM_GCC_493\Debug\USBFS_UART01.a(LCD.o)
                0x00002e5c                LCD_PrintString
 .text.LCD_WriteData
                0x00002e94       0x34 .\ARM_GCC_493\Debug\USBFS_UART01.a(LCD.o)
                0x00002e94                LCD_WriteData
 .text.LCD_WriteControl
                0x00002ec8       0x34 .\ARM_GCC_493\Debug\USBFS_UART01.a(LCD.o)
                0x00002ec8                LCD_WriteControl
 .text.LCD_IsReady
                0x00002efc      0x178 .\ARM_GCC_493\Debug\USBFS_UART01.a(LCD.o)
                0x00002efc                LCD_IsReady
 .text.LCD_WrDatNib
                0x00003074       0x78 .\ARM_GCC_493\Debug\USBFS_UART01.a(LCD.o)
 .text.LCD_WrCntrlNib
                0x000030ec       0x60 .\ARM_GCC_493\Debug\USBFS_UART01.a(LCD.o)
 .text.LCD_PrintU32Number
                0x0000314c       0xa4 .\ARM_GCC_493\Debug\USBFS_UART01.a(LCD.o)
                0x0000314c                LCD_PrintU32Number
 .text.USBUART_Dp_ClearInterrupt
                0x000031f0       0x20 .\ARM_GCC_493\Debug\USBFS_UART01.a(USBUART_Dp.o)
                0x000031f0                USBUART_Dp_ClearInterrupt
 .text.CyHalt   0x00003210       0x18 .\ARM_GCC_493\Debug\USBFS_UART01.a(CyLib.o)
                0x00003210                CyHalt
 .text.CyDelay  0x00003228       0x44 .\ARM_GCC_493\Debug\USBFS_UART01.a(CyLib.o)
                0x00003228                CyDelay
 .text.CyDelayUs
                0x0000326c       0x24 .\ARM_GCC_493\Debug\USBFS_UART01.a(CyLib.o)
                0x0000326c                CyDelayUs
 .text.CyIntSetVector
                0x00003290       0x50 .\ARM_GCC_493\Debug\USBFS_UART01.a(CyLib.o)
                0x00003290                CyIntSetVector
 .text.CyIntSetPriority
                0x000032e0       0x44 .\ARM_GCC_493\Debug\USBFS_UART01.a(CyLib.o)
                0x000032e0                CyIntSetPriority
 .text.CyGetUniqueId
                0x00003324       0xc4 .\ARM_GCC_493\Debug\USBFS_UART01.a(CyLib.o)
                0x00003324                CyGetUniqueId
 .text.VDAC8_1_Init
                0x000033e8       0x28 .\ARM_GCC_493\Debug\USBFS_UART01.a(VDAC8_1.o)
                0x000033e8                VDAC8_1_Init
 .text.VDAC8_1_Enable
                0x00003410       0x34 .\ARM_GCC_493\Debug\USBFS_UART01.a(VDAC8_1.o)
                0x00003410                VDAC8_1_Enable
 .text.VDAC8_1_Start
                0x00003444       0x28 .\ARM_GCC_493\Debug\USBFS_UART01.a(VDAC8_1.o)
                0x00003444                VDAC8_1_Start
 .text.VDAC8_1_SetSpeed
                0x0000346c       0x40 .\ARM_GCC_493\Debug\USBFS_UART01.a(VDAC8_1.o)
                0x0000346c                VDAC8_1_SetSpeed
 .text.VDAC8_1_SetRange
                0x000034ac       0x40 .\ARM_GCC_493\Debug\USBFS_UART01.a(VDAC8_1.o)
                0x000034ac                VDAC8_1_SetRange
 .text.VDAC8_1_SetValue
                0x000034ec       0x20 .\ARM_GCC_493\Debug\USBFS_UART01.a(VDAC8_1.o)
                0x000034ec                VDAC8_1_SetValue
 .text.VDAC8_1_DacTrim
                0x0000350c       0x3c .\ARM_GCC_493\Debug\USBFS_UART01.a(VDAC8_1.o)
                0x0000350c                VDAC8_1_DacTrim
 .text.VDAC8_2_Init
                0x00003548       0x28 .\ARM_GCC_493\Debug\USBFS_UART01.a(VDAC8_2.o)
                0x00003548                VDAC8_2_Init
 .text.VDAC8_2_Enable
                0x00003570       0x34 .\ARM_GCC_493\Debug\USBFS_UART01.a(VDAC8_2.o)
                0x00003570                VDAC8_2_Enable
 .text.VDAC8_2_Start
                0x000035a4       0x28 .\ARM_GCC_493\Debug\USBFS_UART01.a(VDAC8_2.o)
                0x000035a4                VDAC8_2_Start
 .text.VDAC8_2_SetSpeed
                0x000035cc       0x40 .\ARM_GCC_493\Debug\USBFS_UART01.a(VDAC8_2.o)
                0x000035cc                VDAC8_2_SetSpeed
 .text.VDAC8_2_SetRange
                0x0000360c       0x40 .\ARM_GCC_493\Debug\USBFS_UART01.a(VDAC8_2.o)
                0x0000360c                VDAC8_2_SetRange
 .text.VDAC8_2_SetValue
                0x0000364c       0x20 .\ARM_GCC_493\Debug\USBFS_UART01.a(VDAC8_2.o)
                0x0000364c                VDAC8_2_SetValue
 .text.VDAC8_2_DacTrim
                0x0000366c       0x3c .\ARM_GCC_493\Debug\USBFS_UART01.a(VDAC8_2.o)
                0x0000366c                VDAC8_2_DacTrim
 .text.VDAC8_3_Init
                0x000036a8       0x28 .\ARM_GCC_493\Debug\USBFS_UART01.a(VDAC8_3.o)
                0x000036a8                VDAC8_3_Init
 .text.VDAC8_3_Enable
                0x000036d0       0x34 .\ARM_GCC_493\Debug\USBFS_UART01.a(VDAC8_3.o)
                0x000036d0                VDAC8_3_Enable
 .text.VDAC8_3_Start
                0x00003704       0x28 .\ARM_GCC_493\Debug\USBFS_UART01.a(VDAC8_3.o)
                0x00003704                VDAC8_3_Start
 .text.VDAC8_3_SetSpeed
                0x0000372c       0x40 .\ARM_GCC_493\Debug\USBFS_UART01.a(VDAC8_3.o)
                0x0000372c                VDAC8_3_SetSpeed
 .text.VDAC8_3_SetRange
                0x0000376c       0x40 .\ARM_GCC_493\Debug\USBFS_UART01.a(VDAC8_3.o)
                0x0000376c                VDAC8_3_SetRange
 .text.VDAC8_3_SetValue
                0x000037ac       0x20 .\ARM_GCC_493\Debug\USBFS_UART01.a(VDAC8_3.o)
                0x000037ac                VDAC8_3_SetValue
 .text.VDAC8_3_DacTrim
                0x000037cc       0x3c .\ARM_GCC_493\Debug\USBFS_UART01.a(VDAC8_3.o)
                0x000037cc                VDAC8_3_DacTrim
 .text.VDAC8_4_Init
                0x00003808       0x28 .\ARM_GCC_493\Debug\USBFS_UART01.a(VDAC8_4.o)
                0x00003808                VDAC8_4_Init
 .text.VDAC8_4_Enable
                0x00003830       0x34 .\ARM_GCC_493\Debug\USBFS_UART01.a(VDAC8_4.o)
                0x00003830                VDAC8_4_Enable
 .text.VDAC8_4_Start
                0x00003864       0x28 .\ARM_GCC_493\Debug\USBFS_UART01.a(VDAC8_4.o)
                0x00003864                VDAC8_4_Start
 .text.VDAC8_4_SetSpeed
                0x0000388c       0x40 .\ARM_GCC_493\Debug\USBFS_UART01.a(VDAC8_4.o)
                0x0000388c                VDAC8_4_SetSpeed
 .text.VDAC8_4_SetRange
                0x000038cc       0x40 .\ARM_GCC_493\Debug\USBFS_UART01.a(VDAC8_4.o)
                0x000038cc                VDAC8_4_SetRange
 .text.VDAC8_4_SetValue
                0x0000390c       0x20 .\ARM_GCC_493\Debug\USBFS_UART01.a(VDAC8_4.o)
                0x0000390c                VDAC8_4_SetValue
 .text.VDAC8_4_DacTrim
                0x0000392c       0x3c .\ARM_GCC_493\Debug\USBFS_UART01.a(VDAC8_4.o)
                0x0000392c                VDAC8_4_DacTrim
 .text          0x00003968       0x58 .\ARM_GCC_493\Debug\USBFS_UART01.a(CyBootAsmGnu.o)
                0x00003968                CyDelayCycles
                0x000039a6                CyEnterCriticalSection
                0x000039ae                CyExitCriticalSection
 .text.USBUART_DispatchClassRqst
                0x000039c0       0x88 .\ARM_GCC_493\Debug\USBFS_UART01.a(USBUART_cls.o)
                0x000039c0                USBUART_DispatchClassRqst
 .text.__errno  0x00003a48        0xc c:/program files (x86)/cypress/psoc creator/4.0/psoc creator/import/gnu/arm/4.9.3/bin/../lib/gcc/arm-none-eabi/4.9.3/../../../../arm-none-eabi/lib/armv7-m\libg_nano.a(lib_a-errno.o)
                0x00003a48                __errno
 .text.__libc_init_array
                0x00003a54       0x4c c:/program files (x86)/cypress/psoc creator/4.0/psoc creator/import/gnu/arm/4.9.3/bin/../lib/gcc/arm-none-eabi/4.9.3/../../../../arm-none-eabi/lib/armv7-m\libg_nano.a(lib_a-init.o)
                0x00003a54                __libc_init_array
 .text.memcpy   0x00003aa0       0x16 c:/program files (x86)/cypress/psoc creator/4.0/psoc creator/import/gnu/arm/4.9.3/bin/../lib/gcc/arm-none-eabi/4.9.3/../../../../arm-none-eabi/lib/armv7-m\libg_nano.a(lib_a-memcpy.o)
                0x00003aa0                memcpy
 .text.memset   0x00003ab6       0x10 c:/program files (x86)/cypress/psoc creator/4.0/psoc creator/import/gnu/arm/4.9.3/bin/../lib/gcc/arm-none-eabi/4.9.3/../../../../arm-none-eabi/lib/armv7-m\libg_nano.a(lib_a-memset.o)
                0x00003ab6                memset
 .text.__cvt    0x00003ac6       0xbc c:/program files (x86)/cypress/psoc creator/4.0/psoc creator/import/gnu/arm/4.9.3/bin/../lib/gcc/arm-none-eabi/4.9.3/../../../../arm-none-eabi/lib/armv7-m\libg_nano.a(lib_a-nano-vfprintf_float.o)
                0x00003ac6                __cvt
 .text.__exponent
                0x00003b82       0x62 c:/program files (x86)/cypress/psoc creator/4.0/psoc creator/import/gnu/arm/4.9.3/bin/../lib/gcc/arm-none-eabi/4.9.3/../../../../arm-none-eabi/lib/armv7-m\libg_nano.a(lib_a-nano-vfprintf_float.o)
                0x00003b82                __exponent
 .text._printf_float
                0x00003be4      0x48c c:/program files (x86)/cypress/psoc creator/4.0/psoc creator/import/gnu/arm/4.9.3/bin/../lib/gcc/arm-none-eabi/4.9.3/../../../../arm-none-eabi/lib/armv7-m\libg_nano.a(lib_a-nano-vfprintf_float.o)
                0x00003be4                _printf_float
 .text._printf_common
                0x00004070       0xea c:/program files (x86)/cypress/psoc creator/4.0/psoc creator/import/gnu/arm/4.9.3/bin/../lib/gcc/arm-none-eabi/4.9.3/../../../../arm-none-eabi/lib/armv7-m\libg_nano.a(lib_a-nano-vfprintf_i.o)
                0x00004070                _printf_common
 *fill*         0x0000415a        0x2 
 .text._printf_i
                0x0000415c      0x240 c:/program files (x86)/cypress/psoc creator/4.0/psoc creator/import/gnu/arm/4.9.3/bin/../lib/gcc/arm-none-eabi/4.9.3/../../../../arm-none-eabi/lib/armv7-m\libg_nano.a(lib_a-nano-vfprintf_i.o)
                0x0000415c                _printf_i
 .text.__fpclassifyd
                0x0000439c       0x50 c:/program files (x86)/cypress/psoc creator/4.0/psoc creator/import/gnu/arm/4.9.3/bin/../lib/gcc/arm-none-eabi/4.9.3/../../../../arm-none-eabi/lib/armv7-m\libg_nano.a(lib_a-s_fpclassify.o)
                0x0000439c                __fpclassifyd
 .text.sprintf  0x000043ec       0x48 c:/program files (x86)/cypress/psoc creator/4.0/psoc creator/import/gnu/arm/4.9.3/bin/../lib/gcc/arm-none-eabi/4.9.3/../../../../arm-none-eabi/lib/armv7-m\libg_nano.a(lib_a-sprintf.o)
                0x000043ec                siprintf
                0x000043ec                sprintf
 .text.strlen   0x00004434       0x10 c:/program files (x86)/cypress/psoc creator/4.0/psoc creator/import/gnu/arm/4.9.3/bin/../lib/gcc/arm-none-eabi/4.9.3/../../../../arm-none-eabi/lib/armv7-m\libg_nano.a(lib_a-strlen.o)
                0x00004434                strlen
 .text.quorem   0x00004444      0x114 c:/program files (x86)/cypress/psoc creator/4.0/psoc creator/import/gnu/arm/4.9.3/bin/../lib/gcc/arm-none-eabi/4.9.3/../../../../arm-none-eabi/lib/armv7-m\libg_nano.a(lib_a-dtoa.o)
 .text._dtoa_r  0x00004558      0xb78 c:/program files (x86)/cypress/psoc creator/4.0/psoc creator/import/gnu/arm/4.9.3/bin/../lib/gcc/arm-none-eabi/4.9.3/../../../../arm-none-eabi/lib/armv7-m\libg_nano.a(lib_a-dtoa.o)
                0x00004558                _dtoa_r
 .text._localeconv_r
                0x000050d0        0x8 c:/program files (x86)/cypress/psoc creator/4.0/psoc creator/import/gnu/arm/4.9.3/bin/../lib/gcc/arm-none-eabi/4.9.3/../../../../arm-none-eabi/lib/armv7-m\libg_nano.a(lib_a-locale.o)
                0x000050d0                _localeconv_r
 .text.malloc   0x000050d8       0x10 c:/program files (x86)/cypress/psoc creator/4.0/psoc creator/import/gnu/arm/4.9.3/bin/../lib/gcc/arm-none-eabi/4.9.3/../../../../arm-none-eabi/lib/armv7-m\libg_nano.a(lib_a-malloc.o)
                0x000050d8                malloc
 .text.memchr   0x000050e8       0x1c c:/program files (x86)/cypress/psoc creator/4.0/psoc creator/import/gnu/arm/4.9.3/bin/../lib/gcc/arm-none-eabi/4.9.3/../../../../arm-none-eabi/lib/armv7-m\libg_nano.a(lib_a-memchr.o)
                0x000050e8                memchr
 .text._Balloc  0x00005104       0x6a c:/program files (x86)/cypress/psoc creator/4.0/psoc creator/import/gnu/arm/4.9.3/bin/../lib/gcc/arm-none-eabi/4.9.3/../../../../arm-none-eabi/lib/armv7-m\libg_nano.a(lib_a-mprec.o)
                0x00005104                _Balloc
 .text._Bfree   0x0000516e       0x2e c:/program files (x86)/cypress/psoc creator/4.0/psoc creator/import/gnu/arm/4.9.3/bin/../lib/gcc/arm-none-eabi/4.9.3/../../../../arm-none-eabi/lib/armv7-m\libg_nano.a(lib_a-mprec.o)
                0x0000516e                _Bfree
 .text.__multadd
                0x0000519c       0x7c c:/program files (x86)/cypress/psoc creator/4.0/psoc creator/import/gnu/arm/4.9.3/bin/../lib/gcc/arm-none-eabi/4.9.3/../../../../arm-none-eabi/lib/armv7-m\libg_nano.a(lib_a-mprec.o)
                0x0000519c                __multadd
 .text.__hi0bits
                0x00005218       0x40 c:/program files (x86)/cypress/psoc creator/4.0/psoc creator/import/gnu/arm/4.9.3/bin/../lib/gcc/arm-none-eabi/4.9.3/../../../../arm-none-eabi/lib/armv7-m\libg_nano.a(lib_a-mprec.o)
                0x00005218                __hi0bits
 .text.__lo0bits
                0x00005258       0x5a c:/program files (x86)/cypress/psoc creator/4.0/psoc creator/import/gnu/arm/4.9.3/bin/../lib/gcc/arm-none-eabi/4.9.3/../../../../arm-none-eabi/lib/armv7-m\libg_nano.a(lib_a-mprec.o)
                0x00005258                __lo0bits
 .text.__i2b    0x000052b2       0x12 c:/program files (x86)/cypress/psoc creator/4.0/psoc creator/import/gnu/arm/4.9.3/bin/../lib/gcc/arm-none-eabi/4.9.3/../../../../arm-none-eabi/lib/armv7-m\libg_nano.a(lib_a-mprec.o)
                0x000052b2                __i2b
 .text.__multiply
                0x000052c4      0x120 c:/program files (x86)/cypress/psoc creator/4.0/psoc creator/import/gnu/arm/4.9.3/bin/../lib/gcc/arm-none-eabi/4.9.3/../../../../arm-none-eabi/lib/armv7-m\libg_nano.a(lib_a-mprec.o)
                0x000052c4                __multiply
 .text.__pow5mult
                0x000053e4       0x9c c:/program files (x86)/cypress/psoc creator/4.0/psoc creator/import/gnu/arm/4.9.3/bin/../lib/gcc/arm-none-eabi/4.9.3/../../../../arm-none-eabi/lib/armv7-m\libg_nano.a(lib_a-mprec.o)
                0x000053e4                __pow5mult
 .text.__lshift
                0x00005480       0xa6 c:/program files (x86)/cypress/psoc creator/4.0/psoc creator/import/gnu/arm/4.9.3/bin/../lib/gcc/arm-none-eabi/4.9.3/../../../../arm-none-eabi/lib/armv7-m\libg_nano.a(lib_a-mprec.o)
                0x00005480                __lshift
 .text.__mcmp   0x00005526       0x38 c:/program files (x86)/cypress/psoc creator/4.0/psoc creator/import/gnu/arm/4.9.3/bin/../lib/gcc/arm-none-eabi/4.9.3/../../../../arm-none-eabi/lib/armv7-m\libg_nano.a(lib_a-mprec.o)
                0x00005526                __mcmp
 .text.__mdiff  0x0000555e       0xbe c:/program files (x86)/cypress/psoc creator/4.0/psoc creator/import/gnu/arm/4.9.3/bin/../lib/gcc/arm-none-eabi/4.9.3/../../../../arm-none-eabi/lib/armv7-m\libg_nano.a(lib_a-mprec.o)
                0x0000555e                __mdiff
 .text.__d2b    0x0000561c       0xa4 c:/program files (x86)/cypress/psoc creator/4.0/psoc creator/import/gnu/arm/4.9.3/bin/../lib/gcc/arm-none-eabi/4.9.3/../../../../arm-none-eabi/lib/armv7-m\libg_nano.a(lib_a-mprec.o)
                0x0000561c                __d2b
 .text._calloc_r
                0x000056c0       0x1c c:/program files (x86)/cypress/psoc creator/4.0/psoc creator/import/gnu/arm/4.9.3/bin/../lib/gcc/arm-none-eabi/4.9.3/../../../../arm-none-eabi/lib/armv7-m\libg_nano.a(lib_a-nano-callocr.o)
                0x000056c0                _calloc_r
 .text._free_r  0x000056dc       0x88 c:/program files (x86)/cypress/psoc creator/4.0/psoc creator/import/gnu/arm/4.9.3/bin/../lib/gcc/arm-none-eabi/4.9.3/../../../../arm-none-eabi/lib/armv7-m\libg_nano.a(lib_a-nano-freer.o)
                0x000056dc                _free_r
 .text._malloc_r
                0x00005764       0xac c:/program files (x86)/cypress/psoc creator/4.0/psoc creator/import/gnu/arm/4.9.3/bin/../lib/gcc/arm-none-eabi/4.9.3/../../../../arm-none-eabi/lib/armv7-m\libg_nano.a(lib_a-nano-mallocr.o)
                0x00005764                _malloc_r
 .text.__ssputs_r
                0x00005810       0xb2 c:/program files (x86)/cypress/psoc creator/4.0/psoc creator/import/gnu/arm/4.9.3/bin/../lib/gcc/arm-none-eabi/4.9.3/../../../../arm-none-eabi/lib/armv7-m\libg_nano.a(lib_a-nano-svfprintf.o)
                0x00005810                __ssputs_r
 *fill*         0x000058c2        0x2 
 .text._svfprintf_r
                0x000058c4      0x1e4 c:/program files (x86)/cypress/psoc creator/4.0/psoc creator/import/gnu/arm/4.9.3/bin/../lib/gcc/arm-none-eabi/4.9.3/../../../../arm-none-eabi/lib/armv7-m\libg_nano.a(lib_a-nano-svfprintf.o)
                0x000058c4                _svfiprintf_r
                0x000058c4                _svfprintf_r
 .text._sbrk_r  0x00005aa8       0x20 c:/program files (x86)/cypress/psoc creator/4.0/psoc creator/import/gnu/arm/4.9.3/bin/../lib/gcc/arm-none-eabi/4.9.3/../../../../arm-none-eabi/lib/armv7-m\libg_nano.a(lib_a-sbrkr.o)
                0x00005aa8                _sbrk_r
 .text.memmove  0x00005ac8       0x36 c:/program files (x86)/cypress/psoc creator/4.0/psoc creator/import/gnu/arm/4.9.3/bin/../lib/gcc/arm-none-eabi/4.9.3/../../../../arm-none-eabi/lib/armv7-m\libg_nano.a(lib_a-memmove.o)
                0x00005ac8                memmove
 .text._realloc_r
                0x00005afe       0x4c c:/program files (x86)/cypress/psoc creator/4.0/psoc creator/import/gnu/arm/4.9.3/bin/../lib/gcc/arm-none-eabi/4.9.3/../../../../arm-none-eabi/lib/armv7-m\libg_nano.a(lib_a-nano-reallocr.o)
                0x00005afe                _realloc_r
 .text._malloc_usable_size_r
                0x00005b4a       0x14 c:/program files (x86)/cypress/psoc creator/4.0/psoc creator/import/gnu/arm/4.9.3/bin/../lib/gcc/arm-none-eabi/4.9.3/../../../../arm-none-eabi/lib/armv7-m\libg_nano.a(lib_a-nano-msizer.o)
                0x00005b4a                _malloc_usable_size_r
 *fill*         0x00005b5e        0x2 
 .text          0x00005b60      0x370 c:/program files (x86)/cypress/psoc creator/4.0/psoc creator/import/gnu/arm/4.9.3/bin/../lib/gcc/arm-none-eabi/4.9.3/armv7-m\libgcc.a(_arm_addsubdf3.o)
                0x00005b60                __aeabi_drsub
                0x00005b68                __aeabi_dsub
                0x00005b68                __subdf3
                0x00005b6c                __aeabi_dadd
                0x00005b6c                __adddf3
                0x00005de4                __floatunsidf
                0x00005de4                __aeabi_ui2d
                0x00005e04                __floatsidf
                0x00005e04                __aeabi_i2d
                0x00005e28                __aeabi_f2d
                0x00005e28                __extendsfdf2
                0x00005e64                __floatundidf
                0x00005e64                __aeabi_ul2d
                0x00005e74                __floatdidf
                0x00005e74                __aeabi_l2d
 .text          0x00005ed0      0x424 c:/program files (x86)/cypress/psoc creator/4.0/psoc creator/import/gnu/arm/4.9.3/bin/../lib/gcc/arm-none-eabi/4.9.3/armv7-m\libgcc.a(_arm_muldivdf3.o)
                0x00005ed0                __aeabi_dmul
                0x00005ed0                __muldf3
                0x00006124                __divdf3
                0x00006124                __aeabi_ddiv
 .text          0x000062f4      0x110 c:/program files (x86)/cypress/psoc creator/4.0/psoc creator/import/gnu/arm/4.9.3/bin/../lib/gcc/arm-none-eabi/4.9.3/armv7-m\libgcc.a(_arm_cmpdf2.o)
                0x000062f4                __gtdf2
                0x000062f4                __gedf2
                0x000062fc                __ltdf2
                0x000062fc                __ledf2
                0x00006304                __nedf2
                0x00006304                __eqdf2
                0x00006304                __cmpdf2
                0x00006380                __aeabi_cdrcmple
                0x00006390                __aeabi_cdcmpeq
                0x00006390                __aeabi_cdcmple
                0x000063a0                __aeabi_dcmpeq
                0x000063b4                __aeabi_dcmplt
                0x000063c8                __aeabi_dcmple
                0x000063dc                __aeabi_dcmpge
                0x000063f0                __aeabi_dcmpgt
 .text          0x00006404       0x50 c:/program files (x86)/cypress/psoc creator/4.0/psoc creator/import/gnu/arm/4.9.3/bin/../lib/gcc/arm-none-eabi/4.9.3/armv7-m\libgcc.a(_arm_fixdfsi.o)
                0x00006404                __aeabi_d2iz
                0x00006404                __fixdfsi
 *(.plt)
 *(.gnu.warning)
 *(.glue_7t)
 .glue_7t       0x00000000        0x0 linker stubs
 *(.glue_7)
 .glue_7        0x00000000        0x0 linker stubs
 *(.vfp11_veneer)
 .vfp11_veneer  0x00000000        0x0 linker stubs
 *(.bootloader)
 *(.ARM.extab* .gnu.linkonce.armextab.*)
 *(.gcc_except_table)

.v4_bx          0x00006454        0x0
 .v4_bx         0x00000000        0x0 linker stubs

.iplt           0x00006454        0x0
 .iplt          0x00000000        0x0 c:/program files (x86)/cypress/psoc creator/4.0/psoc creator/import/gnu/arm/4.9.3/bin/../lib/gcc/arm-none-eabi/4.9.3/armv7-m/crtbegin.o

.eh_frame_hdr
 *(.eh_frame_hdr)

.eh_frame       0x00006454        0x4
 *(.eh_frame)
 .eh_frame      0x00006454        0x0 c:/program files (x86)/cypress/psoc creator/4.0/psoc creator/import/gnu/arm/4.9.3/bin/../lib/gcc/arm-none-eabi/4.9.3/armv7-m/crtbegin.o
 .eh_frame      0x00006454        0x0 c:/program files (x86)/cypress/psoc creator/4.0/psoc creator/import/gnu/arm/4.9.3/bin/../lib/gcc/arm-none-eabi/4.9.3/../../../../arm-none-eabi/lib/armv7-m\libg_nano.a(lib_a-strcmp.o)
                                 0x28 (size before relaxing)
 .eh_frame      0x00006454        0x4 c:/program files (x86)/cypress/psoc creator/4.0/psoc creator/import/gnu/arm/4.9.3/bin/../lib/gcc/arm-none-eabi/4.9.3/armv7-m/crtend.o
                0x00006458                PROVIDE (__exidx_start, .)

.ARM.exidx
 *(.ARM.exidx* .gnu.linkonce.armexidx.*)
                0x00006458                __exidx_end = .

.rodata         0x00006458      0x4b0
 *(.rodata .rodata.* .gnu.linkonce.r.*)
 .rodata        0x00006458       0x70 .\ARM_GCC_493\Debug\main.o
 .rodata        0x000064c8       0xc0 .\ARM_GCC_493\Debug\USBFS_UART01.a(cyfitter_cfg.o)
 .rodata        0x00006588       0x14 .\ARM_GCC_493\Debug\USBFS_UART01.a(USBUART_std.o)
 .rodata        0x0000659c      0x1d4 .\ARM_GCC_493\Debug\USBFS_UART01.a(USBUART_descr.o)
                0x0000659c                USBUART_DEVICE0_DESCR
                0x000065b0                USBUART_DEVICE0_CONFIGURATION0_DESCR
                0x000065f4                USBUART_STRING_DESCRIPTORS
                0x00006694                USBUART_SN_STRING_DESCRIPTOR
                0x00006698                USBUART_HIDREPORT_DESCRIPTOR1
                0x000066d0                USBUART_DEVICE0_CONFIGURATION0_EP_SETTINGS_TABLE
                0x000066e8                USBUART_DEVICE0_CONFIGURATION0_INTERFACE_CLASS
                0x000066ec                USBUART_DEVICE0_CONFIGURATION0_TABLE
                0x00006714                USBUART_DEVICE0_TABLE
                0x0000672c                USBUART_TABLE
                0x00006734                USBUART_MSOS_DESCRIPTOR
                0x00006748                USBUART_MSOS_CONFIGURATION_DESCR
 .rodata.str1.1
                0x00006770        0x2 c:/program files (x86)/cypress/psoc creator/4.0/psoc creator/import/gnu/arm/4.9.3/bin/../lib/gcc/arm-none-eabi/4.9.3/../../../../arm-none-eabi/lib/armv7-m\libg_nano.a(lib_a-impure.o)
 .rodata.str1.1
                0x00006772       0x12 c:/program files (x86)/cypress/psoc creator/4.0/psoc creator/import/gnu/arm/4.9.3/bin/../lib/gcc/arm-none-eabi/4.9.3/../../../../arm-none-eabi/lib/armv7-m\libg_nano.a(lib_a-nano-vfprintf_float.o)
 .rodata.str1.1
                0x00006784       0x22 c:/program files (x86)/cypress/psoc creator/4.0/psoc creator/import/gnu/arm/4.9.3/bin/../lib/gcc/arm-none-eabi/4.9.3/../../../../arm-none-eabi/lib/armv7-m\libg_nano.a(lib_a-nano-vfprintf_i.o)
 .rodata.str1.1
                0x000067a6        0xd c:/program files (x86)/cypress/psoc creator/4.0/psoc creator/import/gnu/arm/4.9.3/bin/../lib/gcc/arm-none-eabi/4.9.3/../../../../arm-none-eabi/lib/armv7-m\libg_nano.a(lib_a-dtoa.o)
                                  0xf (size before relaxing)
 .rodata.str1.1
                0x000067b3        0x8 c:/program files (x86)/cypress/psoc creator/4.0/psoc creator/import/gnu/arm/4.9.3/bin/../lib/gcc/arm-none-eabi/4.9.3/../../../../arm-none-eabi/lib/armv7-m\libg_nano.a(lib_a-locale.o)
                                  0xb (size before relaxing)
 *fill*         0x000067bb        0x5 
 .rodata.__mprec_tens
                0x000067c0       0xc8 c:/program files (x86)/cypress/psoc creator/4.0/psoc creator/import/gnu/arm/4.9.3/bin/../lib/gcc/arm-none-eabi/4.9.3/../../../../arm-none-eabi/lib/armv7-m\libg_nano.a(lib_a-mprec.o)
                0x000067c0                __mprec_tens
 .rodata.__mprec_bigtens
                0x00006888       0x28 c:/program files (x86)/cypress/psoc creator/4.0/psoc creator/import/gnu/arm/4.9.3/bin/../lib/gcc/arm-none-eabi/4.9.3/../../../../arm-none-eabi/lib/armv7-m\libg_nano.a(lib_a-mprec.o)
                0x00006888                __mprec_bigtens
 .rodata.p05.5308
                0x000068b0        0xc c:/program files (x86)/cypress/psoc creator/4.0/psoc creator/import/gnu/arm/4.9.3/bin/../lib/gcc/arm-none-eabi/4.9.3/../../../../arm-none-eabi/lib/armv7-m\libg_nano.a(lib_a-mprec.o)
 .rodata.str1.1
                0x000068bc       0x11 c:/program files (x86)/cypress/psoc creator/4.0/psoc creator/import/gnu/arm/4.9.3/bin/../lib/gcc/arm-none-eabi/4.9.3/../../../../arm-none-eabi/lib/armv7-m\libg_nano.a(lib_a-nano-svfprintf.o)
                0x000068d0                . = ALIGN (0x4)
 *fill*         0x000068cd        0x3 
 *(.init)
 .init          0x000068d0        0x4 c:/program files (x86)/cypress/psoc creator/4.0/psoc creator/import/gnu/arm/4.9.3/bin/../lib/gcc/arm-none-eabi/4.9.3/armv7-m/crti.o
                0x000068d0                _init
 .init          0x000068d4        0x8 c:/program files (x86)/cypress/psoc creator/4.0/psoc creator/import/gnu/arm/4.9.3/bin/../lib/gcc/arm-none-eabi/4.9.3/armv7-m/crtn.o
                0x000068dc                . = ALIGN (0x4)
                0x000068dc                __preinit_array_start = .
 *(.preinit_array)
                0x000068dc                __preinit_array_end = .
                0x000068dc                . = ALIGN (0x4)
                0x000068dc                __init_array_start = .
 *(SORT(.init_array.*))
 *(.init_array)
 .init_array    0x000068dc        0x4 c:/program files (x86)/cypress/psoc creator/4.0/psoc creator/import/gnu/arm/4.9.3/bin/../lib/gcc/arm-none-eabi/4.9.3/armv7-m/crtbegin.o
 .init_array    0x000068e0        0x4 .\ARM_GCC_493\Debug\Cm3Start.o
                0x000068e4                __init_array_end = .
                0x000068e4                . = ALIGN (0x4)
 *(.fini)
 .fini          0x000068e4        0x4 c:/program files (x86)/cypress/psoc creator/4.0/psoc creator/import/gnu/arm/4.9.3/bin/../lib/gcc/arm-none-eabi/4.9.3/armv7-m/crti.o
                0x000068e4                _fini
 .fini          0x000068e8        0x8 c:/program files (x86)/cypress/psoc creator/4.0/psoc creator/import/gnu/arm/4.9.3/bin/../lib/gcc/arm-none-eabi/4.9.3/armv7-m/crtn.o
                0x000068f0                . = ALIGN (0x4)
                0x000068f0                __fini_array_start = .
 *(.fini_array)
 .fini_array    0x000068f0        0x4 c:/program files (x86)/cypress/psoc creator/4.0/psoc creator/import/gnu/arm/4.9.3/bin/../lib/gcc/arm-none-eabi/4.9.3/armv7-m/crtbegin.o
 *(SORT(.fini_array.*))
                0x000068f4                __fini_array_end = .
                0x000068f4                . = ALIGN (0x4)
 *crtbegin.o(.ctors)
 *(EXCLUDE_FILE(*crtend.o) .ctors)
 *(SORT(.ctors.*))
 *crtend.o(.ctors)
                0x000068f4                . = ALIGN (0x4)
 *crtbegin.o(.dtors)
 *(EXCLUDE_FILE(*crtend.o) .dtors)
 *(SORT(.dtors.*))
 *crtend.o(.dtors)
                0x000068f4                . = ALIGN (0x4)
                0x000068f4                __cy_regions = .
                0x000068f4        0x4 LONG 0x6908 __cy_region_init_ram
                0x000068f8        0x4 LONG 0x1fff8108 __cy_region_start_data
                0x000068fc        0x4 LONG 0xf0 __cy_region_init_size_ram
                0x00006900        0x4 LONG 0x120 __cy_region_zero_size_ram
                0x00006904                __cy_regions_end = .
                0x00006908                . = ALIGN (0x8)
 *fill*         0x00006904        0x4 
                0x00006908                _etext = .

.cy_checksum_exclude
                0x00006908        0x0
 *(.cy_checksum_exclude)

.ramvectors     0x1fff8000      0x100
                0x1fff8000                __cy_region_start_ram = .
 *(.ramvectors)
 .ramvectors    0x1fff8000      0x100 .\ARM_GCC_493\Debug\Cm3Start.o
                0x1fff8000                CyRamVectors

.noinit         0x1fff8100        0x5
 *(.noinit)
 .noinit        0x1fff8100        0x4 .\ARM_GCC_493\Debug\Cm3Start.o
 .noinit        0x1fff8104        0x1 .\ARM_GCC_493\Debug\USBFS_UART01.a(CyLib.o)
                0x1fff8104                CyResetStatus

.data           0x1fff8108       0xf0 load address 0x00006908
                0x1fff8108                __cy_region_start_data = .
 *(.jcr)
 .jcr           0x1fff8108        0x0 c:/program files (x86)/cypress/psoc creator/4.0/psoc creator/import/gnu/arm/4.9.3/bin/../lib/gcc/arm-none-eabi/4.9.3/armv7-m/crtbegin.o
 .jcr           0x1fff8108        0x4 c:/program files (x86)/cypress/psoc creator/4.0/psoc creator/import/gnu/arm/4.9.3/bin/../lib/gcc/arm-none-eabi/4.9.3/armv7-m/crtend.o
 *(.got.plt)
 *(.got)
 *(.shdata)
 *(.data .data.* .gnu.linkonce.d.*)
 .data          0x1fff810c       0x20 .\ARM_GCC_493\Debug\main.o
                0x1fff810c                parity
                0x1fff8120                stop
 .data          0x1fff812c        0x4 .\ARM_GCC_493\Debug\Cm3Start.o
 .data          0x1fff8130       0x1c .\ARM_GCC_493\Debug\USBFS_UART01.a(USBUART_cdc.o)
                0x1fff8130                USBUART_linesCoding
 .data          0x1fff814c       0x10 .\ARM_GCC_493\Debug\USBFS_UART01.a(CyLib.o)
                0x1fff814c                cydelay_freq_hz
                0x1fff8150                cydelay_freq_khz
                0x1fff8154                cydelay_freq_mhz
                0x1fff8158                cydelay_32k_ms
 .data.impure_data
                0x1fff815c       0x60 c:/program files (x86)/cypress/psoc creator/4.0/psoc creator/import/gnu/arm/4.9.3/bin/../lib/gcc/arm-none-eabi/4.9.3/../../../../arm-none-eabi/lib/armv7-m\libg_nano.a(lib_a-impure.o)
 .data._impure_ptr
                0x1fff81bc        0x4 c:/program files (x86)/cypress/psoc creator/4.0/psoc creator/import/gnu/arm/4.9.3/bin/../lib/gcc/arm-none-eabi/4.9.3/../../../../arm-none-eabi/lib/armv7-m\libg_nano.a(lib_a-impure.o)
                0x1fff81bc                _impure_ptr
 .data.lconv    0x1fff81c0       0x38 c:/program files (x86)/cypress/psoc creator/4.0/psoc creator/import/gnu/arm/4.9.3/bin/../lib/gcc/arm-none-eabi/4.9.3/../../../../arm-none-eabi/lib/armv7-m\libg_nano.a(lib_a-locale.o)
                0x1fff81f8                . = ALIGN (0x8)
 *(.ram)
                0x1fff81f8                _edata = .

.igot.plt       0x1fff81f8        0x0 load address 0x000069f8
 .igot.plt      0x00000000        0x0 c:/program files (x86)/cypress/psoc creator/4.0/psoc creator/import/gnu/arm/4.9.3/bin/../lib/gcc/arm-none-eabi/4.9.3/armv7-m/crtbegin.o

.bss            0x1fff81f8      0x120 load address 0x000069f8
                0x1fff81f8                PROVIDE (__bss_start__, .)
 *(.shbss)
 *(.bss .bss.* .gnu.linkonce.b.*)
 .bss           0x1fff81f8       0x1c c:/program files (x86)/cypress/psoc creator/4.0/psoc creator/import/gnu/arm/4.9.3/bin/../lib/gcc/arm-none-eabi/4.9.3/armv7-m/crtbegin.o
 .bss           0x1fff8214        0x1 .\ARM_GCC_493\Debug\USBFS_UART01.a(USBUART.o)
                0x1fff8214                USBUART_initVar
 .bss           0x1fff8215        0x1 .\ARM_GCC_493\Debug\USBFS_UART01.a(USBUART_cdc.o)
 *fill*         0x1fff8216        0x2 
 .bss           0x1fff8218        0x4 .\ARM_GCC_493\Debug\USBFS_UART01.a(USBUART_std.o)
 .bss           0x1fff821c        0x2 .\ARM_GCC_493\Debug\USBFS_UART01.a(LCD.o)
                0x1fff821c                LCD_enableState
                0x1fff821d                LCD_initVar
 .bss           0x1fff821e        0x1 .\ARM_GCC_493\Debug\USBFS_UART01.a(VDAC8_1.o)
                0x1fff821e                VDAC8_1_initVar
 .bss           0x1fff821f        0x1 .\ARM_GCC_493\Debug\USBFS_UART01.a(VDAC8_2.o)
                0x1fff821f                VDAC8_2_initVar
 .bss           0x1fff8220        0x1 .\ARM_GCC_493\Debug\USBFS_UART01.a(VDAC8_3.o)
                0x1fff8220                VDAC8_3_initVar
 .bss           0x1fff8221        0x1 .\ARM_GCC_493\Debug\USBFS_UART01.a(VDAC8_4.o)
                0x1fff8221                VDAC8_4_initVar
 *fill*         0x1fff8222        0x2 
 .bss.__malloc_sbrk_start
                0x1fff8224        0x4 c:/program files (x86)/cypress/psoc creator/4.0/psoc creator/import/gnu/arm/4.9.3/bin/../lib/gcc/arm-none-eabi/4.9.3/../../../../arm-none-eabi/lib/armv7-m\libg_nano.a(lib_a-nano-mallocr.o)
                0x1fff8224                __malloc_sbrk_start
 .bss.__malloc_free_list
                0x1fff8228        0x4 c:/program files (x86)/cypress/psoc creator/4.0/psoc creator/import/gnu/arm/4.9.3/bin/../lib/gcc/arm-none-eabi/4.9.3/../../../../arm-none-eabi/lib/armv7-m\libg_nano.a(lib_a-nano-mallocr.o)
                0x1fff8228                __malloc_free_list
 *(COMMON)
 COMMON         0x1fff822c       0x18 .\ARM_GCC_493\Debug\USBFS_UART01.a(USBUART_cdc.o)
                0x1fff822c                USBUART_linesChanged
                0x1fff8230                USBUART_cdcDataInEp
                0x1fff8234                USBUART_cdcCommInInterruptEp
                0x1fff8238                USBUART_cdcDataOutEp
                0x1fff823c                USBUART_serialStateBitmap
                0x1fff8240                USBUART_linesControlBitmap
 COMMON         0x1fff8244       0x9a .\ARM_GCC_493\Debug\USBFS_UART01.a(USBUART_drv.o)
                0x1fff8244                USBUART_lastPacketSize
                0x1fff8245                USBUART_device
                0x1fff8246                USBUART_transferByteCount
                0x1fff8248                USBUART_transferState
                0x1fff824c                USBUART_interfaceSettingLast
                0x1fff8250                USBUART_currentTD
                0x1fff825c                USBUART_interfaceNumber
                0x1fff8260                USBUART_interfaceClass
                0x1fff8264                USBUART_configurationChanged
                0x1fff8265                USBUART_ep0Mode
                0x1fff8266                USBUART_deviceAddress
                0x1fff8267                USBUART_configuration
                0x1fff8268                USBUART_ep0Count
                0x1fff8269                USBUART_deviceStatus
                0x1fff826c                USBUART_EP
                0x1fff82d8                USBUART_interfaceSetting
                0x1fff82da                USBUART_ep0Toggle
                0x1fff82dc                USBUART_interfaceStatus
 *fill*         0x1fff82de        0x2 
 COMMON         0x1fff82e0        0xa .\ARM_GCC_493\Debug\USBFS_UART01.a(USBUART_hid.o)
                0x1fff82e0                USBUART_hidProtocol
                0x1fff82e4                USBUART_hidIdleTimer
                0x1fff82e8                USBUART_hidIdleRate
 *fill*         0x1fff82ea        0x2 
 COMMON         0x1fff82ec       0x22 .\ARM_GCC_493\Debug\USBFS_UART01.a(USBUART_descr.o)
                0x1fff82ec                USBUART_idSerialNumberStringDescriptor
 *fill*         0x1fff830e        0x2 
 COMMON         0x1fff8310        0x4 c:/program files (x86)/cypress/psoc creator/4.0/psoc creator/import/gnu/arm/4.9.3/bin/../lib/gcc/arm-none-eabi/4.9.3/../../../../arm-none-eabi/lib/armv7-m\libg_nano.a(lib_a-reent.o)
                0x1fff8310                errno
                0x1fff8318                . = ALIGN (0x8)
 *fill*         0x1fff8314        0x4 
 *(.ram.b)
                0x1fff8318                _end = .
                0x1fff8318                __end = .
                0x1fff8318                PROVIDE (end, .)
                0x1fff8318                PROVIDE (__bss_end__, .)
                0x00006908                __cy_region_init_ram = LOADADDR (.data)
                0x000000f0                __cy_region_init_size_ram = (_edata - ADDR (.data))
                0x00000120                __cy_region_zero_size_ram = (_end - _edata)

.heap           0x1fff8318       0x80 load address 0x000069f8
                0x1fff8318                . = _end
                0x1fff8398                . = (. + 0x80)
 *fill*         0x1fff8318       0x80 
                0x1fff8398                __cy_heap_limit = .

.stack          0x20007800      0x800
                0x20007800                __cy_stack_limit = .
                0x20008000                . = (. + 0x800)
 *fill*         0x20007800      0x800 
                0x00000001                ASSERT ((__cy_stack_limit >= __cy_heap_limit), region RAM overflowed with stack)
                0x00000000                cy_checksum_exclude_size = (CY_APPL_LOADABLE == 0x1)?SIZEOF (.cy_checksum_exclude):0x0
                0x00000001                ASSERT ((cy_checksum_exclude_size <= CY_CHECKSUM_EXCLUDE_SIZE), CY_BOOT: Section .cy_checksum_exclude size exceedes specified limit.)

.cyloadermeta
 *(.cyloadermeta)

.cyloadablemeta
 *(.cyloadablemeta)

.cyconfigecc    0x80000000        0x4
 *(.cyconfigecc)
 .cyconfigecc   0x80000000        0x4 .\ARM_GCC_493\Debug\cymetadata.o
                0x80000000                cy_meta_configecc

.cycustnvl      0x90000000        0x4
 *(.cycustnvl)
 .cycustnvl     0x90000000        0x4 .\ARM_GCC_493\Debug\cymetadata.o
                0x90000000                cy_meta_custnvl

.cywolatch      0x90100000        0x4
 *(.cywolatch)
 .cywolatch     0x90100000        0x4 .\ARM_GCC_493\Debug\cymetadata.o
                0x90100000                cy_meta_wonvl

.cyeeprom       0x90200000        0x0
 *(.cyeeprom)
                0x00000001                ASSERT ((. <= ((0x90200000 + ee_offset) + ee_size)), .cyeeprom data will not fit in EEPROM)

.cyflashprotect
                0x90400000      0x100
 *(.cyflashprotect)
 .cyflashprotect
                0x90400000      0x100 .\ARM_GCC_493\Debug\cymetadata.o
                0x90400000                cy_meta_flashprotect

.cymeta         0x90500000        0xc
 *(.cymeta)
 .cymeta        0x90500000        0xc .\ARM_GCC_493\Debug\cymetadata.o
                0x90500000                cy_metadata

.rel.dyn        0x000069f8        0x0 load address 0x9050000c
 .rel.iplt      0x00000000        0x0 c:/program files (x86)/cypress/psoc creator/4.0/psoc creator/import/gnu/arm/4.9.3/bin/../lib/gcc/arm-none-eabi/4.9.3/armv7-m/crtbegin.o

.stab
 *(.stab)

.stabstr
 *(.stabstr)

.debug
 *(.debug)

.line
 *(.line)

.debug_srcinfo
 *(.debug_srcinfo)

.debug_sfnames
 *(.debug_sfnames)

.debug_aranges  0x00000000      0xbe8
 *(.debug_aranges)
 .debug_aranges
                0x00000000       0x20 .\ARM_GCC_493\Debug\main.o
 .debug_aranges
                0x00000020       0x18 .\ARM_GCC_493\Debug\cymetadata.o
 .debug_aranges
                0x00000038       0x48 .\ARM_GCC_493\Debug\Cm3Start.o
 .debug_aranges
                0x00000080       0x60 .\ARM_GCC_493\Debug\USBFS_UART01.a(cyfitter_cfg.o)
 .debug_aranges
                0x000000e0       0xc8 .\ARM_GCC_493\Debug\USBFS_UART01.a(USBUART.o)
 .debug_aranges
                0x000001a8       0xe8 .\ARM_GCC_493\Debug\USBFS_UART01.a(USBUART_cdc.o)
 .debug_aranges
                0x00000290       0x98 .\ARM_GCC_493\Debug\USBFS_UART01.a(USBUART_drv.o)
 .debug_aranges
                0x00000328       0x40 .\ARM_GCC_493\Debug\USBFS_UART01.a(USBUART_episr.o)
 .debug_aranges
                0x00000368       0x48 .\ARM_GCC_493\Debug\USBFS_UART01.a(USBUART_hid.o)
 .debug_aranges
                0x000003b0       0x40 .\ARM_GCC_493\Debug\USBFS_UART01.a(USBUART_pm.o)
 .debug_aranges
                0x000003f0       0x80 .\ARM_GCC_493\Debug\USBFS_UART01.a(USBUART_std.o)
 .debug_aranges
                0x00000470       0x20 .\ARM_GCC_493\Debug\USBFS_UART01.a(USBUART_vnd.o)
 .debug_aranges
                0x00000490       0x98 .\ARM_GCC_493\Debug\USBFS_UART01.a(LCD.o)
 .debug_aranges
                0x00000528       0x48 .\ARM_GCC_493\Debug\USBFS_UART01.a(USBUART_Dp.o)
 .debug_aranges
                0x00000570      0x2a8 .\ARM_GCC_493\Debug\USBFS_UART01.a(CyLib.o)
 .debug_aranges
                0x00000818       0x98 .\ARM_GCC_493\Debug\USBFS_UART01.a(cyPm.o)
 .debug_aranges
                0x000008b0       0x58 .\ARM_GCC_493\Debug\USBFS_UART01.a(VDAC8_1.o)
 .debug_aranges
                0x00000908       0x58 .\ARM_GCC_493\Debug\USBFS_UART01.a(VDAC8_2.o)
 .debug_aranges
                0x00000960       0x58 .\ARM_GCC_493\Debug\USBFS_UART01.a(VDAC8_3.o)
 .debug_aranges
                0x000009b8       0x58 .\ARM_GCC_493\Debug\USBFS_UART01.a(VDAC8_4.o)
 .debug_aranges
                0x00000a10       0x20 .\ARM_GCC_493\Debug\USBFS_UART01.a(CyBootAsmGnu.o)
 .debug_aranges
                0x00000a30       0x80 .\ARM_GCC_493\Debug\USBFS_UART01.a(CyScBoostClk.o)
 .debug_aranges
                0x00000ab0       0x20 .\ARM_GCC_493\Debug\USBFS_UART01.a(USBUART_cls.o)
 .debug_aranges
                0x00000ad0       0x18 .\ARM_GCC_493\Debug\USBFS_UART01.a(USBUART_descr.o)
 .debug_aranges
                0x00000ae8       0x88 .\ARM_GCC_493\Debug\USBFS_UART01.a(CyFlash.o)
 .debug_aranges
                0x00000b70       0x78 .\ARM_GCC_493\Debug\USBFS_UART01.a(CySpc.o)

.debug_pubnames
 *(.debug_pubnames)

.debug_info     0x00000000     0x60fa
 *(.debug_info .gnu.linkonce.wi.*)
 .debug_info    0x00000000      0x18f .\ARM_GCC_493\Debug\main.o
 .debug_info    0x0000018f      0x13a .\ARM_GCC_493\Debug\cymetadata.o
 .debug_info    0x000002c9      0x319 .\ARM_GCC_493\Debug\Cm3Start.o
 .debug_info    0x000005e2      0x487 .\ARM_GCC_493\Debug\USBFS_UART01.a(cyfitter_cfg.o)
 .debug_info    0x00000a69      0x73b .\ARM_GCC_493\Debug\USBFS_UART01.a(USBUART.o)
 .debug_info    0x000011a4      0x903 .\ARM_GCC_493\Debug\USBFS_UART01.a(USBUART_cdc.o)
 .debug_info    0x00001aa7      0x521 .\ARM_GCC_493\Debug\USBFS_UART01.a(USBUART_drv.o)
 .debug_info    0x00001fc8      0x22f .\ARM_GCC_493\Debug\USBFS_UART01.a(USBUART_episr.o)
 .debug_info    0x000021f7      0x374 .\ARM_GCC_493\Debug\USBFS_UART01.a(USBUART_hid.o)
 .debug_info    0x0000256b      0x186 .\ARM_GCC_493\Debug\USBFS_UART01.a(USBUART_pm.o)
 .debug_info    0x000026f1      0x950 .\ARM_GCC_493\Debug\USBFS_UART01.a(USBUART_std.o)
 .debug_info    0x00003041      0x19d .\ARM_GCC_493\Debug\USBFS_UART01.a(USBUART_vnd.o)
 .debug_info    0x000031de      0x3c8 .\ARM_GCC_493\Debug\USBFS_UART01.a(LCD.o)
 .debug_info    0x000035a6      0x171 .\ARM_GCC_493\Debug\USBFS_UART01.a(USBUART_Dp.o)
 .debug_info    0x00003717      0xe81 .\ARM_GCC_493\Debug\USBFS_UART01.a(CyLib.o)
 .debug_info    0x00004598      0x561 .\ARM_GCC_493\Debug\USBFS_UART01.a(cyPm.o)
 .debug_info    0x00004af9      0x185 .\ARM_GCC_493\Debug\USBFS_UART01.a(VDAC8_1.o)
 .debug_info    0x00004c7e      0x185 .\ARM_GCC_493\Debug\USBFS_UART01.a(VDAC8_2.o)
 .debug_info    0x00004e03      0x185 .\ARM_GCC_493\Debug\USBFS_UART01.a(VDAC8_3.o)
 .debug_info    0x00004f88      0x185 .\ARM_GCC_493\Debug\USBFS_UART01.a(VDAC8_4.o)
 .debug_info    0x0000510d       0x8f .\ARM_GCC_493\Debug\USBFS_UART01.a(CyBootAsmGnu.o)
 .debug_info    0x0000519c      0x299 .\ARM_GCC_493\Debug\USBFS_UART01.a(CyScBoostClk.o)
 .debug_info    0x00005435      0x1bc .\ARM_GCC_493\Debug\USBFS_UART01.a(USBUART_cls.o)
 .debug_info    0x000055f1      0x2f5 .\ARM_GCC_493\Debug\USBFS_UART01.a(USBUART_descr.o)
 .debug_info    0x000058e6      0x3c1 .\ARM_GCC_493\Debug\USBFS_UART01.a(CyFlash.o)
 .debug_info    0x00005ca7      0x453 .\ARM_GCC_493\Debug\USBFS_UART01.a(CySpc.o)

.debug_abbrev   0x00000000     0x1dc3
 *(.debug_abbrev)
 .debug_abbrev  0x00000000       0xb1 .\ARM_GCC_493\Debug\main.o
 .debug_abbrev  0x000000b1       0x5d .\ARM_GCC_493\Debug\cymetadata.o
 .debug_abbrev  0x0000010e      0x1b6 .\ARM_GCC_493\Debug\Cm3Start.o
 .debug_abbrev  0x000002c4      0x19f .\ARM_GCC_493\Debug\USBFS_UART01.a(cyfitter_cfg.o)
 .debug_abbrev  0x00000463      0x1f3 .\ARM_GCC_493\Debug\USBFS_UART01.a(USBUART.o)
 .debug_abbrev  0x00000656      0x233 .\ARM_GCC_493\Debug\USBFS_UART01.a(USBUART_cdc.o)
 .debug_abbrev  0x00000889      0x161 .\ARM_GCC_493\Debug\USBFS_UART01.a(USBUART_drv.o)
 .debug_abbrev  0x000009ea       0xfd .\ARM_GCC_493\Debug\USBFS_UART01.a(USBUART_episr.o)
 .debug_abbrev  0x00000ae7      0x15e .\ARM_GCC_493\Debug\USBFS_UART01.a(USBUART_hid.o)
 .debug_abbrev  0x00000c45       0xd1 .\ARM_GCC_493\Debug\USBFS_UART01.a(USBUART_pm.o)
 .debug_abbrev  0x00000d16      0x1c2 .\ARM_GCC_493\Debug\USBFS_UART01.a(USBUART_std.o)
 .debug_abbrev  0x00000ed8       0xc5 .\ARM_GCC_493\Debug\USBFS_UART01.a(USBUART_vnd.o)
 .debug_abbrev  0x00000f9d      0x120 .\ARM_GCC_493\Debug\USBFS_UART01.a(LCD.o)
 .debug_abbrev  0x000010bd       0x90 .\ARM_GCC_493\Debug\USBFS_UART01.a(USBUART_Dp.o)
 .debug_abbrev  0x0000114d      0x217 .\ARM_GCC_493\Debug\USBFS_UART01.a(CyLib.o)
 .debug_abbrev  0x00001364      0x161 .\ARM_GCC_493\Debug\USBFS_UART01.a(cyPm.o)
 .debug_abbrev  0x000014c5       0xeb .\ARM_GCC_493\Debug\USBFS_UART01.a(VDAC8_1.o)
 .debug_abbrev  0x000015b0       0xeb .\ARM_GCC_493\Debug\USBFS_UART01.a(VDAC8_2.o)
 .debug_abbrev  0x0000169b       0xeb .\ARM_GCC_493\Debug\USBFS_UART01.a(VDAC8_3.o)
 .debug_abbrev  0x00001786       0xeb .\ARM_GCC_493\Debug\USBFS_UART01.a(VDAC8_4.o)
 .debug_abbrev  0x00001871       0x14 .\ARM_GCC_493\Debug\USBFS_UART01.a(CyBootAsmGnu.o)
 .debug_abbrev  0x00001885      0x11d .\ARM_GCC_493\Debug\USBFS_UART01.a(CyScBoostClk.o)
 .debug_abbrev  0x000019a2       0xc5 .\ARM_GCC_493\Debug\USBFS_UART01.a(USBUART_cls.o)
 .debug_abbrev  0x00001a67       0xb4 .\ARM_GCC_493\Debug\USBFS_UART01.a(USBUART_descr.o)
 .debug_abbrev  0x00001b1b      0x13c .\ARM_GCC_493\Debug\USBFS_UART01.a(CyFlash.o)
 .debug_abbrev  0x00001c57      0x16c .\ARM_GCC_493\Debug\USBFS_UART01.a(CySpc.o)

.debug_line     0x00000000     0x308d
 *(.debug_line)
 .debug_line    0x00000000      0x1c7 .\ARM_GCC_493\Debug\main.o
 .debug_line    0x000001c7       0x51 .\ARM_GCC_493\Debug\cymetadata.o
 .debug_line    0x00000218      0x1dc .\ARM_GCC_493\Debug\Cm3Start.o
 .debug_line    0x000003f4      0x1f8 .\ARM_GCC_493\Debug\USBFS_UART01.a(cyfitter_cfg.o)
 .debug_line    0x000005ec      0x326 .\ARM_GCC_493\Debug\USBFS_UART01.a(USBUART.o)
 .debug_line    0x00000912      0x30c .\ARM_GCC_493\Debug\USBFS_UART01.a(USBUART_cdc.o)
 .debug_line    0x00000c1e      0x21a .\ARM_GCC_493\Debug\USBFS_UART01.a(USBUART_drv.o)
 .debug_line    0x00000e38       0xf2 .\ARM_GCC_493\Debug\USBFS_UART01.a(USBUART_episr.o)
 .debug_line    0x00000f2a      0x17e .\ARM_GCC_493\Debug\USBFS_UART01.a(USBUART_hid.o)
 .debug_line    0x000010a8       0xe6 .\ARM_GCC_493\Debug\USBFS_UART01.a(USBUART_pm.o)
 .debug_line    0x0000118e      0x456 .\ARM_GCC_493\Debug\USBFS_UART01.a(USBUART_std.o)
 .debug_line    0x000015e4       0x8f .\ARM_GCC_493\Debug\USBFS_UART01.a(USBUART_vnd.o)
 .debug_line    0x00001673      0x1e1 .\ARM_GCC_493\Debug\USBFS_UART01.a(LCD.o)
 .debug_line    0x00001854       0xbe .\ARM_GCC_493\Debug\USBFS_UART01.a(USBUART_Dp.o)
 .debug_line    0x00001912      0x8af .\ARM_GCC_493\Debug\USBFS_UART01.a(CyLib.o)
 .debug_line    0x000021c1      0x37f .\ARM_GCC_493\Debug\USBFS_UART01.a(cyPm.o)
 .debug_line    0x00002540       0xf0 .\ARM_GCC_493\Debug\USBFS_UART01.a(VDAC8_1.o)
 .debug_line    0x00002630       0xf0 .\ARM_GCC_493\Debug\USBFS_UART01.a(VDAC8_2.o)
 .debug_line    0x00002720       0xf0 .\ARM_GCC_493\Debug\USBFS_UART01.a(VDAC8_3.o)
 .debug_line    0x00002810       0xf0 .\ARM_GCC_493\Debug\USBFS_UART01.a(VDAC8_4.o)
 .debug_line    0x00002900       0x7d .\ARM_GCC_493\Debug\USBFS_UART01.a(CyBootAsmGnu.o)
 .debug_line    0x0000297d      0x1cb .\ARM_GCC_493\Debug\USBFS_UART01.a(CyScBoostClk.o)
 .debug_line    0x00002b48       0x97 .\ARM_GCC_493\Debug\USBFS_UART01.a(USBUART_cls.o)
 .debug_line    0x00002bdf       0x61 .\ARM_GCC_493\Debug\USBFS_UART01.a(USBUART_descr.o)
 .debug_line    0x00002c40      0x218 .\ARM_GCC_493\Debug\USBFS_UART01.a(CyFlash.o)
 .debug_line    0x00002e58      0x235 .\ARM_GCC_493\Debug\USBFS_UART01.a(CySpc.o)

.debug_frame    0x00000000     0x35e0
 *(.debug_frame)
 .debug_frame   0x00000000       0x3c .\ARM_GCC_493\Debug\main.o
 .debug_frame   0x0000003c       0xd8 .\ARM_GCC_493\Debug\Cm3Start.o
 .debug_frame   0x00000114      0x16c .\ARM_GCC_493\Debug\USBFS_UART01.a(cyfitter_cfg.o)
 .debug_frame   0x00000280      0x380 .\ARM_GCC_493\Debug\USBFS_UART01.a(USBUART.o)
 .debug_frame   0x00000600      0x3ec .\ARM_GCC_493\Debug\USBFS_UART01.a(USBUART_cdc.o)
 .debug_frame   0x000009ec      0x23c .\ARM_GCC_493\Debug\USBFS_UART01.a(USBUART_drv.o)
 .debug_frame   0x00000c28       0xbc .\ARM_GCC_493\Debug\USBFS_UART01.a(USBUART_episr.o)
 .debug_frame   0x00000ce4      0x100 .\ARM_GCC_493\Debug\USBFS_UART01.a(USBUART_hid.o)
 .debug_frame   0x00000de4       0xbc .\ARM_GCC_493\Debug\USBFS_UART01.a(USBUART_pm.o)
 .debug_frame   0x00000ea0      0x224 .\ARM_GCC_493\Debug\USBFS_UART01.a(USBUART_std.o)
 .debug_frame   0x000010c4       0x38 .\ARM_GCC_493\Debug\USBFS_UART01.a(USBUART_vnd.o)
 .debug_frame   0x000010fc      0x260 .\ARM_GCC_493\Debug\USBFS_UART01.a(LCD.o)
 .debug_frame   0x0000135c       0xf4 .\ARM_GCC_493\Debug\USBFS_UART01.a(USBUART_Dp.o)
 .debug_frame   0x00001450      0xc34 .\ARM_GCC_493\Debug\USBFS_UART01.a(CyLib.o)
 .debug_frame   0x00002084      0x234 .\ARM_GCC_493\Debug\USBFS_UART01.a(cyPm.o)
 .debug_frame   0x000022b8      0x130 .\ARM_GCC_493\Debug\USBFS_UART01.a(VDAC8_1.o)
 .debug_frame   0x000023e8      0x130 .\ARM_GCC_493\Debug\USBFS_UART01.a(VDAC8_2.o)
 .debug_frame   0x00002518      0x130 .\ARM_GCC_493\Debug\USBFS_UART01.a(VDAC8_3.o)
 .debug_frame   0x00002648      0x130 .\ARM_GCC_493\Debug\USBFS_UART01.a(VDAC8_4.o)
 .debug_frame   0x00002778      0x200 .\ARM_GCC_493\Debug\USBFS_UART01.a(CyScBoostClk.o)
 .debug_frame   0x00002978       0x38 .\ARM_GCC_493\Debug\USBFS_UART01.a(USBUART_cls.o)
 .debug_frame   0x000029b0      0x238 .\ARM_GCC_493\Debug\USBFS_UART01.a(CyFlash.o)
 .debug_frame   0x00002be8      0x1f8 .\ARM_GCC_493\Debug\USBFS_UART01.a(CySpc.o)
 .debug_frame   0x00002de0       0x20 c:/program files (x86)/cypress/psoc creator/4.0/psoc creator/import/gnu/arm/4.9.3/bin/../lib/gcc/arm-none-eabi/4.9.3/../../../../arm-none-eabi/lib/armv7-m\libg_nano.a(lib_a-errno.o)
 .debug_frame   0x00002e00       0x28 c:/program files (x86)/cypress/psoc creator/4.0/psoc creator/import/gnu/arm/4.9.3/bin/../lib/gcc/arm-none-eabi/4.9.3/../../../../arm-none-eabi/lib/armv7-m\libg_nano.a(lib_a-exit.o)
 .debug_frame   0x00002e28       0x2c c:/program files (x86)/cypress/psoc creator/4.0/psoc creator/import/gnu/arm/4.9.3/bin/../lib/gcc/arm-none-eabi/4.9.3/../../../../arm-none-eabi/lib/armv7-m\libg_nano.a(lib_a-init.o)
 .debug_frame   0x00002e54       0x28 c:/program files (x86)/cypress/psoc creator/4.0/psoc creator/import/gnu/arm/4.9.3/bin/../lib/gcc/arm-none-eabi/4.9.3/../../../../arm-none-eabi/lib/armv7-m\libg_nano.a(lib_a-memcpy.o)
 .debug_frame   0x00002e7c       0x20 c:/program files (x86)/cypress/psoc creator/4.0/psoc creator/import/gnu/arm/4.9.3/bin/../lib/gcc/arm-none-eabi/4.9.3/../../../../arm-none-eabi/lib/armv7-m\libg_nano.a(lib_a-memset.o)
 .debug_frame   0x00002e9c       0x8c c:/program files (x86)/cypress/psoc creator/4.0/psoc creator/import/gnu/arm/4.9.3/bin/../lib/gcc/arm-none-eabi/4.9.3/../../../../arm-none-eabi/lib/armv7-m\libg_nano.a(lib_a-nano-vfprintf_float.o)
 .debug_frame   0x00002f28       0x58 c:/program files (x86)/cypress/psoc creator/4.0/psoc creator/import/gnu/arm/4.9.3/bin/../lib/gcc/arm-none-eabi/4.9.3/../../../../arm-none-eabi/lib/armv7-m\libg_nano.a(lib_a-nano-vfprintf_i.o)
 .debug_frame   0x00002f80       0x28 c:/program files (x86)/cypress/psoc creator/4.0/psoc creator/import/gnu/arm/4.9.3/bin/../lib/gcc/arm-none-eabi/4.9.3/../../../../arm-none-eabi/lib/armv7-m\libg_nano.a(lib_a-s_fpclassify.o)
 .debug_frame   0x00002fa8       0x70 c:/program files (x86)/cypress/psoc creator/4.0/psoc creator/import/gnu/arm/4.9.3/bin/../lib/gcc/arm-none-eabi/4.9.3/../../../../arm-none-eabi/lib/armv7-m\libg_nano.a(lib_a-sprintf.o)
 .debug_frame   0x00003018       0x20 c:/program files (x86)/cypress/psoc creator/4.0/psoc creator/import/gnu/arm/4.9.3/bin/../lib/gcc/arm-none-eabi/4.9.3/../../../../arm-none-eabi/lib/armv7-m\libg_nano.a(lib_a-strlen.o)
 .debug_frame   0x00003038       0x6c c:/program files (x86)/cypress/psoc creator/4.0/psoc creator/import/gnu/arm/4.9.3/bin/../lib/gcc/arm-none-eabi/4.9.3/../../../../arm-none-eabi/lib/armv7-m\libg_nano.a(lib_a-dtoa.o)
 .debug_frame   0x000030a4       0x98 c:/program files (x86)/cypress/psoc creator/4.0/psoc creator/import/gnu/arm/4.9.3/bin/../lib/gcc/arm-none-eabi/4.9.3/../../../../arm-none-eabi/lib/armv7-m\libg_nano.a(lib_a-locale.o)
 .debug_frame   0x0000313c       0x30 c:/program files (x86)/cypress/psoc creator/4.0/psoc creator/import/gnu/arm/4.9.3/bin/../lib/gcc/arm-none-eabi/4.9.3/../../../../arm-none-eabi/lib/armv7-m\libg_nano.a(lib_a-malloc.o)
 .debug_frame   0x0000316c       0x28 c:/program files (x86)/cypress/psoc creator/4.0/psoc creator/import/gnu/arm/4.9.3/bin/../lib/gcc/arm-none-eabi/4.9.3/../../../../arm-none-eabi/lib/armv7-m\libg_nano.a(lib_a-memchr.o)
 .debug_frame   0x00003194      0x230 c:/program files (x86)/cypress/psoc creator/4.0/psoc creator/import/gnu/arm/4.9.3/bin/../lib/gcc/arm-none-eabi/4.9.3/../../../../arm-none-eabi/lib/armv7-m\libg_nano.a(lib_a-mprec.o)
 .debug_frame   0x000033c4       0x2c c:/program files (x86)/cypress/psoc creator/4.0/psoc creator/import/gnu/arm/4.9.3/bin/../lib/gcc/arm-none-eabi/4.9.3/../../../../arm-none-eabi/lib/armv7-m\libg_nano.a(lib_a-nano-callocr.o)
 .debug_frame   0x000033f0       0x2c c:/program files (x86)/cypress/psoc creator/4.0/psoc creator/import/gnu/arm/4.9.3/bin/../lib/gcc/arm-none-eabi/4.9.3/../../../../arm-none-eabi/lib/armv7-m\libg_nano.a(lib_a-nano-freer.o)
 .debug_frame   0x0000341c       0x2c c:/program files (x86)/cypress/psoc creator/4.0/psoc creator/import/gnu/arm/4.9.3/bin/../lib/gcc/arm-none-eabi/4.9.3/../../../../arm-none-eabi/lib/armv7-m\libg_nano.a(lib_a-nano-mallocr.o)
 .debug_frame   0x00003448       0x8c c:/program files (x86)/cypress/psoc creator/4.0/psoc creator/import/gnu/arm/4.9.3/bin/../lib/gcc/arm-none-eabi/4.9.3/../../../../arm-none-eabi/lib/armv7-m\libg_nano.a(lib_a-nano-svfprintf.o)
 .debug_frame   0x000034d4       0x2c c:/program files (x86)/cypress/psoc creator/4.0/psoc creator/import/gnu/arm/4.9.3/bin/../lib/gcc/arm-none-eabi/4.9.3/../../../../arm-none-eabi/lib/armv7-m\libg_nano.a(lib_a-sbrkr.o)
 .debug_frame   0x00003500       0x28 c:/program files (x86)/cypress/psoc creator/4.0/psoc creator/import/gnu/arm/4.9.3/bin/../lib/gcc/arm-none-eabi/4.9.3/../../../../arm-none-eabi/lib/armv7-m\libg_nano.a(lib_a-memmove.o)
 .debug_frame   0x00003528       0x3c c:/program files (x86)/cypress/psoc creator/4.0/psoc creator/import/gnu/arm/4.9.3/bin/../lib/gcc/arm-none-eabi/4.9.3/../../../../arm-none-eabi/lib/armv7-m\libg_nano.a(lib_a-nano-reallocr.o)
 .debug_frame   0x00003564       0x5c c:/program files (x86)/cypress/psoc creator/4.0/psoc creator/import/gnu/arm/4.9.3/bin/../lib/gcc/arm-none-eabi/4.9.3/../../../../arm-none-eabi/lib/armv7-m\libg_nano.a(lib_a-reent.o)
 .debug_frame   0x000035c0       0x20 c:/program files (x86)/cypress/psoc creator/4.0/psoc creator/import/gnu/arm/4.9.3/bin/../lib/gcc/arm-none-eabi/4.9.3/../../../../arm-none-eabi/lib/armv7-m\libg_nano.a(lib_a-nano-msizer.o)

.debug_str      0x00000000     0x2bf9
 *(.debug_str)
 .debug_str     0x00000000      0x192 .\ARM_GCC_493\Debug\main.o
                                0x1d3 (size before relaxing)
 .debug_str     0x00000192       0x75 .\ARM_GCC_493\Debug\cymetadata.o
                                0x1e9 (size before relaxing)
 .debug_str     0x00000207      0x136 .\ARM_GCC_493\Debug\Cm3Start.o
                                0x2ca (size before relaxing)
 .debug_str     0x0000033d      0x1c7 .\ARM_GCC_493\Debug\USBFS_UART01.a(cyfitter_cfg.o)
                                0x37e (size before relaxing)
 .debug_str     0x00000504      0x448 .\ARM_GCC_493\Debug\USBFS_UART01.a(USBUART.o)
                                0x5f2 (size before relaxing)
 .debug_str     0x0000094c      0x4d3 .\ARM_GCC_493\Debug\USBFS_UART01.a(USBUART_cdc.o)
                                0x70d (size before relaxing)
 .debug_str     0x00000e1f      0x296 .\ARM_GCC_493\Debug\USBFS_UART01.a(USBUART_drv.o)
                                0x5ed (size before relaxing)
 .debug_str     0x000010b5       0x80 .\ARM_GCC_493\Debug\USBFS_UART01.a(USBUART_episr.o)
                                0x2ba (size before relaxing)
 .debug_str     0x00001135      0x120 .\ARM_GCC_493\Debug\USBFS_UART01.a(USBUART_hid.o)
                                0x388 (size before relaxing)
 .debug_str     0x00001255       0xa0 .\ARM_GCC_493\Debug\USBFS_UART01.a(USBUART_pm.o)
                                0x25e (size before relaxing)
 .debug_str     0x000012f5      0x29a .\ARM_GCC_493\Debug\USBFS_UART01.a(USBUART_std.o)
                                0x74d (size before relaxing)
 .debug_str     0x0000158f       0x5f .\ARM_GCC_493\Debug\USBFS_UART01.a(USBUART_vnd.o)
                                0x26a (size before relaxing)
 .debug_str     0x000015ee      0x16a .\ARM_GCC_493\Debug\USBFS_UART01.a(LCD.o)
                                0x30c (size before relaxing)
 .debug_str     0x00001758       0xbe .\ARM_GCC_493\Debug\USBFS_UART01.a(USBUART_Dp.o)
                                0x240 (size before relaxing)
 .debug_str     0x00001816      0x80d .\ARM_GCC_493\Debug\USBFS_UART01.a(CyLib.o)
                                0xa01 (size before relaxing)
 .debug_str     0x00002023      0x365 .\ARM_GCC_493\Debug\USBFS_UART01.a(cyPm.o)
                                0x52a (size before relaxing)
 .debug_str     0x00002388       0xb7 .\ARM_GCC_493\Debug\USBFS_UART01.a(VDAC8_1.o)
                                0x232 (size before relaxing)
 .debug_str     0x0000243f       0xab .\ARM_GCC_493\Debug\USBFS_UART01.a(VDAC8_2.o)
                                0x232 (size before relaxing)
 .debug_str     0x000024ea       0xab .\ARM_GCC_493\Debug\USBFS_UART01.a(VDAC8_3.o)
                                0x232 (size before relaxing)
 .debug_str     0x00002595       0xab .\ARM_GCC_493\Debug\USBFS_UART01.a(VDAC8_4.o)
                                0x232 (size before relaxing)
 .debug_str     0x00002640      0x1e3 .\ARM_GCC_493\Debug\USBFS_UART01.a(CyScBoostClk.o)
                                0x36e (size before relaxing)
 .debug_str     0x00002823       0x3f .\ARM_GCC_493\Debug\USBFS_UART01.a(USBUART_cls.o)
                                0x282 (size before relaxing)
 .debug_str     0x00002862      0x122 .\ARM_GCC_493\Debug\USBFS_UART01.a(USBUART_descr.o)
                                0x3a3 (size before relaxing)
 .debug_str     0x00002984      0x156 .\ARM_GCC_493\Debug\USBFS_UART01.a(CyFlash.o)
                                0x301 (size before relaxing)
 .debug_str     0x00002ada      0x11f .\ARM_GCC_493\Debug\USBFS_UART01.a(CySpc.o)
                                0x2e6 (size before relaxing)

.debug_loc
 *(.debug_loc)

.debug_macinfo
 *(.debug_macinfo)

.debug_ranges   0x00000000      0xa28
 *(.debug_ranges)
 .debug_ranges  0x00000000       0x10 .\ARM_GCC_493\Debug\main.o
 .debug_ranges  0x00000010       0x38 .\ARM_GCC_493\Debug\Cm3Start.o
 .debug_ranges  0x00000048       0x50 .\ARM_GCC_493\Debug\USBFS_UART01.a(cyfitter_cfg.o)
 .debug_ranges  0x00000098       0xb8 .\ARM_GCC_493\Debug\USBFS_UART01.a(USBUART.o)
 .debug_ranges  0x00000150       0xd8 .\ARM_GCC_493\Debug\USBFS_UART01.a(USBUART_cdc.o)
 .debug_ranges  0x00000228       0x88 .\ARM_GCC_493\Debug\USBFS_UART01.a(USBUART_drv.o)
 .debug_ranges  0x000002b0       0x30 .\ARM_GCC_493\Debug\USBFS_UART01.a(USBUART_episr.o)
 .debug_ranges  0x000002e0       0x38 .\ARM_GCC_493\Debug\USBFS_UART01.a(USBUART_hid.o)
 .debug_ranges  0x00000318       0x30 .\ARM_GCC_493\Debug\USBFS_UART01.a(USBUART_pm.o)
 .debug_ranges  0x00000348       0x70 .\ARM_GCC_493\Debug\USBFS_UART01.a(USBUART_std.o)
 .debug_ranges  0x000003b8       0x10 .\ARM_GCC_493\Debug\USBFS_UART01.a(USBUART_vnd.o)
 .debug_ranges  0x000003c8       0x88 .\ARM_GCC_493\Debug\USBFS_UART01.a(LCD.o)
 .debug_ranges  0x00000450       0x38 .\ARM_GCC_493\Debug\USBFS_UART01.a(USBUART_Dp.o)
 .debug_ranges  0x00000488      0x298 .\ARM_GCC_493\Debug\USBFS_UART01.a(CyLib.o)
 .debug_ranges  0x00000720       0x88 .\ARM_GCC_493\Debug\USBFS_UART01.a(cyPm.o)
 .debug_ranges  0x000007a8       0x48 .\ARM_GCC_493\Debug\USBFS_UART01.a(VDAC8_1.o)
 .debug_ranges  0x000007f0       0x48 .\ARM_GCC_493\Debug\USBFS_UART01.a(VDAC8_2.o)
 .debug_ranges  0x00000838       0x48 .\ARM_GCC_493\Debug\USBFS_UART01.a(VDAC8_3.o)
 .debug_ranges  0x00000880       0x48 .\ARM_GCC_493\Debug\USBFS_UART01.a(VDAC8_4.o)
 .debug_ranges  0x000008c8       0x70 .\ARM_GCC_493\Debug\USBFS_UART01.a(CyScBoostClk.o)
 .debug_ranges  0x00000938       0x10 .\ARM_GCC_493\Debug\USBFS_UART01.a(USBUART_cls.o)
 .debug_ranges  0x00000948       0x78 .\ARM_GCC_493\Debug\USBFS_UART01.a(CyFlash.o)
 .debug_ranges  0x000009c0       0x68 .\ARM_GCC_493\Debug\USBFS_UART01.a(CySpc.o)

.comment        0x00000000       0x70
 .comment       0x00000000       0x70 .\ARM_GCC_493\Debug\main.o
                                 0x71 (size before relaxing)
 .comment       0x00000000       0x71 .\ARM_GCC_493\Debug\cymetadata.o
 .comment       0x00000000       0x71 .\ARM_GCC_493\Debug\Cm3Start.o
 .comment       0x00000000       0x71 .\ARM_GCC_493\Debug\USBFS_UART01.a(cyfitter_cfg.o)
 .comment       0x00000000       0x71 .\ARM_GCC_493\Debug\USBFS_UART01.a(USBUART.o)
 .comment       0x00000000       0x71 .\ARM_GCC_493\Debug\USBFS_UART01.a(USBUART_cdc.o)
 .comment       0x00000000       0x71 .\ARM_GCC_493\Debug\USBFS_UART01.a(USBUART_drv.o)
 .comment       0x00000000       0x71 .\ARM_GCC_493\Debug\USBFS_UART01.a(USBUART_episr.o)
 .comment       0x00000000       0x71 .\ARM_GCC_493\Debug\USBFS_UART01.a(USBUART_hid.o)
 .comment       0x00000000       0x71 .\ARM_GCC_493\Debug\USBFS_UART01.a(USBUART_pm.o)
 .comment       0x00000000       0x71 .\ARM_GCC_493\Debug\USBFS_UART01.a(USBUART_std.o)
 .comment       0x00000000       0x71 .\ARM_GCC_493\Debug\USBFS_UART01.a(USBUART_vnd.o)
 .comment       0x00000000       0x71 .\ARM_GCC_493\Debug\USBFS_UART01.a(LCD.o)
 .comment       0x00000000       0x71 .\ARM_GCC_493\Debug\USBFS_UART01.a(USBUART_Dp.o)
 .comment       0x00000000       0x71 .\ARM_GCC_493\Debug\USBFS_UART01.a(CyLib.o)
 .comment       0x00000000       0x71 .\ARM_GCC_493\Debug\USBFS_UART01.a(cyPm.o)
 .comment       0x00000000       0x71 .\ARM_GCC_493\Debug\USBFS_UART01.a(VDAC8_1.o)
 .comment       0x00000000       0x71 .\ARM_GCC_493\Debug\USBFS_UART01.a(VDAC8_2.o)
 .comment       0x00000000       0x71 .\ARM_GCC_493\Debug\USBFS_UART01.a(VDAC8_3.o)
 .comment       0x00000000       0x71 .\ARM_GCC_493\Debug\USBFS_UART01.a(VDAC8_4.o)
 .comment       0x00000000       0x71 .\ARM_GCC_493\Debug\USBFS_UART01.a(CyScBoostClk.o)
 .comment       0x00000000       0x71 .\ARM_GCC_493\Debug\USBFS_UART01.a(USBUART_cls.o)
 .comment       0x00000000       0x71 .\ARM_GCC_493\Debug\USBFS_UART01.a(USBUART_descr.o)
 .comment       0x00000000       0x71 .\ARM_GCC_493\Debug\USBFS_UART01.a(CyFlash.o)
 .comment       0x00000000       0x71 .\ARM_GCC_493\Debug\USBFS_UART01.a(CySpc.o)

.debug_weaknames
 *(.debug_weaknames)

.debug_funcnames
 *(.debug_funcnames)

.debug_typenames
 *(.debug_typenames)

.debug_varnames
 *(.debug_varnames)

.note.gnu.arm.ident
 *(.note.gnu.arm.ident)

.ARM.attributes
                0x00000000       0x29
 *(.ARM.attributes)
 .ARM.attributes
                0x00000000       0x1d c:/program files (x86)/cypress/psoc creator/4.0/psoc creator/import/gnu/arm/4.9.3/bin/../lib/gcc/arm-none-eabi/4.9.3/armv7-m/crti.o
 .ARM.attributes
                0x0000001d       0x2d c:/program files (x86)/cypress/psoc creator/4.0/psoc creator/import/gnu/arm/4.9.3/bin/../lib/gcc/arm-none-eabi/4.9.3/armv7-m/crtbegin.o
 .ARM.attributes
                0x0000004a       0x1b c:/program files (x86)/cypress/psoc creator/4.0/psoc creator/import/gnu/arm/4.9.3/bin/../lib/gcc/arm-none-eabi/4.9.3/../../../../arm-none-eabi/lib/armv7-m/crt0.o
 .ARM.attributes
                0x00000065       0x33 .\ARM_GCC_493\Debug\main.o
 .ARM.attributes
                0x00000098       0x33 .\ARM_GCC_493\Debug\cymetadata.o
 .ARM.attributes
                0x000000cb       0x33 .\ARM_GCC_493\Debug\Cm3Start.o
 .ARM.attributes
                0x000000fe       0x33 .\ARM_GCC_493\Debug\USBFS_UART01.a(cyfitter_cfg.o)
 .ARM.attributes
                0x00000131       0x33 .\ARM_GCC_493\Debug\USBFS_UART01.a(USBUART.o)
 .ARM.attributes
                0x00000164       0x33 .\ARM_GCC_493\Debug\USBFS_UART01.a(USBUART_cdc.o)
 .ARM.attributes
                0x00000197       0x33 .\ARM_GCC_493\Debug\USBFS_UART01.a(USBUART_drv.o)
 .ARM.attributes
                0x000001ca       0x33 .\ARM_GCC_493\Debug\USBFS_UART01.a(USBUART_episr.o)
 .ARM.attributes
                0x000001fd       0x33 .\ARM_GCC_493\Debug\USBFS_UART01.a(USBUART_hid.o)
 .ARM.attributes
                0x00000230       0x33 .\ARM_GCC_493\Debug\USBFS_UART01.a(USBUART_pm.o)
 .ARM.attributes
                0x00000263       0x33 .\ARM_GCC_493\Debug\USBFS_UART01.a(USBUART_std.o)
 .ARM.attributes
                0x00000296       0x33 .\ARM_GCC_493\Debug\USBFS_UART01.a(USBUART_vnd.o)
 .ARM.attributes
                0x000002c9       0x33 .\ARM_GCC_493\Debug\USBFS_UART01.a(LCD.o)
 .ARM.attributes
                0x000002fc       0x33 .\ARM_GCC_493\Debug\USBFS_UART01.a(USBUART_Dp.o)
 .ARM.attributes
                0x0000032f       0x33 .\ARM_GCC_493\Debug\USBFS_UART01.a(CyLib.o)
 .ARM.attributes
                0x00000362       0x33 .\ARM_GCC_493\Debug\USBFS_UART01.a(cyPm.o)
 .ARM.attributes
                0x00000395       0x33 .\ARM_GCC_493\Debug\USBFS_UART01.a(VDAC8_1.o)
 .ARM.attributes
                0x000003c8       0x33 .\ARM_GCC_493\Debug\USBFS_UART01.a(VDAC8_2.o)
 .ARM.attributes
                0x000003fb       0x33 .\ARM_GCC_493\Debug\USBFS_UART01.a(VDAC8_3.o)
 .ARM.attributes
                0x0000042e       0x33 .\ARM_GCC_493\Debug\USBFS_UART01.a(VDAC8_4.o)
 .ARM.attributes
                0x00000461       0x21 .\ARM_GCC_493\Debug\USBFS_UART01.a(CyBootAsmGnu.o)
 .ARM.attributes
                0x00000482       0x33 .\ARM_GCC_493\Debug\USBFS_UART01.a(CyScBoostClk.o)
 .ARM.attributes
                0x000004b5       0x33 .\ARM_GCC_493\Debug\USBFS_UART01.a(USBUART_cls.o)
 .ARM.attributes
                0x000004e8       0x33 .\ARM_GCC_493\Debug\USBFS_UART01.a(USBUART_descr.o)
 .ARM.attributes
                0x0000051b       0x33 .\ARM_GCC_493\Debug\USBFS_UART01.a(CyFlash.o)
 .ARM.attributes
                0x0000054e       0x33 .\ARM_GCC_493\Debug\USBFS_UART01.a(CySpc.o)
 .ARM.attributes
                0x00000581       0x2d c:/program files (x86)/cypress/psoc creator/4.0/psoc creator/import/gnu/arm/4.9.3/bin/../lib/gcc/arm-none-eabi/4.9.3/../../../../arm-none-eabi/lib/armv7-m\libg_nano.a(lib_a-errno.o)
 .ARM.attributes
                0x000005ae       0x2d c:/program files (x86)/cypress/psoc creator/4.0/psoc creator/import/gnu/arm/4.9.3/bin/../lib/gcc/arm-none-eabi/4.9.3/../../../../arm-none-eabi/lib/armv7-m\libg_nano.a(lib_a-exit.o)
 .ARM.attributes
                0x000005db       0x2d c:/program files (x86)/cypress/psoc creator/4.0/psoc creator/import/gnu/arm/4.9.3/bin/../lib/gcc/arm-none-eabi/4.9.3/../../../../arm-none-eabi/lib/armv7-m\libg_nano.a(lib_a-impure.o)
 .ARM.attributes
                0x00000608       0x2d c:/program files (x86)/cypress/psoc creator/4.0/psoc creator/import/gnu/arm/4.9.3/bin/../lib/gcc/arm-none-eabi/4.9.3/../../../../arm-none-eabi/lib/armv7-m\libg_nano.a(lib_a-init.o)
 .ARM.attributes
                0x00000635       0x2d c:/program files (x86)/cypress/psoc creator/4.0/psoc creator/import/gnu/arm/4.9.3/bin/../lib/gcc/arm-none-eabi/4.9.3/../../../../arm-none-eabi/lib/armv7-m\libg_nano.a(lib_a-memcpy.o)
 .ARM.attributes
                0x00000662       0x2d c:/program files (x86)/cypress/psoc creator/4.0/psoc creator/import/gnu/arm/4.9.3/bin/../lib/gcc/arm-none-eabi/4.9.3/../../../../arm-none-eabi/lib/armv7-m\libg_nano.a(lib_a-memset.o)
 .ARM.attributes
                0x0000068f       0x2d c:/program files (x86)/cypress/psoc creator/4.0/psoc creator/import/gnu/arm/4.9.3/bin/../lib/gcc/arm-none-eabi/4.9.3/../../../../arm-none-eabi/lib/armv7-m\libg_nano.a(lib_a-nano-vfprintf_float.o)
 .ARM.attributes
                0x000006bc       0x2d c:/program files (x86)/cypress/psoc creator/4.0/psoc creator/import/gnu/arm/4.9.3/bin/../lib/gcc/arm-none-eabi/4.9.3/../../../../arm-none-eabi/lib/armv7-m\libg_nano.a(lib_a-nano-vfprintf_i.o)
 .ARM.attributes
                0x000006e9       0x2d c:/program files (x86)/cypress/psoc creator/4.0/psoc creator/import/gnu/arm/4.9.3/bin/../lib/gcc/arm-none-eabi/4.9.3/../../../../arm-none-eabi/lib/armv7-m\libg_nano.a(lib_a-s_fpclassify.o)
 .ARM.attributes
                0x00000716       0x2d c:/program files (x86)/cypress/psoc creator/4.0/psoc creator/import/gnu/arm/4.9.3/bin/../lib/gcc/arm-none-eabi/4.9.3/../../../../arm-none-eabi/lib/armv7-m\libg_nano.a(lib_a-sprintf.o)
 .ARM.attributes
                0x00000743       0x2d c:/program files (x86)/cypress/psoc creator/4.0/psoc creator/import/gnu/arm/4.9.3/bin/../lib/gcc/arm-none-eabi/4.9.3/../../../../arm-none-eabi/lib/armv7-m\libg_nano.a(lib_a-strlen.o)
 .ARM.attributes
                0x00000770       0x2d c:/program files (x86)/cypress/psoc creator/4.0/psoc creator/import/gnu/arm/4.9.3/bin/../lib/gcc/arm-none-eabi/4.9.3/../../../../arm-none-eabi/lib/armv7-m\libg_nano.a(lib_a-dtoa.o)
 .ARM.attributes
                0x0000079d       0x2d c:/program files (x86)/cypress/psoc creator/4.0/psoc creator/import/gnu/arm/4.9.3/bin/../lib/gcc/arm-none-eabi/4.9.3/../../../../arm-none-eabi/lib/armv7-m\libg_nano.a(lib_a-locale.o)
 .ARM.attributes
                0x000007ca       0x2d c:/program files (x86)/cypress/psoc creator/4.0/psoc creator/import/gnu/arm/4.9.3/bin/../lib/gcc/arm-none-eabi/4.9.3/../../../../arm-none-eabi/lib/armv7-m\libg_nano.a(lib_a-malloc.o)
 .ARM.attributes
                0x000007f7       0x2d c:/program files (x86)/cypress/psoc creator/4.0/psoc creator/import/gnu/arm/4.9.3/bin/../lib/gcc/arm-none-eabi/4.9.3/../../../../arm-none-eabi/lib/armv7-m\libg_nano.a(lib_a-memchr.o)
 .ARM.attributes
                0x00000824       0x2d c:/program files (x86)/cypress/psoc creator/4.0/psoc creator/import/gnu/arm/4.9.3/bin/../lib/gcc/arm-none-eabi/4.9.3/../../../../arm-none-eabi/lib/armv7-m\libg_nano.a(lib_a-mprec.o)
 .ARM.attributes
                0x00000851       0x2d c:/program files (x86)/cypress/psoc creator/4.0/psoc creator/import/gnu/arm/4.9.3/bin/../lib/gcc/arm-none-eabi/4.9.3/../../../../arm-none-eabi/lib/armv7-m\libg_nano.a(lib_a-nano-callocr.o)
 .ARM.attributes
                0x0000087e       0x2d c:/program files (x86)/cypress/psoc creator/4.0/psoc creator/import/gnu/arm/4.9.3/bin/../lib/gcc/arm-none-eabi/4.9.3/../../../../arm-none-eabi/lib/armv7-m\libg_nano.a(lib_a-nano-freer.o)
 .ARM.attributes
                0x000008ab       0x2d c:/program files (x86)/cypress/psoc creator/4.0/psoc creator/import/gnu/arm/4.9.3/bin/../lib/gcc/arm-none-eabi/4.9.3/../../../../arm-none-eabi/lib/armv7-m\libg_nano.a(lib_a-nano-mallocr.o)
 .ARM.attributes
                0x000008d8       0x2d c:/program files (x86)/cypress/psoc creator/4.0/psoc creator/import/gnu/arm/4.9.3/bin/../lib/gcc/arm-none-eabi/4.9.3/../../../../arm-none-eabi/lib/armv7-m\libg_nano.a(lib_a-nano-svfprintf.o)
 .ARM.attributes
                0x00000905       0x2d c:/program files (x86)/cypress/psoc creator/4.0/psoc creator/import/gnu/arm/4.9.3/bin/../lib/gcc/arm-none-eabi/4.9.3/../../../../arm-none-eabi/lib/armv7-m\libg_nano.a(lib_a-sbrkr.o)
 .ARM.attributes
                0x00000932       0x1b c:/program files (x86)/cypress/psoc creator/4.0/psoc creator/import/gnu/arm/4.9.3/bin/../lib/gcc/arm-none-eabi/4.9.3/../../../../arm-none-eabi/lib/armv7-m\libg_nano.a(lib_a-strcmp.o)
 .ARM.attributes
                0x0000094d       0x2d c:/program files (x86)/cypress/psoc creator/4.0/psoc creator/import/gnu/arm/4.9.3/bin/../lib/gcc/arm-none-eabi/4.9.3/../../../../arm-none-eabi/lib/armv7-m\libg_nano.a(lib_a-memmove.o)
 .ARM.attributes
                0x0000097a       0x2d c:/program files (x86)/cypress/psoc creator/4.0/psoc creator/import/gnu/arm/4.9.3/bin/../lib/gcc/arm-none-eabi/4.9.3/../../../../arm-none-eabi/lib/armv7-m\libg_nano.a(lib_a-nano-reallocr.o)
 .ARM.attributes
                0x000009a7       0x2d c:/program files (x86)/cypress/psoc creator/4.0/psoc creator/import/gnu/arm/4.9.3/bin/../lib/gcc/arm-none-eabi/4.9.3/../../../../arm-none-eabi/lib/armv7-m\libg_nano.a(lib_a-reent.o)
 .ARM.attributes
                0x000009d4       0x2d c:/program files (x86)/cypress/psoc creator/4.0/psoc creator/import/gnu/arm/4.9.3/bin/../lib/gcc/arm-none-eabi/4.9.3/../../../../arm-none-eabi/lib/armv7-m\libg_nano.a(lib_a-nano-msizer.o)
 .ARM.attributes
                0x00000a01       0x1d c:/program files (x86)/cypress/psoc creator/4.0/psoc creator/import/gnu/arm/4.9.3/bin/../lib/gcc/arm-none-eabi/4.9.3/armv7-m\libgcc.a(_arm_addsubdf3.o)
 .ARM.attributes
                0x00000a1e       0x1d c:/program files (x86)/cypress/psoc creator/4.0/psoc creator/import/gnu/arm/4.9.3/bin/../lib/gcc/arm-none-eabi/4.9.3/armv7-m\libgcc.a(_arm_muldivdf3.o)
 .ARM.attributes
                0x00000a3b       0x1d c:/program files (x86)/cypress/psoc creator/4.0/psoc creator/import/gnu/arm/4.9.3/bin/../lib/gcc/arm-none-eabi/4.9.3/armv7-m\libgcc.a(_arm_cmpdf2.o)
 .ARM.attributes
                0x00000a58       0x1d c:/program files (x86)/cypress/psoc creator/4.0/psoc creator/import/gnu/arm/4.9.3/bin/../lib/gcc/arm-none-eabi/4.9.3/armv7-m\libgcc.a(_arm_fixdfsi.o)
 .ARM.attributes
                0x00000a75       0x2d c:/program files (x86)/cypress/psoc creator/4.0/psoc creator/import/gnu/arm/4.9.3/bin/../lib/gcc/arm-none-eabi/4.9.3/armv7-m/crtend.o
 .ARM.attributes
                0x00000aa2       0x1d c:/program files (x86)/cypress/psoc creator/4.0/psoc creator/import/gnu/arm/4.9.3/bin/../lib/gcc/arm-none-eabi/4.9.3/armv7-m/crtn.o

/DISCARD/
 *(.note.GNU-stack)